06-28 16:20:02.022   794   794 I PackageManager: /system/app/ExactCalculator changed; collecting certs
06-28 16:20:02.039   794   794 I PackageManager: /system/app/ExtShared changed; collecting certs
06-28 16:20:02.054   794   794 I PackageManager: /system/app/Email changed; collecting certs
06-28 16:20:02.088   794   794 I PackageManager: /system/app/HTMLViewer changed; collecting certs
06-28 16:20:02.102   794   794 I PackageManager: /system/app/Gallery2 changed; collecting certs
06-28 16:20:02.145   794   794 I PackageManager: /system/app/KeyChain changed; collecting certs
06-28 16:20:02.154   794   794 E PackageManager: Adding duplicate shared id: 1000 name=com.android.keychain
06-28 16:20:02.163   794   794 I PackageManager: /system/app/LiveWallpapersPicker changed; collecting certs
06-28 16:20:02.184   794   794 I PackageManager: /system/app/LatinIME changed; collecting certs
06-28 16:20:02.304   794   794 I PackageManager: /system/app/Music changed; collecting certs
06-28 16:20:02.323   794   794 I PackageManager: /system/app/NfcNci changed; collecting certs
06-28 16:20:02.332   794   794 E PackageManager: Adding duplicate shared id: 1027 name=com.android.nfc
06-28 16:20:02.345   794   794 I PackageManager: /system/app/OpenWnn changed; collecting certs
06-28 16:20:02.369   794   794 I PackageManager: /system/app/PacProcessor changed; collecting certs
06-28 16:20:02.385   794   794 I PackageManager: /system/app/PrintRecommendationService changed; collecting certs
06-28 16:20:02.400   794   794 I PackageManager: /system/app/PicoTts changed; collecting certs
06-28 16:20:02.415   794   794 I PackageManager: /system/app/PhotoTable changed; collecting certs
06-28 16:20:02.431   794   794 I PackageManager: /system/app/PrintSpooler changed; collecting certs
06-28 16:20:02.457   794   794 I PackageManager: /system/app/QuickSearchBox changed; collecting certs
06-28 16:20:02.478   794   794 I PackageManager: /system/app/UserDictionaryProvider changed; collecting certs
06-28 16:20:02.486   794   794 E PackageManager: Adding duplicate user id: 10003 name=com.android.providers.userdictionary
06-28 16:20:02.494   794   794 I PackageManager: /system/app/WAPPushManager changed; collecting certs
06-28 16:20:02.509   794   794 I PackageManager: /system/app/WallpaperBackup changed; collecting certs
06-28 16:20:02.517   794   794 E PackageManager: Adding duplicate shared id: 1000 name=com.android.wallpaperbackup
06-28 16:20:02.524   794   794 I PackageManager: /system/app/WallpaperPicker changed; collecting certs
06-28 16:20:02.538   794   794 I PackageManager: /system/app/messaging changed; collecting certs
06-28 16:20:02.599   794   794 I PackageManager: /system/app/webview changed; collecting certs
06-28 16:20:03.218   794   794 I PackageManager: /vendor/app/ims changed; collecting certs
06-28 16:20:03.228   794   794 E PackageManager: Adding duplicate shared id: 1001 name=org.codeaurora.ims
06-28 16:20:03.230   794   794 W PackageManager: Failed to scan /vendor/app/ims: Signature mismatch for shared user: SharedUserSetting{ad31c29 android.uid.phone/1001}
06-28 16:20:03.231   794   794 I PackageManager: /vendor/app/datastatusnotification changed; collecting certs
06-28 16:20:03.239   794   794 E PackageManager: Adding duplicate shared id: 1001 name=com.qti.qualcomm.datastatusnotification
06-28 16:20:03.243   794   794 W PackageManager: Failed to scan /vendor/app/datastatusnotification: Signature mismatch for shared user: SharedUserSetting{ad31c29 android.uid.phone/1001}
06-28 16:20:03.245   794   794 I PackageManager: Finished scanning system apps. Time: 3061 ms, packageCount: 83 , timePerPackage: 36 , cached: 0
06-28 16:20:03.245   794   794 I PackageManager: Finished scanning non-system apps. Time: 1 ms, packageCount: 0 , timePerPackage: 0 , cached: 0
06-28 16:20:03.256   794   794 I PackageManager: Time to scan packages: 3.072 seconds
06-28 16:20:03.270   794   794 V PackageManager: reconcileAppsData for null u0 0x3 migrateAppData=true
06-28 16:20:03.604   794   794 V PackageManager: reconcileAppsData finished 18 packages
06-28 16:20:03.865   794   794 I SystemServer: StartOtaDexOptService
06-28 16:20:03.880   794   794 D OTADexopt: No upgrade, skipping A/B artifacts check.
06-28 16:20:03.880   794   794 I SystemServer: StartUserManagerService
06-28 16:20:03.881   794   794 I SystemServiceManager: Starting com.android.server.pm.UserManagerService$LifeCycle
06-28 16:20:03.883   794   794 I SystemServer: InitAttributerCache
06-28 16:20:03.883   794   794 I SystemServer: SetSystemProcess
06-28 16:20:03.915   794   794 I SystemServer: StartOverlayManagerService
06-28 16:20:03.919   794   794 I SystemServer: StartDropBoxManager
06-28 16:20:03.920   794   794 I SystemServiceManager: Starting com.android.server.DropBoxManagerService
06-28 16:20:03.929   794   794 I SystemServer: StartBatteryService
06-28 16:20:03.929   794   794 I SystemServiceManager: Starting com.android.server.BatteryService
06-28 16:20:03.938   794   794 I SystemServer: StartUsageService
06-28 16:20:03.943   794   878 E KernelCpuSpeedReader: Failed to read cpu-freq: /sys/devices/system/cpu/cpu4/cpufreq/stats/time_in_state (No such file or directory)
06-28 16:20:03.952   794   794 I SystemServiceManager: Starting com.android.server.usage.UsageStatsService
06-28 16:20:03.967   794   878 W ProcessCpuTracker: Skipping unknown process pid 1301
06-28 16:20:03.980   794   794 I SystemServer: StartWebViewUpdateService
06-28 16:20:03.982   794   794 I SystemServiceManager: Starting com.android.server.webkit.WebViewUpdateService
06-28 16:20:03.995   794   876 I SystemServer: SecondaryZygotePreload
06-28 16:20:03.995   794   794 I SystemServer: StartKeyAttestationApplicationIdProviderService
06-28 16:20:03.998   794   794 I SystemServer: StartKeyChainSystemService
06-28 16:20:03.998   794   794 I SystemServiceManager: Starting com.android.server.security.KeyChainSystemService
06-28 16:20:03.999   794   794 I SystemServer: StartSchedulingPolicyService
06-28 16:20:04.001   794   794 I SystemServer: StartTelecomLoaderService
06-28 16:20:04.001   794   794 I SystemServiceManager: Starting com.android.server.telecom.TelecomLoaderService
06-28 16:20:04.002   794   794 I SystemServer: StartTelephonyRegistry
06-28 16:20:04.007   794   794 I SystemServer: StartEntropyMixer
06-28 16:20:04.009   794   794 W EntropyMixer: No existing entropy file -- first boot?
06-28 16:20:04.012   794   794 I EntropyMixer: Added HW RNG output to entropy pool
06-28 16:20:04.012   794   794 I EntropyMixer: Writing entropy...
06-28 16:20:04.026   794   794 I SystemServer: StartAccountManagerService
06-28 16:20:04.027   794   794 I SystemServiceManager: Starting com.android.server.accounts.AccountManagerService$Lifecycle
06-28 16:20:04.040   794   794 I SystemServer: StartContentService
06-28 16:20:04.048   794   794 I SystemServiceManager: Starting com.android.server.content.ContentService$Lifecycle
06-28 16:20:04.050   794   794 I SystemServer: InstallSystemProviders
06-28 16:20:04.196   794   794 I SettingsState: No settings state /data/system/users/0/settings_system.xml
06-28 16:20:04.208   794   794 I SettingsState: No settings state /data/system/users/0/settings_secure.xml
06-28 16:20:04.211   794   794 D SettingsProvider: Generated and saved new ANDROID_ID [923f232301df628c] for user 0
06-28 16:20:04.226   794   794 I SettingsState: No settings state /data/system/users/0/settings_global.xml
06-28 16:20:04.248   794   794 D SettingsProvider: Setting [] as Autofill Service for user 0
06-28 16:20:04.330   794   794 I SettingsState: No settings state /data/system/users/0/settings_ssaid.xml
06-28 16:20:04.343   794   794 I SystemServer: StartVibratorService
06-28 16:20:04.375   794   794 I SystemServer: StartConsumerIrService
06-28 16:20:04.379   794   794 I SystemServer: StartAlarmManagerService
06-28 16:20:04.379   794   794 I SystemServiceManager: Starting com.android.server.AlarmManagerService
06-28 16:20:04.391   794   794 I SystemServer: InitWatchdog
06-28 16:20:04.392   794   794 I SystemServer: StartInputManagerService
06-28 16:20:04.393   794   794 I InputManager: Initializing input manager, mUseDevInputEventForAudioJack=true
06-28 16:20:04.395   794   794 I SystemServer: StartWindowManagerService
06-28 16:20:04.417   794   887 I WindowManager: No existing display settings /data/system/display_settings.xml; starting empty
06-28 16:20:04.474   794   794 I SystemServer: StartVrManagerService
06-28 16:20:04.474   794   794 I SystemServiceManager: Starting com.android.server.vr.VrManagerService
06-28 16:20:04.494   794   794 I SystemServer: SetWindowManagerService
06-28 16:20:04.500   794   794 I SystemServer: StartInputManager
06-28 16:20:04.500   794   794 I InputManager: Starting input manager
06-28 16:20:04.505   794   794 I SystemServer: DisplayManagerWindowManagerAndInputReady
06-28 16:20:04.505   794   794 I SystemServer: StartBluetoothService
06-28 16:20:04.506   794   794 I SystemServiceManager: Starting com.android.server.BluetoothService
06-28 16:20:04.512   794   794 D BluetoothManagerService: Loading stored name and address
06-28 16:20:04.512   794   794 D BluetoothManagerService: Stored bluetooth Name=null,Address=null
06-28 16:20:04.512   794   794 D BluetoothManagerService: Bluetooth persisted state: 1
06-28 16:20:04.512   794   794 D BluetoothManagerService: Startup: Bluetooth persisted state is ON.
06-28 16:20:04.513   794   794 I SystemServer: IpConnectivityMetrics
06-28 16:20:04.513   794   794 I SystemServiceManager: Starting com.android.server.connectivity.IpConnectivityMetrics
06-28 16:20:04.516   794   794 I SystemServer: PinnerService
06-28 16:20:04.516   794   794 I SystemServiceManager: Starting com.android.server.PinnerService
06-28 16:20:04.519   794   794 I SystemServer: StartInputMethodManagerLifecycle
06-28 16:20:04.519   794   794 I SystemServiceManager: Starting com.android.server.InputMethodManagerService$Lifecycle
06-28 16:20:04.542   794   794 I SystemServer: StartAccessibilityManagerService
06-28 16:20:04.559   794   794 I SystemServer: MakeDisplayReady
06-28 16:20:04.563   794   794 I ActivityManager: Config changes=5df8 {1.0 ?mcc?mnc [en_US] ldltr sw411dp w411dp h731dp 420dpi nrml long port ?uimode ?night -touch -keyb/h/h -nav/h appBounds=Rect(0, 0 - 1080, 1920) s.2}
06-28 16:20:04.587   794   794 I ActivityManager: Override config changes=40007dfc {1.0 ?mcc?mnc [en_US] ldltr sw411dp w411dp h731dp 420dpi nrml long port ?uimode ?night -touch -keyb/h/h -nav/h appBounds=Rect(0, 0 - 1080, 1920) s.2} for displayId=0
06-28 16:20:04.590   794   794 W LocalDisplayAdapter: Unable to find color mode 0, ignoring request.
06-28 16:20:04.605   794   794 I ActivityManager: Config changes=508 {1.0 ?mcc?mnc [en_US] ldltr sw411dp w411dp h659dp 420dpi nrml port ?uimode ?night finger -keyb/h/h -nav/h appBounds=Rect(0, 0 - 1080, 1794) s.3}
06-28 16:20:04.616   794   794 I ActivityManager: Override config changes=508 {1.0 ?mcc?mnc [en_US] ldltr sw411dp w411dp h659dp 420dpi nrml port ?uimode ?night finger -keyb/h/h -nav/h appBounds=Rect(0, 0 - 1080, 1794) s.3} for displayId=0
06-28 16:20:04.619   794   794 W LocalDisplayAdapter: Unable to find color mode 0, ignoring request.
06-28 16:20:04.620   794   794 I SystemServer: StartStorageManagerService
06-28 16:20:04.621   794   794 I SystemServiceManager: Starting com.android.server.StorageManagerService$Lifecycle
06-28 16:20:04.639   794   794 I SystemServer: StartStorageStatsService
06-28 16:20:04.639   794   794 I SystemServiceManager: Starting com.android.server.usage.StorageStatsService$Lifecycle
06-28 16:20:04.643   794  1476 D StorageManagerService: Thinking about init, mSystemReady=false, mDaemonConnected=true
06-28 16:20:04.643   794  1476 D StorageManagerService: Thinking about reset, mSystemReady=false, mDaemonConnected=true
06-28 16:20:04.645   794   794 I SystemServer: StartUiModeManager
06-28 16:20:04.645   794   794 I SystemServiceManager: Starting com.android.server.UiModeManagerService
06-28 16:20:04.649   794   794 I SystemServer: UpdatePackagesIfNeeded
06-28 16:20:04.652   794  1476 D StorageManagerService: Thinking about init, mSystemReady=false, mDaemonConnected=true
06-28 16:20:04.652   794  1476 D StorageManagerService: Thinking about reset, mSystemReady=false, mDaemonConnected=true
06-28 16:20:04.654   794  1476 W StorageManagerService: No primary storage mounted!
06-28 16:20:04.655   794  1476 D VoldConnector: SND -> {1 asec list}
06-28 16:20:04.666   794  1299 I ActivityManager: Config changes=200 {1.0 ?mcc?mnc [en_US] ldltr sw411dp w411dp h659dp 420dpi nrml port finger -keyb/h/h -nav/h appBounds=Rect(0, 0 - 1080, 1794) s.4}
06-28 16:20:04.679   794  1299 I ActivityManager: Override config changes=200 {1.0 ?mcc?mnc [en_US] ldltr sw411dp w411dp h659dp 420dpi nrml port finger -keyb/h/h -nav/h appBounds=Rect(0, 0 - 1080, 1794) s.4} for displayId=0
06-28 16:20:04.681   794  1479 D VoldConnector: RCV <- {200 1 asec operation succeeded}
06-28 16:20:04.693   794   877 I UsageStatsDatabase: Upgrading from version 0 to 3
06-28 16:20:04.693   794   877 I UsageStatsDatabase: Deleting all usage stats files
06-28 16:20:04.695   794   877 I UsageStatsService: User[0] Rollover scheduled @ 1970-06-29 08:20:04(15495604655)
06-28 16:20:04.695   794   877 D UsageStatsService: Initializing defaults for system apps on user 0
06-28 16:20:04.910   794  1476 W StorageManagerService: No primary storage mounted!
06-28 16:20:04.910   794  1476 D VoldConnector: SND -> {2 asec list}
06-28 16:20:04.911   794  1479 D VoldConnector: RCV <- {200 2 asec operation succeeded}
06-28 16:20:04.916   794   877 E AppIdleHistory: Unable to read app idle file for user 0
06-28 16:20:05.375   794  1271 I PackageManager: Deferred reconcileAppsData finished 65 packages
06-28 16:20:06.046   794   794 I SystemServer: PerformFstrimIfNeeded
06-28 16:20:06.047   794   794 W PackageManager: No disk maintenance in 15409206046; running immediately
06-28 16:20:06.047   794   794 I SystemServer: StartLockSettingsService
06-28 16:20:06.047   794  1476 I StorageManagerService: Running fstrim idle maintenance
06-28 16:20:06.047   794   794 I SystemServiceManager: Starting com.android.server.locksettings.LockSettingsService$Lifecycle
06-28 16:20:06.057   794   794 I SystemServer: StartPersistentDataBlock
06-28 16:20:06.057   794   794 I SystemServiceManager: Starting com.android.server.PersistentDataBlockService
06-28 16:20:06.058   794   794 I SystemServer: StartOemLockService
06-28 16:20:06.059   794   794 I SystemServiceManager: Starting com.android.server.oemlock.OemLockService
06-28 16:20:06.059   794  1300 E PersistentDataBlockService: not able to find package 
06-28 16:20:06.059   794  1300 E PersistentDataBlockService: android.content.pm.PackageManager$NameNotFoundException: 
06-28 16:20:06.059   794  1300 E PersistentDataBlockService: 	at android.app.ApplicationPackageManager.getPackageUidAsUser(ApplicationPackageManager.java:282)
06-28 16:20:06.059   794  1300 E PersistentDataBlockService: 	at com.android.server.PersistentDataBlockService.getAllowedUid(PersistentDataBlockService.java:112)
06-28 16:20:06.059   794  1300 E PersistentDataBlockService: 	at com.android.server.PersistentDataBlockService.lambda$-com_android_server_PersistentDataBlockService_5033(PersistentDataBlockService.java:125)
06-28 16:20:06.059   794  1300 E PersistentDataBlockService: 	at com.android.server.-$Lambda$VaVGUZuNs2jqHMhhxPzwNl4zK-M.$m$3(Unknown Source:4)
06-28 16:20:06.059   794  1300 E PersistentDataBlockService: 	at com.android.server.-$Lambda$VaVGUZuNs2jqHMhhxPzwNl4zK-M.run(Unknown Source:23)
06-28 16:20:06.059   794  1300 E PersistentDataBlockService: 	at java.util.concurrent.Executors$RunnableAdapter.call(Executors.java:457)
06-28 16:20:06.059   794  1300 E PersistentDataBlockService: 	at java.util.concurrent.FutureTask.run(FutureTask.java:266)
06-28 16:20:06.059   794  1300 E PersistentDataBlockService: 	at java.util.concurrent.ThreadPoolExecutor.runWorker(ThreadPoolExecutor.java:1162)
06-28 16:20:06.059   794  1300 E PersistentDataBlockService: 	at java.util.concurrent.ThreadPoolExecutor$Worker.run(ThreadPoolExecutor.java:636)
06-28 16:20:06.059   794  1300 E PersistentDataBlockService: 	at com.android.internal.util.ConcurrentUtils$1$1.run(ConcurrentUtils.java:59)
06-28 16:20:06.061   794   794 I OemLock : OemLock HAL not present on device
06-28 16:20:06.061   794   794 I OemLock : Using persistent data block based lock
06-28 16:20:06.063   794   794 I SystemServer: StartDeviceIdleController
06-28 16:20:06.064   794   794 I SystemServiceManager: Starting com.android.server.DeviceIdleController
06-28 16:20:06.069   794   794 I SystemServer: StartDevicePolicyManager
06-28 16:20:06.069   794   794 I SystemServiceManager: Starting com.android.server.devicepolicy.DevicePolicyManagerService$Lifecycle
06-28 16:20:06.079   794   794 I SystemServer: StartStatusBarManagerService
06-28 16:20:06.081   794   794 I SystemServer: StartClipboardService
06-28 16:20:06.082   794   794 I SystemServiceManager: Starting com.android.server.clipboard.ClipboardService
06-28 16:20:06.084   794   794 I SystemServer: StartNetworkManagementService
06-28 16:20:06.089   794  1952 I NetworkManagement: onDaemonConnected()
06-28 16:20:06.092   794   794 I SystemServer: StartTextServicesManager
06-28 16:20:06.092   794   794 I SystemServiceManager: Starting com.android.server.TextServicesManagerService$Lifecycle
06-28 16:20:06.096   794  1476 D VoldConnector: SND -> {3 fstrim dotrim}
06-28 16:20:06.097   383   392 I vold    : [libfs_mgr]fs_mgr_read_fstab_dt(): failed to read fstab from dt
06-28 16:20:06.098   794  1479 D VoldConnector: RCV <- {200 3 Command succeeded}
06-28 16:20:06.102   383  1954 D vold    : Starting trim of /data
06-28 16:20:06.102   794   794 I SystemServer: StartNetworkScoreService
06-28 16:20:06.106   794   794 I SystemServer: StartNetworkStatsService
06-28 16:20:06.114   794   794 I SystemServer: StartNetworkPolicyManagerService
06-28 16:20:06.121   794   794 I SystemServer: StartWifi
06-28 16:20:06.133   794   794 I SystemServiceManager: Starting com.android.server.wifi.WifiService
06-28 16:20:06.250   794   794 I SystemServer: StartWifiScanning
06-28 16:20:06.252   794   794 I SystemServiceManager: Starting com.android.server.wifi.scanner.WifiScanningService
06-28 16:20:06.255   794   794 I SystemServer: StartWifiRtt
06-28 16:20:06.257   794   794 I SystemServiceManager: Starting com.android.server.wifi.RttService
06-28 16:20:06.260   794   794 I SystemServer: No Wi-Fi Aware Service (Aware support Not Present)
06-28 16:20:06.260   794   794 I SystemServer: StartWifiP2P
06-28 16:20:06.260   794   794 I SystemServiceManager: Starting com.android.server.wifi.p2p.WifiP2pService
06-28 16:20:06.272   794   794 I SystemServer: StartEthernet
06-28 16:20:06.273   794   794 I SystemServiceManager: Starting com.android.server.ethernet.EthernetService
06-28 16:20:06.283   794   794 I SystemServer: StartConnectivityService
06-28 16:20:06.291   794   794 D ConnectivityService: ConnectivityService starting up
06-28 16:20:06.294   794   794 D ConnectivityService: wifiOnly=false
06-28 16:20:06.310   794   794 I SystemServer: StartNsdService
06-28 16:20:06.313   794   794 D NsdService: Network service discovery is enabled
06-28 16:20:06.315   794   794 I SystemServer: StartUpdateLockService
06-28 16:20:06.320   794   794 I SystemServer: WaitForAsecScan
06-28 16:20:06.320   794   794 I SystemServer: StartNotificationManager
06-28 16:20:06.321   794   794 I SystemServiceManager: Starting com.android.server.notification.NotificationManagerService
06-28 16:20:06.342   794   794 D ConditionProviders.SCP: new ScheduleConditionProvider()
06-28 16:20:06.347   794   794 I ConditionProviders:  Allowing condition provider com.android.launcher3/com.android.launcher3.notification.NotificationListener
06-28 16:20:06.347   794   794 I NotificationListeners:  Allowing notification listener com.android.launcher3/com.android.launcher3.notification.NotificationListener
06-28 16:20:06.348   794   794 I ConditionProviders:  Allowing condition provider com.android.camera2
06-28 16:20:06.356   794   794 I SystemServer: StartDeviceMonitor
06-28 16:20:06.357   794   794 I SystemServiceManager: Starting com.android.server.storage.DeviceStorageMonitorService
06-28 16:20:06.359   794   794 I SystemServer: StartLocationManagerService
06-28 16:20:06.363   794   794 I SystemServer: StartCountryDetectorService
06-28 16:20:06.364   794   794 I SystemServer: StartSearchManagerService
06-28 16:20:06.365   794   794 I SystemServiceManager: Starting com.android.server.search.SearchManagerService$Lifecycle
06-28 16:20:06.367   794   794 I SystemServer: StartWallpaperManagerService
06-28 16:20:06.368   794   794 I SystemServiceManager: Starting com.android.server.wallpaper.WallpaperManagerService$Lifecycle
06-28 16:20:06.378   794   794 I WallpaperManagerService: No static wallpaper imagery; defaults will be shown
06-28 16:20:06.379   794   794 W WallpaperManagerService: no current wallpaper -- first boot?
06-28 16:20:06.380   794   794 I SystemServer: StartAudioService
06-28 16:20:06.380   794   794 I SystemServiceManager: Starting com.android.server.audio.AudioService$Lifecycle
06-28 16:20:06.414   794   794 I SystemServer: StartDockObserver
06-28 16:20:06.415   794   794 I SystemServiceManager: Starting com.android.server.DockObserver
06-28 16:20:06.416   794   794 W DockObserver: This kernel does not have dock station support
06-28 16:20:06.419   794   794 I SystemServer: StartWiredAccessoryManager
06-28 16:20:06.421   794   794 W WiredAccessoryManager: This kernel does not have usb audio support
06-28 16:20:06.421   794   794 W WiredAccessoryManager: This kernel does not have HDMI audio support
06-28 16:20:06.421   794   794 I SystemServer: StartMidiManager
06-28 16:20:06.422   794   794 I SystemServiceManager: Starting com.android.server.midi.MidiService$Lifecycle
06-28 16:20:06.424   794   794 I SystemServer: StartUsbService
06-28 16:20:06.424   794   794 I SystemServiceManager: Starting com.android.server.usb.UsbService$Lifecycle
06-28 16:20:06.439   794  1417 I UsbPortManager: Usb hal service started android.hardware.usb@1.0::IUsb default
06-28 16:20:06.450   794   794 I SystemServer: StartSerialService
06-28 16:20:06.452   794   794 I SystemServer: StartHardwarePropertiesManagerService
06-28 16:20:06.466   794   794 I SystemServer: StartTwilightService
06-28 16:20:06.466   794   794 I SystemServiceManager: Starting com.android.server.twilight.TwilightService
06-28 16:20:06.467   794   794 I SystemServer: StartJobScheduler
06-28 16:20:06.467   794   794 I SystemServiceManager: Starting com.android.server.job.JobSchedulerService
06-28 16:20:06.473   794   794 I JobStore: Read 0 jobs
06-28 16:20:06.476   794   794 D ConnectivityService: requestNetwork for uid/pid:1000/794 NetworkRequest [ TRACK_DEFAULT id=3, [ Capabilities: INTERNET&NOT_RESTRICTED&TRUSTED&NOT_VPN] ]
06-28 16:20:06.481   794   794 I SystemServer: StartSoundTrigger
06-28 16:20:06.482   794   794 I SystemServiceManager: Starting com.android.server.soundtrigger.SoundTriggerService
06-28 16:20:06.484   794   794 I SystemServer: StartTrustManager
06-28 16:20:06.484   794   794 I SystemServiceManager: Starting com.android.server.trust.TrustManagerService
06-28 16:20:06.487   794   794 I SystemServer: StartBackupManager
06-28 16:20:06.487   794   794 I SystemServiceManager: Starting com.android.server.backup.BackupManagerService$Lifecycle
06-28 16:20:06.491   794   794 I SystemServer: StartAppWidgerService
06-28 16:20:06.491   794   794 I SystemServiceManager: Starting com.android.server.appwidget.AppWidgetService
06-28 16:20:06.497   794   794 I SystemServer: StartVoiceRecognitionManager
06-28 16:20:06.497   794   794 I SystemServiceManager: Starting com.android.server.voiceinteraction.VoiceInteractionManagerService
06-28 16:20:06.500   794   794 I SystemServer: StartGestureLauncher
06-28 16:20:06.500   794   794 I SystemServiceManager: Starting com.android.server.GestureLauncherService
06-28 16:20:06.501   794   794 I SystemServer: StartSensorNotification
06-28 16:20:06.501   794   794 I SystemServiceManager: Starting com.android.server.SensorNotificationService
06-28 16:20:06.501   794   794 I SystemServer: StartContextHubSystemService
06-28 16:20:06.501   794   794 I SystemServiceManager: Starting com.android.server.ContextHubSystemService
06-28 16:20:06.501   794   794 I SystemServer: StartDiskStatsService
06-28 16:20:06.504   794   794 I SystemServer: StartNetworkTimeUpdateService
06-28 16:20:06.506   794   794 I SystemServer: StartCommonTimeManagementService
06-28 16:20:06.508   794   794 I SystemServer: CertBlacklister
06-28 16:20:06.510   794   794 I SystemServer: StartEmergencyAffordanceService
06-28 16:20:06.510   794   794 I SystemServiceManager: Starting com.android.server.emergency.EmergencyAffordanceService
06-28 16:20:06.511   794   794 I SystemServer: StartDreamManager
06-28 16:20:06.511   794   794 I SystemServiceManager: Starting com.android.server.dreams.DreamManagerService
06-28 16:20:06.513   794   794 I SystemServer: AddGraphicsStatsService
06-28 16:20:06.554   794   794 I SystemServer: StartPrintManager
06-28 16:20:06.555   794   794 I SystemServiceManager: Starting com.android.server.print.PrintManagerService
06-28 16:20:06.563   794   794 I SystemServer: StartCompanionDeviceManager
06-28 16:20:06.566   794   794 I SystemServiceManager: Starting com.android.server.companion.CompanionDeviceManagerService
06-28 16:20:06.574   794   794 I SystemServer: StartRestrictionManager
06-28 16:20:06.575   794   794 I SystemServiceManager: Starting com.android.server.restrictions.RestrictionsManagerService
06-28 16:20:06.579   794   794 I SystemServer: StartMediaSessionService
06-28 16:20:06.579   794   794 I SystemServiceManager: Starting com.android.server.media.MediaSessionService
06-28 16:20:06.587   794   794 I SystemServer: StartMediaResourceMonitor
06-28 16:20:06.587   794   794 I SystemServiceManager: Starting com.android.server.media.MediaResourceMonitorService
06-28 16:20:06.590   794   794 I SystemServer: StartMediaRouterService
06-28 16:20:06.593   794   794 I SystemServer: StartFingerprintSensor
06-28 16:20:06.593   794   794 I SystemServiceManager: Starting com.android.server.fingerprint.FingerprintService
06-28 16:20:06.605   794   876 V FingerprintService: mDeamon was null, reconnect to fingerprint
06-28 16:20:06.607   794   794 I SystemServer: StartBackgroundDexOptService
06-28 16:20:06.609   794   794 I SystemServer: StartPruneInstantAppsJobService
06-28 16:20:06.610   794   876 V FingerprintService: Fingerprint HAL id: 486977839104
06-28 16:20:06.610   794   794 I SystemServer: StartShortcutServiceLifecycle
06-28 16:20:06.610   794   794 I SystemServiceManager: Starting com.android.server.pm.ShortcutService$Lifecycle
06-28 16:20:06.613   383  1954 I vold    : Trimmed 11441229824 bytes on /data in 510ms
06-28 16:20:06.613   383  1954 D vold    : Starting trim of /cache
06-28 16:20:06.613   794  1479 D VoldConnector: RCV <- {662 /data 11441229824 510794478}
06-28 16:20:06.616   383  1954 I vold    : Trimmed 93204480 bytes on /cache in 3ms
06-28 16:20:06.616   794  1479 D VoldConnector: RCV <- {662 /cache 93204480 3043126}
06-28 16:20:06.620   794   794 I SystemServer: StartLauncherAppsService
06-28 16:20:06.621   794   794 I SystemServiceManager: Starting com.android.server.pm.LauncherAppsService
06-28 16:20:06.627   794   794 I SystemServer: StartMediaProjectionManager
06-28 16:20:06.628   794   794 I SystemServiceManager: Starting com.android.server.media.projection.MediaProjectionManagerService
06-28 16:20:06.641   794   794 I SystemServer: StartCameraServiceProxy
06-28 16:20:06.641   794   794 I SystemServiceManager: Starting com.android.server.camera.CameraServiceProxy
06-28 16:20:06.648   794   794 I SystemServer: StartJitCompilation
06-28 16:20:06.648   794   794 I SystemServer: StartMmsService
06-28 16:20:06.649   794   794 I SystemServiceManager: Starting com.android.server.MmsServiceBroker
06-28 16:20:06.653   794   794 I SystemServer: StartAutoFillService
06-28 16:20:06.653   794   794 I SystemServiceManager: Starting com.android.server.autofill.AutofillManagerService
06-28 16:20:06.657   794   794 I AutofillManagerService: Setting debug to false
06-28 16:20:06.663   794   794 I SystemServer: MakeVibratorServiceReady
06-28 16:20:06.666   794   794 I SystemServer: MakeLockSettingsServiceReady
06-28 16:20:06.705   794   794 I LockSettingsService: Migrated lock settings to new location
06-28 16:20:06.710   794   794 I LockSettingsService: Migrated per-user lock settings to new location
06-28 16:20:06.720   794   794 I LockSettingsService: Migrated biometric weak to use the fallback instead
06-28 16:20:06.723   794   794 I LockSettingsService: Migrated lockscreen disabled flag
06-28 16:20:06.732   794   794 I SyntheticPasswordManager: Device does not support weaver
06-28 16:20:06.736   794   794 E LockSettingsStorage: Cannot read file java.io.FileNotFoundException: /data/system/gatekeeper.password.key: open failed: ENOENT (No such file or directory)
06-28 16:20:06.736   794   794 E LockSettingsStorage: Cannot read file java.io.FileNotFoundException: /data/system/password.key: open failed: ENOENT (No such file or directory)
06-28 16:20:06.736   794   794 E LockSettingsStorage: Cannot read file java.io.FileNotFoundException: /data/system/gatekeeper.pattern.key: open failed: ENOENT (No such file or directory)
06-28 16:20:06.737   794   794 E LockSettingsStorage: Cannot read file java.io.FileNotFoundException: /data/system/gatekeeper.gesture.key: open failed: ENOENT (No such file or directory)
06-28 16:20:06.737   794   794 E LockSettingsStorage: Cannot read file java.io.FileNotFoundException: /data/system/gesture.key: open failed: ENOENT (No such file or directory)
06-28 16:20:06.738   794   794 I SystemServer: StartBootPhaseLockSettingsReady
06-28 16:20:06.738   794   794 I SystemServiceManager: Starting phase 480
06-28 16:20:06.746   794   794 I SystemServer: StartBootPhaseSystemServicesReady
06-28 16:20:06.747   794   794 I SystemServiceManager: Starting phase 500
06-28 16:20:06.749   794   794 W UsageStatsService: Missing procfs interface: /proc/uid_procstat/set
06-28 16:20:06.752   794   794 I VrManagerService: No default vr listener service found.
06-28 16:20:06.760   794   794 I WifiService: WifiService starting up with Wi-Fi disabled
06-28 16:20:06.779   794  2009 D ConnectivityService: Got NetworkFactory Messenger for Ethernet
06-28 16:20:06.792   794   794 I SystemServer: MakeWindowManagerServiceReady
06-28 16:20:06.801   794   794 I SystemServer: MakePowerManagerServiceReady
06-28 16:20:06.813   794   794 I SystemServer: MakePackageManagerServiceReady
06-28 16:20:06.817   794   878 E KernelCpuSpeedReader: Failed to read cpu-freq: /sys/devices/system/cpu/cpu4/cpufreq/stats/time_in_state (No such file or directory)
06-28 16:20:06.817   794   889 W KeyguardServiceDelegate: onScreenTurningOn(): no keyguard service!
06-28 16:20:06.817   794   794 D VoldConnector: SND -> {4 volume remount_uid 1001 none}
06-28 16:20:06.818   383   392 D vold    : Remounting 1001 as mode none
06-28 16:20:06.828   383   392 D vold    : Found matching PID 564
06-28 16:20:06.828   383   392 W vold    : Skipping due to root namespace
06-28 16:20:06.828   383   392 D vold    : Found matching PID 566
06-28 16:20:06.828   383   392 W vold    : Skipping due to root namespace
06-28 16:20:06.828   383   392 D vold    : Found matching PID 567
06-28 16:20:06.828   383   392 W vold    : Skipping due to root namespace
06-28 16:20:06.829   383   392 D vold    : Found matching PID 586
06-28 16:20:06.829   383   392 W vold    : Skipping due to root namespace
06-28 16:20:06.830   794  1479 D VoldConnector: RCV <- {200 4 Command succeeded}
06-28 16:20:06.831   794   794 D VoldConnector: SND -> {5 volume remount_uid 1001 none}
06-28 16:20:06.832   383   392 D vold    : Remounting 1001 as mode none
06-28 16:20:06.840   383   392 D vold    : Found matching PID 564
06-28 16:20:06.840   383   392 W vold    : Skipping due to root namespace
06-28 16:20:06.840   383   392 D vold    : Found matching PID 566
06-28 16:20:06.840   383   392 W vold    : Skipping due to root namespace
06-28 16:20:06.840   383   392 D vold    : Found matching PID 567
06-28 16:20:06.840   383   392 W vold    : Skipping due to root namespace
06-28 16:20:06.840   383   392 D vold    : Found matching PID 586
06-28 16:20:06.840   383   392 W vold    : Skipping due to root namespace
06-28 16:20:06.841   794  1479 D VoldConnector: RCV <- {200 5 Command succeeded}
06-28 16:20:06.843   794   794 D VoldConnector: SND -> {6 volume remount_uid 1027 none}
06-28 16:20:06.843   383   392 D vold    : Remounting 1027 as mode none
06-28 16:20:06.852   794  1479 D VoldConnector: RCV <- {200 6 Command succeeded}
06-28 16:20:06.853   794   794 D VoldConnector: SND -> {7 volume remount_uid 1027 none}
06-28 16:20:06.854   383   392 D vold    : Remounting 1027 as mode none
06-28 16:20:06.863   794  1479 D VoldConnector: RCV <- {200 7 Command succeeded}
06-28 16:20:06.864   794   794 D VoldConnector: SND -> {8 volume remount_uid 1000 none}
06-28 16:20:06.865   383   392 D vold    : Remounting 1000 as mode none
06-28 16:20:06.872   383   392 D vold    : Found matching PID 361
06-28 16:20:06.872   383   392 W vold    : Skipping due to root namespace
06-28 16:20:06.872   383   392 D vold    : Found matching PID 362
06-28 16:20:06.872   383   392 W vold    : Skipping due to root namespace
06-28 16:20:06.872   383   392 D vold    : Found matching PID 363
06-28 16:20:06.872   383   392 W vold    : Skipping due to root namespace
06-28 16:20:06.872   383   392 D vold    : Found matching PID 365
06-28 16:20:06.872   383   392 W vold    : Skipping due to root namespace
06-28 16:20:06.872   383   392 D vold    : Found matching PID 374
06-28 16:20:06.872   383   392 W vold    : Skipping due to root namespace
06-28 16:20:06.873   383   392 D vold    : Found matching PID 414
06-28 16:20:06.873   383   392 W vold    : Skipping due to root namespace
06-28 16:20:06.873   383   392 D vold    : Found matching PID 416
06-28 16:20:06.873   383   392 W vold    : Skipping due to root namespace
06-28 16:20:06.873   383   392 D vold    : Found matching PID 417
06-28 16:20:06.873   383   392 W vold    : Skipping due to root namespace
06-28 16:20:06.873   383   392 D vold    : Found matching PID 418
06-28 16:20:06.873   383   392 W vold    : Skipping due to root namespace
06-28 16:20:06.873   383   392 D vold    : Found matching PID 419
06-28 16:20:06.873   383   392 W vold    : Skipping due to root namespace
06-28 16:20:06.874   383   392 D vold    : Found matching PID 423
06-28 16:20:06.874   383   392 W vold    : Skipping due to root namespace
06-28 16:20:06.874   383   392 D vold    : Found matching PID 428
06-28 16:20:06.874   383   392 W vold    : Skipping due to root namespace
06-28 16:20:06.874   383   392 D vold    : Found matching PID 477
06-28 16:20:06.874   383   392 W vold    : Skipping due to root namespace
06-28 16:20:06.874   383   392 D vold    : Found matching PID 569
06-28 16:20:06.875   383   392 W vold    : Skipping due to root namespace
06-28 16:20:06.875   383   392 D vold    : Found matching PID 588
06-28 16:20:06.875   383   392 W vold    : Skipping due to root namespace
06-28 16:20:06.875   383   392 D vold    : Found matching PID 589
06-28 16:20:06.875   383   392 W vold    : Skipping due to root namespace
06-28 16:20:06.875   383   392 D vold    : Found matching PID 591
06-28 16:20:06.875   383   392 W vold    : Skipping due to root namespace
06-28 16:20:06.875   383   392 D vold    : Found matching PID 592
06-28 16:20:06.875   383   392 W vold    : Skipping due to root namespace
06-28 16:20:06.875   383   392 D vold    : Found matching PID 594
06-28 16:20:06.875   383   392 W vold    : Skipping due to root namespace
06-28 16:20:06.875   383   392 D vold    : Found matching PID 596
06-28 16:20:06.875   383   392 W vold    : Skipping due to root namespace
06-28 16:20:06.876   383   392 D vold    : Found matching PID 610
06-28 16:20:06.876   383   392 W vold    : Skipping due to root namespace
06-28 16:20:06.876   383   392 D vold    : Found matching PID 794
06-28 16:20:06.882   794  1479 D VoldConnector: RCV <- {200 8 Command succeeded}
06-28 16:20:06.883   794   794 D VoldConnector: SND -> {9 volume remount_uid 1000 none}
06-28 16:20:06.883   383   392 D vold    : Remounting 1000 as mode none
06-28 16:20:06.890   383   392 D vold    : Found matching PID 361
06-28 16:20:06.890   383   392 W vold    : Skipping due to root namespace
06-28 16:20:06.890   383   392 D vold    : Found matching PID 362
06-28 16:20:06.890   383   392 W vold    : Skipping due to root namespace
06-28 16:20:06.890   383   392 D vold    : Found matching PID 363
06-28 16:20:06.891   383   392 W vold    : Skipping due to root namespace
06-28 16:20:06.891   383   392 D vold    : Found matching PID 365
06-28 16:20:06.891   383   392 W vold    : Skipping due to root namespace
06-28 16:20:06.891   383   392 D vold    : Found matching PID 374
06-28 16:20:06.891   383   392 W vold    : Skipping due to root namespace
06-28 16:20:06.892   383   392 D vold    : Found matching PID 414
06-28 16:20:06.892   383   392 W vold    : Skipping due to root namespace
06-28 16:20:06.892   383   392 D vold    : Found matching PID 416
06-28 16:20:06.892   383   392 W vold    : Skipping due to root namespace
06-28 16:20:06.892   383   392 D vold    : Found matching PID 417
06-28 16:20:06.892   383   392 W vold    : Skipping due to root namespace
06-28 16:20:06.892   383   392 D vold    : Found matching PID 418
06-28 16:20:06.892   383   392 W vold    : Skipping due to root namespace
06-28 16:20:06.892   383   392 D vold    : Found matching PID 419
06-28 16:20:06.892   383   392 W vold    : Skipping due to root namespace
06-28 16:20:06.892   383   392 D vold    : Found matching PID 423
06-28 16:20:06.892   383   392 W vold    : Skipping due to root namespace
06-28 16:20:06.892   383   392 D vold    : Found matching PID 428
06-28 16:20:06.892   383   392 W vold    : Skipping due to root namespace
06-28 16:20:06.892   383   392 D vold    : Found matching PID 477
06-28 16:20:06.892   383   392 W vold    : Skipping due to root namespace
06-28 16:20:06.893   383   392 D vold    : Found matching PID 569
06-28 16:20:06.893   383   392 W vold    : Skipping due to root namespace
06-28 16:20:06.893   383   392 D vold    : Found matching PID 588
06-28 16:20:06.893   383   392 W vold    : Skipping due to root namespace
06-28 16:20:06.893   383   392 D vold    : Found matching PID 589
06-28 16:20:06.893   383   392 W vold    : Skipping due to root namespace
06-28 16:20:06.893   383   392 D vold    : Found matching PID 591
06-28 16:20:06.893   383   392 W vold    : Skipping due to root namespace
06-28 16:20:06.893   383   392 D vold    : Found matching PID 592
06-28 16:20:06.894   383   392 W vold    : Skipping due to root namespace
06-28 16:20:06.894   383   392 D vold    : Found matching PID 594
06-28 16:20:06.894   383   392 W vold    : Skipping due to root namespace
06-28 16:20:06.894   383   392 D vold    : Found matching PID 596
06-28 16:20:06.894   383   392 W vold    : Skipping due to root namespace
06-28 16:20:06.894   383   392 D vold    : Found matching PID 610
06-28 16:20:06.894   383   392 W vold    : Skipping due to root namespace
06-28 16:20:06.894   383   392 D vold    : Found matching PID 794
06-28 16:20:06.899   794  1479 D VoldConnector: RCV <- {200 9 Command succeeded}
06-28 16:20:06.904   794   794 D VoldConnector: SND -> {10 volume remount_uid 2000 none}
06-28 16:20:06.904   383   392 D vold    : Remounting 2000 as mode none
06-28 16:20:06.913   794  1479 D VoldConnector: RCV <- {200 10 Command succeeded}
06-28 16:20:06.914   794   794 D VoldConnector: SND -> {11 volume remount_uid 2000 none}
06-28 16:20:06.915   383   392 D vold    : Remounting 2000 as mode none
06-28 16:20:06.926   794  1479 D VoldConnector: RCV <- {200 11 Command succeeded}
06-28 16:20:06.928   794   794 D VoldConnector: SND -> {12 volume remount_uid 10026 none}
06-28 16:20:06.928   383   392 D vold    : Remounting 10026 as mode none
06-28 16:20:06.937   794  1479 D VoldConnector: RCV <- {200 12 Command succeeded}
06-28 16:20:06.938   794   794 D VoldConnector: SND -> {13 volume remount_uid 10026 none}
06-28 16:20:06.939   383   392 D vold    : Remounting 10026 as mode none
06-28 16:20:06.949   794  1479 D VoldConnector: RCV <- {200 13 Command succeeded}
06-28 16:20:06.952   794   794 D VoldConnector: SND -> {14 volume remount_uid 1002 none}
06-28 16:20:06.953   383   392 D vold    : Remounting 1002 as mode none
06-28 16:20:06.962   794  1479 D VoldConnector: RCV <- {200 14 Command succeeded}
06-28 16:20:06.963   794   794 D VoldConnector: SND -> {15 volume remount_uid 1002 none}
06-28 16:20:06.964   383   392 D vold    : Remounting 1002 as mode none
06-28 16:20:06.974   794  1479 D VoldConnector: RCV <- {200 15 Command succeeded}
06-28 16:20:06.977   794   794 W VoiceInteractionManagerService: no available voice interaction services found for user 0
06-28 16:20:06.977   794   794 W VoiceInteractionManagerService: no available voice recognition services found for user 0
06-28 16:20:06.992   794   794 I SyncManager: No initial accounts
06-28 16:20:06.992   794   794 I SyncManager: No initial status
06-28 16:20:06.992   794   794 I SyncManager: No initial statistics
06-28 16:20:07.028   794   794 D VoldConnector: SND -> {16 volume remount_uid 10020 none}
06-28 16:20:07.029   383   392 D vold    : Remounting 10020 as mode none
06-28 16:20:07.038   794  1479 D VoldConnector: RCV <- {200 16 Command succeeded}
06-28 16:20:07.040   794   794 D VoldConnector: SND -> {17 volume remount_uid 10038 none}
06-28 16:20:07.040   383   392 D vold    : Remounting 10038 as mode none
06-28 16:20:07.049   794  1479 D VoldConnector: RCV <- {200 17 Command succeeded}
06-28 16:20:07.051   794   794 D VoldConnector: SND -> {18 volume remount_uid 10038 none}
06-28 16:20:07.051   383   392 D vold    : Remounting 10038 as mode none
06-28 16:20:07.061   794  1479 D VoldConnector: RCV <- {200 18 Command succeeded}
06-28 16:20:07.062   794   794 D VoldConnector: SND -> {19 volume remount_uid 10010 none}
06-28 16:20:07.063   383   392 D vold    : Remounting 10010 as mode none
06-28 16:20:07.072   794  1479 D VoldConnector: RCV <- {200 19 Command succeeded}
06-28 16:20:07.073   794   794 D VoldConnector: SND -> {20 volume remount_uid 10010 none}
06-28 16:20:07.074   383   392 D vold    : Remounting 10010 as mode none
06-28 16:20:07.083   794  1479 D VoldConnector: RCV <- {200 20 Command succeeded}
06-28 16:20:07.084   794   794 D VoldConnector: SND -> {21 volume remount_uid 10013 none}
06-28 16:20:07.085   383   392 D vold    : Remounting 10013 as mode none
06-28 16:20:07.094   794  1479 D VoldConnector: RCV <- {200 21 Command succeeded}
06-28 16:20:07.095   794   794 D VoldConnector: SND -> {22 volume remount_uid 10013 none}
06-28 16:20:07.096   383   392 D vold    : Remounting 10013 as mode none
06-28 16:20:07.105   794  1479 D VoldConnector: RCV <- {200 22 Command succeeded}
06-28 16:20:07.110   794   794 D VoldConnector: SND -> {23 volume remount_uid 10061 none}
06-28 16:20:07.110   383   392 D vold    : Remounting 10061 as mode none
06-28 16:20:07.120   794  1479 D VoldConnector: RCV <- {200 23 Command succeeded}
06-28 16:20:07.121   794   794 D VoldConnector: SND -> {24 volume remount_uid 10061 none}
06-28 16:20:07.122   383   392 D vold    : Remounting 10061 as mode none
06-28 16:20:07.131   794  1479 D VoldConnector: RCV <- {200 24 Command succeeded}
06-28 16:20:07.134   794   794 D VoldConnector: SND -> {25 volume remount_uid 10001 none}
06-28 16:20:07.135   383   392 D vold    : Remounting 10001 as mode none
06-28 16:20:07.145   794  1479 D VoldConnector: RCV <- {200 25 Command succeeded}
06-28 16:20:07.146   794   794 D VoldConnector: SND -> {26 volume remount_uid 10001 none}
06-28 16:20:07.147   383   392 D vold    : Remounting 10001 as mode none
06-28 16:20:07.158   794  1479 D VoldConnector: RCV <- {200 26 Command succeeded}
06-28 16:20:07.163   794   794 D VoldConnector: SND -> {27 volume remount_uid 10048 none}
06-28 16:20:07.164   383   392 D vold    : Remounting 10048 as mode none
06-28 16:20:07.174   794  1479 D VoldConnector: RCV <- {200 27 Command succeeded}
06-28 16:20:07.175   794   794 D VoldConnector: SND -> {28 volume remount_uid 10048 none}
06-28 16:20:07.176   383   392 D vold    : Remounting 10048 as mode none
06-28 16:20:07.186   794  1479 D VoldConnector: RCV <- {200 28 Command succeeded}
06-28 16:20:07.188   794   794 D VoldConnector: SND -> {29 volume remount_uid 10051 none}
06-28 16:20:07.189   383   392 D vold    : Remounting 10051 as mode none
06-28 16:20:07.199   794  1479 D VoldConnector: RCV <- {200 29 Command succeeded}
06-28 16:20:07.200   794   794 D VoldConnector: SND -> {30 volume remount_uid 10051 none}
06-28 16:20:07.201   383   392 D vold    : Remounting 10051 as mode none
06-28 16:20:07.211   794  1479 D VoldConnector: RCV <- {200 30 Command succeeded}
06-28 16:20:07.214   794   794 D VoldConnector: SND -> {31 volume remount_uid 10024 none}
06-28 16:20:07.215   383   392 D vold    : Remounting 10024 as mode none
06-28 16:20:07.225   794  1479 D VoldConnector: RCV <- {200 31 Command succeeded}
06-28 16:20:07.226   794   794 D VoldConnector: SND -> {32 volume remount_uid 10024 none}
06-28 16:20:07.227   383   392 D vold    : Remounting 10024 as mode none
06-28 16:20:07.238   794  1479 D VoldConnector: RCV <- {200 32 Command succeeded}
06-28 16:20:07.246   794   794 V UserDataPreparer: Found /data/user_de/0 with serial number -1
06-28 16:20:07.246   794   794 D UserDataPreparer: Serial number missing on /data/user_de/0; assuming current is valid
06-28 16:20:07.247   794   794 V UserDataPreparer: Found /data/user/0 with serial number -1
06-28 16:20:07.247   794   794 D UserDataPreparer: Serial number missing on /data/user/0; assuming current is valid
06-28 16:20:07.247   794   794 V UserDataPreparer: Found /data/system_de/0 with serial number -1
06-28 16:20:07.247   794   794 D UserDataPreparer: Serial number missing on /data/system_de/0; assuming current is valid
06-28 16:20:07.248   794   794 I SystemServer: MakeDisplayManagerServiceReady
06-28 16:20:07.251   794   794 I ActivityManager: System now ready
06-28 16:20:07.255   794   794 I SystemServer: Making services ready
06-28 16:20:07.255   794   794 I SystemServer: StartActivityManagerReadyPhase
06-28 16:20:07.255   794   794 I SystemServiceManager: Starting phase 550
06-28 16:20:07.258   794   794 D BluetoothManagerService: Bluetooth boot completed
06-28 16:20:07.259   794   794 D BluetoothManagerService: Auto-enabling Bluetooth.
06-28 16:20:07.259   794   886 D BluetoothManagerService: MESSAGE_ENABLE(0): mBluetooth = null
06-28 16:20:07.277   794   886 I ActivityManager: Start proc 2247:com.android.bluetooth/1002 for service com.android.bluetooth/.btservice.AdapterService
06-28 16:20:07.336   794   794 I ActivityManager: Start proc 2281:com.android.inputmethod.latin/u0a50 for service com.android.inputmethod.latin/.LatinIME
06-28 16:20:07.337   794   794 W SystemServiceManager: Service com.android.server.InputMethodManagerService$Lifecycle took 78 ms in onBootPhase
06-28 16:20:07.337   794  1476 D StorageManagerService: Thinking about init, mSystemReady=true, mDaemonConnected=true
06-28 16:20:07.338   794  1476 D StorageManagerService: Setting up emulation state, initlocked=false
06-28 16:20:07.338   794  1476 D CryptdConnector: SND -> {1 cryptfs unlock_user_key 0 0 ! !}
06-28 16:20:07.339   383   393 D vold    : e4crypt_unlock_user_key 0 serial=0 token_present=0
06-28 16:20:07.339   383   393 E vold    : Failed to chmod /data/system_ce/0: No such file or directory
06-28 16:20:07.339   383   393 E vold    : Failed to chmod /data/misc_ce/0: No such file or directory
06-28 16:20:07.339   383   393 E vold    : Failed to chmod /data/media/0: No such file or directory
06-28 16:20:07.339   794  1480 D CryptdConnector: RCV <- {200 1 Command succeeded}
06-28 16:20:07.340   794  1476 D StorageManagerService: Thinking about reset, mSystemReady=true, mDaemonConnected=true
06-28 16:20:07.340   794  1476 D VoldConnector: SND -> {33 volume reset}
06-28 16:20:07.340   794   878 I ActivityManager: Force stopping com.android.providers.media appid=10010 user=-1: vold reset
06-28 16:20:07.342   794  1479 D VoldConnector: RCV <- {651 emulated 7}
06-28 16:20:07.343   794  1479 D VoldConnector: RCV <- {659 emulated}
06-28 16:20:07.343   794  1479 D VoldConnector: RCV <- {650 emulated 2 "" ""}
06-28 16:20:07.344   794  1479 D VoldConnector: RCV <- {651 emulated 0}
06-28 16:20:07.344   794  1479 D VoldConnector: RCV <- {200 33 Command succeeded}
06-28 16:20:07.345   794   885 V StorageManagerService: Found primary storage at VolumeInfo{emulated}:
06-28 16:20:07.345   794   885 V StorageManagerService:     type=EMULATED diskId=null partGuid=null mountFlags=0 mountUserId=-1 
06-28 16:20:07.345   794   885 V StorageManagerService:     state=UNMOUNTED 
06-28 16:20:07.345   794   885 V StorageManagerService:     fsType=null fsUuid=null fsLabel=null 
06-28 16:20:07.345   794   885 V StorageManagerService:     path=null internalPath=null 
06-28 16:20:07.346   794  1476 D VoldConnector: SND -> {34 volume user_added 0 0}
06-28 16:20:07.347   794  1479 D VoldConnector: RCV <- {200 34 Command succeeded}
06-28 16:20:07.349   794  1476 D VoldConnector: SND -> {35 volume mount emulated 3 -1}
06-28 16:20:07.351   383   392 V vold    : Waiting for FUSE to spin up...
06-28 16:20:07.351   794  1479 D VoldConnector: RCV <- {651 emulated 1}
06-28 16:20:07.352   794  1479 D VoldConnector: RCV <- {656 emulated /data/media}
