06-28 16:20:07.353   794  1479 D VoldConnector: RCV <- {655 emulated /storage/emulated}
06-28 16:20:07.358   794   794 I LockSettingsService: Migrated migrated_frp.
06-28 16:20:07.364   794   794 D UsbAlsaManager: Adding ALSA device AlsaDevice: [card: 0, device: 0, type: 2]
06-28 16:20:07.365   794   794 D UsbAlsaManager: Adding ALSA device AlsaDevice: [card: 0, device: 0, type: 1]
06-28 16:20:07.365   794   794 D UsbAlsaManager: Adding ALSA device AlsaDevice: [card: 0, device: 1, type: 2]
06-28 16:20:07.365   794   794 D UsbAlsaManager: Adding ALSA device AlsaDevice: [card: 0, device: 1, type: 1]
06-28 16:20:07.366   794  2043 D BluetoothManagerService: Creating new ProfileServiceConnections object for profile: 1
06-28 16:20:07.368   794   794 D UsbAlsaManager: Adding ALSA device AlsaDevice: [card: 0, device: 2, type: 2]
06-28 16:20:07.368   794   794 D UsbAlsaManager: Adding ALSA device AlsaDevice: [card: 0, device: 2, type: 1]
06-28 16:20:07.368   794   794 D UsbAlsaManager: Adding ALSA device AlsaDevice: [card: 0, device: 3, type: 2]
06-28 16:20:07.368   794   794 D UsbAlsaManager: Adding ALSA device AlsaDevice: [card: 0, device: 3, type: 1]
06-28 16:20:07.368   794   794 D UsbAlsaManager: Adding ALSA device AlsaDevice: [card: 0, device: 4, type: 1]
06-28 16:20:07.368   794   794 D UsbAlsaManager: Adding ALSA device AlsaDevice: [card: 0, device: 5, type: 2]
06-28 16:20:07.368   794   794 D UsbAlsaManager: Adding ALSA device AlsaDevice: [card: 0, device: 5, type: 1]
06-28 16:20:07.368   794   794 D UsbAlsaManager: Adding ALSA device AlsaDevice: [card: 0, device: 6, type: 2]
06-28 16:20:07.368   794   794 D UsbAlsaManager: Adding ALSA device AlsaDevice: [card: 0, device: 7, type: 1]
06-28 16:20:07.368   794   794 D UsbAlsaManager: Adding ALSA device AlsaDevice: [card: 0, device: 8, type: 2]
06-28 16:20:07.369   794   794 D UsbAlsaManager: Adding ALSA device AlsaDevice: [card: 0, device: 10, type: 2]
06-28 16:20:07.369   794   794 D UsbAlsaManager: Adding ALSA device AlsaDevice: [card: 0, device: 10, type: 1]
06-28 16:20:07.369   794   794 D UsbAlsaManager: Adding ALSA device AlsaDevice: [card: 0, device: 11, type: 2]
06-28 16:20:07.369   794   794 D UsbAlsaManager: Adding ALSA device AlsaDevice: [card: 0, device: 11, type: 1]
06-28 16:20:07.369   794   794 D UsbAlsaManager: Adding ALSA device AlsaDevice: [card: 0, device: 12, type: 2]
06-28 16:20:07.369   794   794 D UsbAlsaManager: Adding ALSA device AlsaDevice: [card: 0, device: 12, type: 1]
06-28 16:20:07.369   794   794 D UsbAlsaManager: Adding ALSA device AlsaDevice: [card: 0, device: 13, type: 2]
06-28 16:20:07.369   794   794 D UsbAlsaManager: Adding ALSA device AlsaDevice: [card: 0, device: 13, type: 1]
06-28 16:20:07.369   794   794 D UsbAlsaManager: Adding ALSA device AlsaDevice: [card: 0, device: 14, type: 2]
06-28 16:20:07.369   794   794 D UsbAlsaManager: Adding ALSA device AlsaDevice: [card: 0, device: 14, type: 1]
06-28 16:20:07.369   794   794 D UsbAlsaManager: Adding ALSA device AlsaDevice: [card: 0, device: 15, type: 2]
06-28 16:20:07.369   794   794 D UsbAlsaManager: Adding ALSA device AlsaDevice: [card: 0, device: 15, type: 1]
06-28 16:20:07.369   794   794 D UsbAlsaManager: Adding ALSA device AlsaDevice: [card: 0, device: 16, type: 2]
06-28 16:20:07.369   794   794 D UsbAlsaManager: Adding ALSA device AlsaDevice: [card: 0, device: 19, type: 2]
06-28 16:20:07.369   794   794 D UsbAlsaManager: Adding ALSA device AlsaDevice: [card: 0, device: 19, type: 1]
06-28 16:20:07.369   794   794 D UsbAlsaManager: Adding ALSA device AlsaDevice: [card: 0, device: 20, type: 2]
06-28 16:20:07.369   794   794 D UsbAlsaManager: Adding ALSA device AlsaDevice: [card: 0, device: 20, type: 1]
06-28 16:20:07.369   794   794 D UsbAlsaManager: Adding ALSA device AlsaDevice: [card: 0, device: 21, type: 1]
06-28 16:20:07.369   794   794 D UsbAlsaManager: Adding ALSA device AlsaDevice: [card: 0, device: 22, type: 2]
06-28 16:20:07.369   794   794 D UsbAlsaManager: Adding ALSA device AlsaDevice: [card: 0, device: 22, type: 1]
06-28 16:20:07.369   794   794 D UsbAlsaManager: Adding ALSA device AlsaDevice: [card: 0, device: 23, type: 2]
06-28 16:20:07.369   794   794 D UsbAlsaManager: Adding ALSA device AlsaDevice: [card: 0, device: 23, type: 1]
06-28 16:20:07.369   794   794 D UsbAlsaManager: Adding ALSA device AlsaDevice: [card: 0, device: 24, type: 2]
06-28 16:20:07.369   794   794 D UsbAlsaManager: Adding ALSA device AlsaDevice: [card: 0, device: 24, type: 1]
06-28 16:20:07.369   794   794 D UsbAlsaManager: Adding ALSA device AlsaDevice: [card: 0, device: 25, type: 2]
06-28 16:20:07.369   794   794 D UsbAlsaManager: Adding ALSA device AlsaDevice: [card: 0, device: 26, type: 1]
06-28 16:20:07.369   794   794 D UsbAlsaManager: Adding ALSA device AlsaDevice: [card: 0, device: 27, type: 2]
06-28 16:20:07.369   794   794 D UsbAlsaManager: Adding ALSA device AlsaDevice: [card: 0, device: 28, type: 2]
06-28 16:20:07.369   794   794 D UsbAlsaManager: Adding ALSA device AlsaDevice: [card: 0, device: 29, type: 2]
06-28 16:20:07.369   794   794 D UsbAlsaManager: Adding ALSA device AlsaDevice: [card: 0, device: 30, type: 2]
06-28 16:20:07.369   794   794 D UsbAlsaManager: Adding ALSA device AlsaDevice: [card: 0, device: 31, type: 2]
06-28 16:20:07.369   794   794 D UsbAlsaManager: Adding ALSA device AlsaDevice: [card: 0, device: 32, type: 2]
06-28 16:20:07.369   794   794 D UsbAlsaManager: Adding ALSA device AlsaDevice: [card: 0, device: 33, type: 2]
06-28 16:20:07.369   794   794 D UsbAlsaManager: Adding ALSA device AlsaDevice: [card: 0, device: 34, type: 2]
06-28 16:20:07.369   794   794 D UsbAlsaManager: Adding ALSA device AlsaDevice: [card: 0, device: 35, type: 2]
06-28 16:20:07.369   794   794 D UsbAlsaManager: Adding ALSA device AlsaDevice: [card: 0, device: 35, type: 1]
06-28 16:20:07.370   794   794 D UsbAlsaManager: Adding ALSA device AlsaDevice: [card: 0, device: 36, type: 2]
06-28 16:20:07.370   794   794 D UsbAlsaManager: Adding ALSA device AlsaDevice: [card: 0, device: 36, type: 1]
06-28 16:20:07.370   794   794 D UsbAlsaManager: Adding ALSA device AlsaDevice: [card: 0, device: 43, type: 2]
06-28 16:20:07.380   794   794 I SystemServer: StartObservingNativeCrashes
06-28 16:20:07.381   794  1271 I SystemServer: WebViewFactoryPreparation
06-28 16:20:07.381   794   794 I SystemServer: StartSystemUI
06-28 16:20:07.396   794  1431 I UsbPortManager: ClientCallback: otg_default
06-28 16:20:07.398   794   885 I UsbPortManager: USB port added: port=UsbPort{id=otg_default, supportedModes=dual}, status=UsbPortStatus{connected=true, currentMode=ufp, currentPowerRole=sink, currentDataRole=device, supportedRoleCombinations=[source:host, sink:device]}, canChangeMode=true, canChangePowerRole=false, canChangeDataRole=false
06-28 16:20:07.402   794  1479 D VoldConnector: RCV <- {651 emulated 2}
06-28 16:20:07.403   794  1479 D VoldConnector: RCV <- {200 35 Command succeeded}
06-28 16:20:07.420   794   794 I ActivityManager: Start proc 2310:com.android.systemui/u0a26 for service com.android.systemui/.SystemUIService
06-28 16:20:07.507   794  1271 W ActivityManager: Slow operation: 78ms so far, now at startProcess: returned from zygote!
06-28 16:20:07.507   794  1271 W ActivityManager: Slow operation: 78ms so far, now at startProcess: done updating battery stats
06-28 16:20:07.507   794  1271 W ActivityManager: Slow operation: 78ms so far, now at startProcess: building log message
06-28 16:20:07.507   794  1271 I ActivityManager: Start proc 2348:WebViewLoader-armeabi-v7a/1037 [android.webkit.WebViewLibraryLoader$RelroFileCreator] for 
06-28 16:20:07.507   794  1271 W ActivityManager: Slow operation: 78ms so far, now at startProcess: starting to update pids map
06-28 16:20:07.508   794  1271 W ActivityManager: Slow operation: 78ms so far, now at startProcess: done updating pids map
06-28 16:20:07.508   794  1271 W ActivityManager: Slow operation: 78ms so far, now at startProcess: done starting proc!
06-28 16:20:07.508   794   794 I SystemServer: MakeNetworkScoreReady
06-28 16:20:07.526   794  1271 I ActivityManager: Start proc 2362:WebViewLoader-arm64-v8a/1037 [android.webkit.WebViewLibraryLoader$RelroFileCreator] for 
06-28 16:20:07.530   794   794 I SystemServer: MakeNetworkManagementServiceReady
06-28 16:20:07.531   794   794 D NetworkManagement: enabling bandwidth control
06-28 16:20:07.563   794   794 I SystemServer: MakeNetworkStatsServiceReady
06-28 16:20:07.566   794   881 E BatteryExternalStatsWorker: no controller energy info supplied for wifi
06-28 16:20:07.566   794   881 E BatteryExternalStatsWorker: no controller energy info supplied for telephony
06-28 16:20:07.571   794  1959 D NetworkPolicy: setRestrictBackgroundUL(): false
06-28 16:20:07.606   794   794 I SystemServer: MakeConnectivityServiceReady
06-28 16:20:07.631   794   794 I SystemServer: MakeNetworkPolicyServiceReady
06-28 16:20:07.631   794   794 I SystemServer: StartWatchdog
06-28 16:20:07.641   794   794 I SystemServer: PhaseThirdPartyAppsCanStart
06-28 16:20:07.641   794   794 I SystemServiceManager: Starting phase 600
06-28 16:20:07.660   794   794 V WallpaperManagerService: bindWallpaperComponentLocked: componentName=null
06-28 16:20:07.661   794   794 V WallpaperManagerService: No default component; using image wallpaper
06-28 16:20:07.702   794   794 I SystemServer: MakeLocationServiceReady
06-28 16:20:07.754  2281  2437 E ActivityThread: Failed to find provider info for user_dictionary
06-28 16:20:07.831   794   794 W LocationManagerService: no network location provider found
06-28 16:20:07.838   794   794 E LocationManagerService: no geocoder provider found
06-28 16:20:07.839   794   794 D LocationManagerService: FLP HAL not supported
06-28 16:20:07.840   794   794 D LocationManagerService: Unable to bind FLP Geofence proxy.
06-28 16:20:07.841   794   794 D LocationManagerService: Hardware Activity-Recognition not supported.
06-28 16:20:07.842   794   794 D LocationManagerService: Unable to bind ActivityRecognitionProxy.
06-28 16:20:07.848   794   794 I SystemServer: MakeCountryDetectionServiceReady
06-28 16:20:07.848   794   794 I SystemServer: MakeNetworkTimeUpdateReady
06-28 16:20:07.850   794   794 D ConnectivityService: requestNetwork for uid/pid:1000/794 NetworkRequest [ TRACK_DEFAULT id=6, [ Capabilities: INTERNET&NOT_RESTRICTED&TRUSTED&NOT_VPN] ]
06-28 16:20:07.851   794   794 I SystemServer: MakeCommonTimeManagementServiceReady
06-28 16:20:07.851   794   794 I SystemServer: MakeInputManagerServiceReady
06-28 16:20:07.852   794   794 I SystemServer: MakeTelephonyRegistryReady
06-28 16:20:07.853   794   794 I SystemServer: MakeMediaRouterServiceReady
06-28 16:20:07.854   794   794 I SystemServer: MakeMmsServiceReady
06-28 16:20:07.854   794   794 I MmsServiceBroker: Delay connecting to MmsService until an API is called
06-28 16:20:07.854   794   794 I SystemServer: MakeNetworkScoreServiceReady
06-28 16:20:07.854   794   794 I SystemServer: IncidentDaemonReady
06-28 16:20:07.854   794   794 I SystemServiceManager: Calling onStartUser u0
06-28 16:20:07.855   794   794 W VoiceInteractionManagerService: no available voice interaction services found for user 0
06-28 16:20:07.856   794   794 W VoiceInteractionManagerService: no available voice recognition services found for user 0
06-28 16:20:07.877   794   794 I ActivityManager: Start proc 2464:com.android.phone/1001 for added application com.android.phone
06-28 16:20:07.882   794   794 I ActivityManager: START u0 {act=android.intent.action.MAIN cat=[android.intent.category.HOME] flg=0x10000100 cmp=com.android.settings/.CryptKeeper} from uid 0
06-28 16:20:07.894   794   794 I ActivityManager: Loaded persisted task ids for user 0
06-28 16:20:07.920   794   794 I ActivityManager: Start proc 2483:com.android.settings:CryptKeeper/1000 for activity com.android.settings/.CryptKeeper
06-28 16:20:07.921   794   794 E Build   : Mismatched fingerprints; system reported Android/aosp_bullhead/bullhead:8.1.0/OPM1.171019.011/root12261705:user/test-keys but vendor reported google/bullhead/bullhead:8.1.0/OPM1.171019.011/4448085:user/release-keys
06-28 16:20:07.921   794   794 E ActivityManager: Build fingerprint is not consistent, warning user
06-28 16:20:07.931   794   794 D SystemServerInitThreadPool: Shutdown successful
06-28 16:20:07.943   794   794 D ConditionProviders.SCP: onConnected
06-28 16:20:07.970   794   794 D ConditionProviders: Subscribing to condition://android/event?userId=-10000&calendar=&reply=1 with ComponentInfo{android/com.android.server.notification.EventConditionProvider}
06-28 16:20:07.971   794   794 D ConditionProviders: Subscribing to condition://android/schedule?days=1.2.3.4.5&start=22.0&end=7.0&exitAtAlarm=false with ComponentInfo{android/com.android.server.notification.ScheduleConditionProvider}
06-28 16:20:07.971   794   794 D ConditionProviders: Subscribing to condition://android/schedule?days=6.7&start=23.30&end=10.0&exitAtAlarm=false with ComponentInfo{android/com.android.server.notification.ScheduleConditionProvider}
06-28 16:20:08.063   794   879 W Looper  : Dispatch took 123ms on android.ui, h=Handler (com.android.server.am.ActivityManagerService$UiHandler) {47d821b} cb=null msg=15
06-28 16:20:08.127   794  2272 I ActivityManager: START u0 {act=android.intent.action.MAIN cat=[android.intent.category.HOME] flg=0x10000100 cmp=com.android.settings/.FallbackHome} from uid 0
06-28 16:20:08.151   794  2272 I ActivityManager: Start proc 2525:com.android.settings/1000 for activity com.android.settings/.FallbackHome
06-28 16:20:08.229   794   794 W ContextImpl: Calling a method in the system process without a qualified user: android.app.ContextImpl.startService:1476 com.android.server.content.SyncManager$13.run:722 android.os.Handler.handleCallback:790 android.os.Handler.dispatchMessage:99 android.os.Looper.loop:164 
06-28 16:20:08.423   794   794 I Telecom : SystemStateProvider: Registering car mode receiver: android.content.IntentFilter@1a31153: TS.init@AAA
06-28 16:20:08.430   794  2569 I Telecom : BluetoothRouteManager: getBluetoothAudioConnectedDevice: no headset service available.
06-28 16:20:08.452   794  2570 I Telecom : Logging.Events: Non-call EVENT: AUDIO_ROUTE, Entering state QuiescentEarpieceRoute
06-28 16:20:08.504   794  1297 W LocalDisplayAdapter: Unable to find color mode 0, ignoring request.
06-28 16:20:08.508   794   878 W KeyguardServiceDelegate: onScreenTurningOn(): no keyguard service!
06-28 16:20:08.513   794  2574 I Telecom : CallAudioModeStateMachine: Message received: null.: TS.init->CAMSM.pM_1@AAA
06-28 16:20:08.519   794   794 I Telecom : MissedCallNotifierImpl: Boot not yet complete -- call log db may not be available. Deferring loading until boot complete.: TS.init@AAA
06-28 16:20:08.529   794   794 I Telecom : Class: TelecomSystem.INSTANCE being set
06-28 16:20:08.529   794   794 W ContextImpl: Calling a method in the system process without a qualified user: android.app.ContextImpl.startService:1476 android.content.ContextWrapper.startService:650 com.android.server.telecom.components.TelecomService.initializeTelecomSystem:180 com.android.server.telecom.components.TelecomService.onBind:64 android.app.ActivityThread.handleBindService:3366 
06-28 16:20:08.559   794   794 D BluetoothManagerService: Bluetooth Adapter name changed to AOSP on BullHead
06-28 16:20:08.560   794   794 D BluetoothManagerService: Stored Bluetooth name: AOSP on BullHead
06-28 16:20:08.561   794   794 D BluetoothManagerService: BluetoothServiceConnection: com.android.bluetooth.btservice.AdapterService
06-28 16:20:08.561   794   886 D BluetoothManagerService: MESSAGE_BLUETOOTH_SERVICE_CONNECTED: 1
06-28 16:20:08.563   794   886 D BluetoothManagerService: Broadcasting onBluetoothServiceUp() to 2 receivers.
06-28 16:20:08.579   794   886 D BluetoothManagerService: MESSAGE_GET_NAME_AND_ADDRESS
06-28 16:20:08.582   794   886 D BluetoothManagerService: Stored Bluetooth name: AOSP on BullHead
06-28 16:20:08.583   794   886 D BluetoothManagerService: MESSAGE_BLUETOOTH_STATE_CHANGE: OFF > BLE_TURNING_ON
06-28 16:20:08.583   794   886 D BluetoothManagerService: Sending BLE State Change: OFF > BLE_TURNING_ON
06-28 16:20:08.626   794   794 V WiredAccessoryManager: notifyWiredAccessoryChanged: when=0 bits= mask=54
06-28 16:20:08.626   794   794 V WiredAccessoryManager: newName=h2w newState=0 headsetState=0 prev headsetState=0
06-28 16:20:08.626   794   794 V WiredAccessoryManager: init()
06-28 16:20:08.678   794   794 V NotificationListeners: enabling notification listener for 0: ComponentInfo{com.android.launcher3/com.android.launcher3.notification.NotificationListener}
06-28 16:20:08.678   794   794 V NotificationListeners: binding: Intent { act=android.service.notification.NotificationListenerService cmp=com.android.launcher3/.notification.NotificationListener (has extras) }
06-28 16:20:08.679   794   794 W ActivityManager: Unable to start service Intent { act=android.service.notification.NotificationListenerService cmp=com.android.launcher3/.notification.NotificationListener } U=0: not found
06-28 16:20:08.679   794   794 W NotificationListeners: Unable to bind notification listener service: Intent { act=android.service.notification.NotificationListenerService cmp=com.android.launcher3/.notification.NotificationListener (has extras) }
06-28 16:20:08.712   794   794 D ConditionProviders.SCP: onSubscribe condition://android/schedule?days=1.2.3.4.5&start=22.0&end=7.0&exitAtAlarm=false
06-28 16:20:08.713   794   794 D ConditionProviders.SCP: setRegistered true
06-28 16:20:08.714   794   794 D ConditionProviders.SCP: notifyCondition condition://android/schedule?days=1.2.3.4.5&start=22.0&end=7.0&exitAtAlarm=false STATE_FALSE reason=!meetsSchedule
06-28 16:20:08.788   794  2027 E ActivityThread: Failed to find provider info for com.android.calendar
06-28 16:20:08.789   794  2027 E ActivityThread: Failed to find provider info for com.android.calendar
06-28 16:20:08.801   794   794 D ConditionProviders.SCP: Scheduling evaluate for Sun Jun 28 22:00:00 GMT+00:00 1970 (15458400000), in +13h39m51s287ms, now=Sun Jun 28 08:20:08 GMT+00:00 1970 (15409208713)
06-28 16:20:08.803   794   794 D ConditionProviders.SCP: onSubscribe condition://android/schedule?days=6.7&start=23.30&end=10.0&exitAtAlarm=false
06-28 16:20:08.804   794   794 D ConditionProviders.SCP: notifyCondition condition://android/schedule?days=6.7&start=23.30&end=10.0&exitAtAlarm=false STATE_TRUE reason=meetsSchedule
06-28 16:20:08.804   794   794 D ConditionProviders.SCP: notifyCondition condition://android/schedule?days=1.2.3.4.5&start=22.0&end=7.0&exitAtAlarm=false STATE_FALSE reason=!meetsSchedule
06-28 16:20:08.805   794   794 D ConditionProviders.SCP: Scheduling evaluate for Sun Jun 28 10:00:00 GMT+00:00 1970 (15415200000), in +1h39m51s196ms, now=Sun Jun 28 08:20:08 GMT+00:00 1970 (15409208804)
06-28 16:20:08.815   794   877 I SyncManager: Got SyncJobService instance.
06-28 16:20:08.841   794   794 I Telecom : WiredHeadsetManager: ACTION_HEADSET_PLUG event, plugged in: false, : WHC.oADA@AAE
06-28 16:20:08.874   794   794 I Telecom : PhoneAccountRegistrar: SimCallManager queried, returning: null: TSI.gSCM@AAM
06-28 16:20:08.879   794   794 I AutofillManagerService: Updating Autofill for user 0: disabled=false
06-28 16:20:08.945   794   806 W WallpaperManagerService: Cannot extract colors because wallpaper could not be read.
06-28 16:20:08.946   794  2568 W WallpaperManagerService: Cannot extract colors because wallpaper could not be read.
06-28 16:20:08.963   794  2332 I StatusBarManagerService: registerStatusBar bar=com.android.internal.statusbar.IStatusBar$Stub$Proxy@cbedb07
06-28 16:20:09.175   794   879 W Looper  : Dispatch took 1043ms on android.ui, h=Handler (android.view.Choreographer$FrameHandler) {6bfc891} cb=android.view.Choreographer$FrameDisplayEventReceiver@feac3f6 msg=0
06-28 16:20:09.176  2310  2310 I StatusBar: isKeyguardShowing() called before startKeyguard(), returning true
06-28 16:20:09.177  2310  2310 W StatusBar: isKeyguardSecure() called before startKeyguard(), returning false
06-28 16:20:09.177  2310  2310 W StatusBar: java.lang.Throwable
06-28 16:20:09.177  2310  2310 W StatusBar: 	at com.android.systemui.statusbar.phone.StatusBar.isKeyguardSecure(StatusBar.java:7551)
06-28 16:20:09.177  2310  2310 W StatusBar: 	at com.android.systemui.statusbar.phone.StatusBar.isCameraAllowedByAdmin(StatusBar.java:5436)
06-28 16:20:09.177  2310  2310 W StatusBar: 	at com.android.systemui.statusbar.phone.KeyguardBottomAreaView$DefaultRightButton.getIcon(KeyguardBottomAreaView.java:856)
06-28 16:20:09.177  2310  2310 W StatusBar: 	at com.android.systemui.statusbar.phone.KeyguardBottomAreaView.updateCameraVisibility(KeyguardBottomAreaView.java:382)
06-28 16:20:09.177  2310  2310 W StatusBar: 	at com.android.systemui.statusbar.phone.KeyguardBottomAreaView.setStatusBar(KeyguardBottomAreaView.java:351)
06-28 16:20:09.177  2310  2310 W StatusBar: 	at com.android.systemui.statusbar.phone.NotificationPanelView.setStatusBar(NotificationPanelView.java:252)
06-28 16:20:09.177  2310  2310 W StatusBar: 	at com.android.systemui.statusbar.phone.StatusBar.makeStatusBarView(StatusBar.java:1019)
06-28 16:20:09.177  2310  2310 W StatusBar: 	at com.android.systemui.statusbar.phone.StatusBar.addStatusBarWindow(StatusBar.java:3664)
06-28 16:20:09.177  2310  2310 W StatusBar: 	at com.android.systemui.statusbar.phone.StatusBar.createAndAddWindows(StatusBar.java:3660)
06-28 16:20:09.177  2310  2310 W StatusBar: 	at com.android.systemui.statusbar.phone.StatusBar.start(StatusBar.java:889)
06-28 16:20:09.177  2310  2310 W StatusBar: 	at com.android.systemui.SystemBars.createStatusBarFromConfig(SystemBars.java:71)
06-28 16:20:09.177  2310  2310 W StatusBar: 	at com.android.systemui.SystemBars.start(SystemBars.java:42)
06-28 16:20:09.177  2310  2310 W StatusBar: 	at com.android.systemui.SystemUIApplication.startServicesIfNeeded(SystemUIApplication.java:215)
06-28 16:20:09.177  2310  2310 W StatusBar: 	at com.android.systemui.SystemUIApplication.startServicesIfNeeded(SystemUIApplication.java:164)
06-28 16:20:09.177  2310  2310 W StatusBar: 	at com.android.systemui.SystemUIService.onCreate(SystemUIService.java:33)
06-28 16:20:09.177  2310  2310 W StatusBar: 	at android.app.ActivityThread.handleCreateService(ActivityThread.java:3339)
06-28 16:20:09.177  2310  2310 W StatusBar: 	at android.app.ActivityThread.-wrap4(Unknown Source:0)
06-28 16:20:09.177  2310  2310 W StatusBar: 	at android.app.ActivityThread$H.handleMessage(ActivityThread.java:1677)
06-28 16:20:09.177  2310  2310 W StatusBar: 	at android.os.Handler.dispatchMessage(Handler.java:106)
06-28 16:20:09.177  2310  2310 W StatusBar: 	at android.os.Looper.loop(Looper.java:164)
06-28 16:20:09.177  2310  2310 W StatusBar: 	at android.app.ActivityThread.main(ActivityThread.java:6494)
06-28 16:20:09.177  2310  2310 W StatusBar: 	at java.lang.reflect.Method.invoke(Native Method)
06-28 16:20:09.177  2310  2310 W StatusBar: 	at com.android.internal.os.RuntimeInit$MethodAndArgsCaller.run(RuntimeInit.java:438)
06-28 16:20:09.177  2310  2310 W StatusBar: 	at com.android.internal.os.ZygoteInit.main(ZygoteInit.java:807)
06-28 16:20:09.257  2310  2310 I StatusBar: isKeyguardShowing() called before startKeyguard(), returning true
06-28 16:20:09.258  2310  2310 W StatusBar: isKeyguardSecure() called before startKeyguard(), returning false
06-28 16:20:09.258  2310  2310 W StatusBar: java.lang.Throwable
06-28 16:20:09.258  2310  2310 W StatusBar: 	at com.android.systemui.statusbar.phone.StatusBar.isKeyguardSecure(StatusBar.java:7551)
06-28 16:20:09.258  2310  2310 W StatusBar: 	at com.android.systemui.statusbar.phone.StatusBar.isCameraAllowedByAdmin(StatusBar.java:5436)
06-28 16:20:09.258  2310  2310 W StatusBar: 	at com.android.systemui.statusbar.phone.KeyguardBottomAreaView$DefaultRightButton.getIcon(KeyguardBottomAreaView.java:856)
06-28 16:20:09.258  2310  2310 W StatusBar: 	at com.android.systemui.statusbar.phone.KeyguardBottomAreaView.updateCameraVisibility(KeyguardBottomAreaView.java:382)
06-28 16:20:09.258  2310  2310 W StatusBar: 	at com.android.systemui.statusbar.phone.KeyguardBottomAreaView.setUserSetupComplete(KeyguardBottomAreaView.java:360)
06-28 16:20:09.258  2310  2310 W StatusBar: 	at com.android.systemui.statusbar.phone.NotificationPanelView.setUserSetupComplete(NotificationPanelView.java:2655)
06-28 16:20:09.258  2310  2310 W StatusBar: 	at com.android.systemui.statusbar.phone.StatusBar.makeStatusBarView(StatusBar.java:1162)
06-28 16:20:09.258  2310  2310 W StatusBar: 	at com.android.systemui.statusbar.phone.StatusBar.addStatusBarWindow(StatusBar.java:3664)
06-28 16:20:09.258  2310  2310 W StatusBar: 	at com.android.systemui.statusbar.phone.StatusBar.createAndAddWindows(StatusBar.java:3660)
06-28 16:20:09.258  2310  2310 W StatusBar: 	at com.android.systemui.statusbar.phone.StatusBar.start(StatusBar.java:889)
06-28 16:20:09.258  2310  2310 W StatusBar: 	at com.android.systemui.SystemBars.createStatusBarFromConfig(SystemBars.java:71)
06-28 16:20:09.258  2310  2310 W StatusBar: 	at com.android.systemui.SystemBars.start(SystemBars.java:42)
06-28 16:20:09.258  2310  2310 W StatusBar: 	at com.android.systemui.SystemUIApplication.startServicesIfNeeded(SystemUIApplication.java:215)
06-28 16:20:09.258  2310  2310 W StatusBar: 	at com.android.systemui.SystemUIApplication.startServicesIfNeeded(SystemUIApplication.java:164)
06-28 16:20:09.258  2310  2310 W StatusBar: 	at com.android.systemui.SystemUIService.onCreate(SystemUIService.java:33)
06-28 16:20:09.258  2310  2310 W StatusBar: 	at android.app.ActivityThread.handleCreateService(ActivityThread.java:3339)
06-28 16:20:09.258  2310  2310 W StatusBar: 	at android.app.ActivityThread.-wrap4(Unknown Source:0)
06-28 16:20:09.258  2310  2310 W StatusBar: 	at android.app.ActivityThread$H.handleMessage(ActivityThread.java:1677)
06-28 16:20:09.258  2310  2310 W StatusBar: 	at android.os.Handler.dispatchMessage(Handler.java:106)
06-28 16:20:09.258  2310  2310 W StatusBar: 	at android.os.Looper.loop(Looper.java:164)
06-28 16:20:09.258  2310  2310 W StatusBar: 	at android.app.ActivityThread.main(ActivityThread.java:6494)
06-28 16:20:09.258  2310  2310 W StatusBar: 	at java.lang.reflect.Method.invoke(Native Method)
06-28 16:20:09.258  2310  2310 W StatusBar: 	at com.android.internal.os.RuntimeInit$MethodAndArgsCaller.run(RuntimeInit.java:438)
06-28 16:20:09.258  2310  2310 W StatusBar: 	at com.android.internal.os.ZygoteInit.main(ZygoteInit.java:807)
06-28 16:20:09.403  2310  2636 E ActivityThread: Failed to find provider info for com.android.contacts
06-28 16:20:09.430   794  2306 E PowerManagerService: Failed to read last_reboot_reason file
06-28 16:20:09.430   794  2306 E PowerManagerService: java.io.FileNotFoundException: /data/misc/reboot/last_reboot_reason (No such file or directory)
06-28 16:20:09.430   794  2306 E PowerManagerService: 	at java.io.FileInputStream.open0(Native Method)
06-28 16:20:09.430   794  2306 E PowerManagerService: 	at java.io.FileInputStream.open(FileInputStream.java:200)
06-28 16:20:09.430   794  2306 E PowerManagerService: 	at java.io.FileInputStream.<init>(FileInputStream.java:150)
06-28 16:20:09.430   794  2306 E PowerManagerService: 	at java.io.FileReader.<init>(FileReader.java:72)
06-28 16:20:09.430   794  2306 E PowerManagerService: 	at com.android.server.power.PowerManagerService.getLastShutdownReasonInternal(PowerManagerService.java:4641)
06-28 16:20:09.430   794  2306 E PowerManagerService: 	at com.android.server.power.PowerManagerService$BinderService.getLastShutdownReason(PowerManagerService.java:4405)
06-28 16:20:09.430   794  2306 E PowerManagerService: 	at android.os.IPowerManager$Stub.onTransact(IPowerManager.java:302)
06-28 16:20:09.430   794  2306 E PowerManagerService: 	at android.os.Binder.execTransact(Binder.java:697)
06-28 16:20:09.473  2310  2663 E ActivityThread: Failed to find provider info for com.android.contacts
06-28 16:20:09.661   794   794 D BluetoothManagerService: Bluetooth Adapter address changed to 22:22:67:C6:69:73
06-28 16:20:09.662   794   794 D BluetoothManagerService: Stored Bluetoothaddress: 22:22:67:C6:69:73
06-28 16:20:09.663   794   794 D BluetoothManagerService: Bluetooth Adapter name changed to AOSP on BullHead
06-28 16:20:09.664   794   794 D BluetoothManagerService: Stored Bluetooth name: AOSP on BullHead
06-28 16:20:09.667   794   794 D BluetoothManagerService: Bluetooth Adapter address changed to 22:22:67:C6:69:73
06-28 16:20:09.667   794   794 D BluetoothManagerService: Stored Bluetoothaddress: 22:22:67:C6:69:73
06-28 16:20:09.671   794   886 D BluetoothManagerService: MESSAGE_BLUETOOTH_STATE_CHANGE: BLE_TURNING_ON > BLE_ON
06-28 16:20:09.671   794   886 D BluetoothManagerService: Bluetooth is in LE only mode
06-28 16:20:09.671   794   886 D BluetoothManagerService: Binding Bluetooth GATT service
06-28 16:20:09.672   794   886 D BluetoothManagerService: Sending BLE State Change: BLE_TURNING_ON > BLE_ON
06-28 16:20:09.673   794   794 D BluetoothManagerService: BluetoothServiceConnection: com.android.bluetooth.gatt.GattService
06-28 16:20:09.673   794   886 D BluetoothManagerService: MESSAGE_BLUETOOTH_SERVICE_CONNECTED: 2
06-28 16:20:09.674   794   886 D BluetoothManagerService: BluetoothGatt Service is Up
06-28 16:20:09.676   794   886 D BluetoothManagerService: Persisting Bluetooth Setting: 1
06-28 16:20:09.678   794   886 D BluetoothManagerService: MESSAGE_BLUETOOTH_STATE_CHANGE: BLE_ON > TURNING_ON
06-28 16:20:09.678   794   886 D BluetoothManagerService: Sending BLE State Change: BLE_ON > TURNING_ON
06-28 16:20:09.686   794   794 I Telecom : : - Got BluetoothHeadset: com.android.server.telecom.BluetoothHeadsetProxy@17b545a: BMSL.oSC@AAY
06-28 16:20:09.753  2310  2672 E ActivityThread: Failed to find provider info for com.android.contacts
06-28 16:20:09.782  2310  2643 E ActivityThread: Failed to find provider info for com.android.contacts
06-28 16:20:09.865   794   886 D BluetoothManagerService: MESSAGE_BLUETOOTH_STATE_CHANGE: TURNING_ON > ON
06-28 16:20:09.866   794   886 D BluetoothManagerService: Broadcasting onBluetoothStateChange(true) to 8 receivers.
06-28 16:20:09.866   794   886 D BluetoothManagerService: Sending BLE State Change: TURNING_ON > ON
06-28 16:20:09.879   794   794 I Telecom : BluetoothPhoneService: queryPhoneState: BPSI.qPS@AAc
06-28 16:20:09.879   794   794 I Telecom : BluetoothPhoneService: updateHeadsetWithCallState numActive 0, numHeld 0, callState 6, ringing number [****], ringing type 128: BPSI.qPS@AAc
06-28 16:20:09.887   794  1966 D WifiService: New client listening to asynchronous messages
06-28 16:20:10.186   794   887 W WindowManager: App freeze timeout expired.
06-28 16:20:10.699   794   887 I WindowManager: ******* TELLING SURFACE FLINGER WE ARE BOOTED!
06-28 16:20:10.705   794   887 W ActivityManager: Unable to mark boot complete for abi: arm64-v8a (android.os.ServiceSpecificException: Failed to unlink /data//dalvik-cache/arm64/.booting (code 2))
06-28 16:20:10.706   794   887 W ActivityManager: Unable to mark boot complete for abi: armeabi-v7a (android.os.ServiceSpecificException: Failed to unlink /data//dalvik-cache/arm/.booting (code 2))
06-28 16:20:10.707   794   887 I SystemServiceManager: Starting phase 1000
06-28 16:20:10.713   794   885 I UsbDeviceManager: Setting USB config to mtp
06-28 16:20:10.740   794   887 I ActivityManager: Start proc 2744:android.ext.services/u0a12 for on-hold
06-28 16:20:10.743   794   887 D ActivityManager: Finishing user boot 0
06-28 16:20:10.743   794   887 I ActivityManager: User 0 state changed from BOOTING to RUNNING_LOCKED
06-28 16:20:10.744   794   887 D StorageManagerService: Setting property: sys.user.0.ce_available=true
06-28 16:20:10.768   794   887 I ActivityManager: User 0 state changed from RUNNING_LOCKED to RUNNING_UNLOCKING
06-28 16:20:10.768   794   887 D CryptdConnector: SND -> {2 cryptfs prepare_user_storage ! 0 0 2}
06-28 16:20:10.769   383   393 D vold    : e4crypt_prepare_user_storage for volume null, user 0, serial 0, flags 2
06-28 16:20:10.769   383   393 D vold    : Preparing: /data/system_ce/0
06-28 16:20:10.772   383   393 D vold    : Preparing: /data/misc_ce/0
06-28 16:20:10.772   383   393 D vold    : Preparing: /data/media/0
06-28 16:20:10.773   383   393 D vold    : Preparing: /data/data
06-28 16:20:10.773   794  1480 D CryptdConnector: RCV <- {200 2 Command succeeded}
06-28 16:20:10.775   794   887 V UserDataPreparer: Found /data/user/0 with serial number 0
06-28 16:20:10.777   794   887 V UserDataPreparer: Found /data/system_ce/0 with serial number -1
06-28 16:20:10.777   794   887 D UserDataPreparer: Serial number missing on /data/system_ce/0; assuming current is valid
06-28 16:20:10.778   794   887 V PackageManager: reconcileAppsData for null u0 0x2 migrateAppData=true
06-28 16:20:11.174   794   887 V PackageManager: reconcileAppsData finished 83 packages
06-28 16:20:11.183   794   878 I SystemServiceManager: Calling onUnlockUser u0
06-28 16:20:11.184   794   878 D BluetoothManagerService: User 0 unlocked
06-28 16:20:11.184   794   878 D StorageManagerService: onUnlockUser 0
06-28 16:20:11.184   794   878 D VoldConnector: SND -> {36 volume user_started 0}
06-28 16:20:11.184   794   886 D BluetoothManagerService: MESSAGE_USER_UNLOCKED
06-28 16:20:11.185   383   392 D vold    : Linking /storage/emulated/0 to /mnt/user/0/primary
06-28 16:20:11.186   794  1479 D VoldConnector: RCV <- {200 36 Command succeeded}
06-28 16:20:11.188   794  2009 D ConnectivityService: Got NetworkFactory Messenger for WIFI
06-28 16:20:11.188   794  2009 D ConnectivityService: Got NetworkFactory Messenger for WIFI_UT
06-28 16:20:11.189   794  1476 D StorageManagerService: Volume emulated broadcasting mounted to UserHandle{0}
06-28 16:20:11.190   794   885 D UsbDeviceManager: push notification:USB charging this device
06-28 16:20:11.246   794   794 W ActivityManager: Slow operation: 59ms so far, now at startProcess: building log message
06-28 16:20:11.246   794   794 I ActivityManager: Start proc 2799:com.android.deskclock/u0a43 for broadcast com.android.deskclock/.AlarmInitReceiver
06-28 16:20:11.246   794   794 W ActivityManager: Slow operation: 59ms so far, now at startProcess: starting to update pids map
06-28 16:20:11.246   794   794 W ActivityManager: Slow operation: 59ms so far, now at startProcess: done updating pids map
06-28 16:20:11.246   794   794 W ActivityManager: Slow operation: 60ms so far, now at startProcess: done starting proc!
06-28 16:20:11.266   794   878 W SystemServiceManager: Service com.android.server.midi.MidiService$Lifecycle took 65 ms in onUnlockUser 
06-28 16:20:11.267   794   878 I BackupManagerService: Instantiating BackupManagerService
06-28 16:20:11.289   794   878 V BackupManagerService: No ancestral data
06-28 16:20:11.298   794   879 I ActivityManager: Config changes=20 {1.0 ?mcc?mnc [en_US] ldltr sw411dp w411dp h659dp 420dpi nrml port finger -keyb/v/h -nav/h appBounds=Rect(0, 0 - 1080, 1794) s.5}
06-28 16:20:11.330   794   879 I ActivityManager: Override config changes=20 {1.0 ?mcc?mnc [en_US] ldltr sw411dp w411dp h659dp 420dpi nrml port finger -keyb/v/h -nav/h appBounds=Rect(0, 0 - 1080, 1794) s.5} for displayId=0
06-28 16:20:11.370   794   878 V BackupManagerService: Starting with transport android/com.android.internal.backup.LocalTransport
06-28 16:20:11.371   794   878 D BackupTransportManager: Binding to transport: android/com.android.internal.backup.LocalTransportService
06-28 16:20:11.376   794   878 I BackupManagerService: Backup enable apparently not migrated
06-28 16:20:11.378   794   878 I BackupManagerService: Migrating enable state false
06-28 16:20:11.388   794   878 I BackupManagerService: Backup enabled => false
06-28 16:20:11.388   794   794 D BackupTransportManager: Bound to transport: android/com.android.internal.backup.LocalTransportService
06-28 16:20:11.449   794   878 W SystemServiceManager: Service com.android.server.backup.BackupManagerService$Lifecycle took 182 ms in onUnlockUser 
06-28 16:20:11.449   794   878 W VoiceInteractionManagerService: no available voice interaction services found for user 0
06-28 16:20:11.449   794   878 W VoiceInteractionManagerService: no available voice recognition services found for user 0
06-28 16:20:11.450   794  2813 V KeyValueBackupJob: Scheduling k/v pass in 243 minutes
06-28 16:20:11.463   794   878 I ActivityManager: Loading recents for user 0 into memory.
06-28 16:20:11.518   794   878 I ActivityManager: Start proc 2821:com.android.nfc/1027 for added application com.android.nfc
06-28 16:20:11.522   794   878 I ActivityManager: User 0 state changed from RUNNING_UNLOCKING to RUNNING_UNLOCKED
06-28 16:20:11.529   794   878 I PreBootBroadcaster: Pre-boot of {com.android.managedprovisioning/com.android.managedprovisioning.ota.PreBootListener} for user 0
06-28 16:20:11.560   794   878 I ActivityManager: Start proc 2838:android.process.media/u0a10 for broadcast com.android.providers.media/.MtpReceiver
06-28 16:20:11.575   794   885 W AppWidgetServiceImpl: Failed to read state: java.io.FileNotFoundException: /data/system/users/0/appwidgets.xml (No such file or directory)
06-28 16:20:11.575   794   885 V AppWidgetServiceImpl: Upgrading widget database from 0 to 1
06-28 16:20:11.576   794   885 I AppWidgetServiceImpl: Async processing of onUserUnlocked u0 took 125 ms
06-28 16:20:11.655   794   877 I ActivityManager: Start proc 2852:com.android.printspooler/u0a57 for service com.android.printspooler/.model.PrintSpoolerService
06-28 16:20:11.655   794   879 W Looper  : Dispatch took 172ms on android.ui, h=Handler (com.android.server.am.ActivityManagerService$UiHandler) {47d821b} cb=null msg=53
06-28 16:20:11.666   794   806 I ActivityManager: START u0 {act=android.intent.action.MAIN cat=[android.intent.category.HOME] flg=0x10000100 cmp=com.android.provision/.DefaultActivity} from uid 0
06-28 16:20:11.676   794   794 V NotificationListeners: enabling notification listener for 0: ComponentInfo{com.android.launcher3/com.android.launcher3.notification.NotificationListener}
06-28 16:20:11.701   794   806 I ActivityManager: Start proc 2866:com.android.provision/u0a19 for activity com.android.provision/.DefaultActivity
06-28 16:20:11.730   794   794 V NotificationListeners: binding: Intent { act=android.service.notification.NotificationListenerService cmp=com.android.launcher3/.notification.NotificationListener (has extras) }
06-28 16:20:11.746   794   794 I ActivityManager: Start proc 2881:com.android.launcher3/u0a15 for service com.android.launcher3/.notification.NotificationListener
06-28 16:20:11.797   794   806 W ActivityManager: Slow operation: 51ms so far, now at attachApplicationLocked: after mServices.attachApplicationLocked
06-28 16:20:11.918   794   794 I LockSettingsService: Reporting device setup complete to IGateKeeperService
06-28 16:20:11.966   794  2306 I ActivityManager: START u0 {act=android.intent.action.MAIN cat=[android.intent.category.HOME] flg=0x10000100 cmp=com.android.launcher3/.Launcher} from uid 0
06-28 16:20:11.994   794  2306 I WindowManager: Screen frozen for +658ms due to Window{7410dc1 u0 StatusBar}
06-28 16:20:12.042   794   794 I DevicePolicyManager: Set ro.device_owner property to false
06-28 16:20:12.054   794  2724 W WallpaperManagerService: Cannot extract colors because wallpaper could not be read.
06-28 16:20:12.093   794   877 I ActivityManager: Start proc 2938:com.android.keychain/1000 for service com.android.keychain/.KeyChainService
06-28 16:20:12.565   794  2272 I ActivityManager: Start proc 2976:com.android.managedprovisioning/u0a16 for broadcast com.android.managedprovisioning/.ota.PreBootListener
06-28 16:20:12.749   794  2726 I PreBootBroadcaster: Pre-boot of {com.android.providers.calendar/com.android.providers.calendar.CalendarUpgradeReceiver} for user 0
06-28 16:20:12.794   794  2726 I ActivityManager: Start proc 2994:com.android.quicksearchbox/u0a58 for broadcast com.android.quicksearchbox/.SearchWidgetProvider
06-28 16:20:12.953   794  2724 I ActivityManager: Start proc 3060:com.android.smspush/u0a59 for service com.android.smspush/.WapPushManager
06-28 16:20:13.020   794   806 I ActivityManager: Start proc 3084:com.android.providers.calendar/u0a1 for broadcast com.android.providers.calendar/.CalendarUpgradeReceiver
06-28 16:20:13.220   794  2568 I PackageManager: Replacing preferred activity com.android.messaging/.ui.conversation.LaunchConversationActivity for user 0:
06-28 16:20:13.222   794  2880 I PackageManager: Replacing preferred activity com.android.messaging/.ui.conversation.LaunchConversationActivity for user 0:
06-28 16:20:13.224   794   805 I PackageManager: Replacing preferred activity com.android.messaging/.ui.conversation.LaunchConversationActivity for user 0:
06-28 16:20:13.228   794   806 I PackageManager: Replacing preferred activity com.android.messaging/.ui.conversation.LaunchConversationActivity for user 0:
06-28 16:20:13.232   794  2879 D VoldConnector: SND -> {37 volume mkdirs /storage/emulated/0/Android/data/com.android.launcher3/files/}
06-28 16:20:13.234   794  1479 D VoldConnector: RCV <- {200 37 Command succeeded}
06-28 16:20:13.317   794   877 I SyncManager: Loaded persisted syncs: 0 periodic syncs, 0 oneshot syncs, 7 total system server jobs, JobStats: FirstLoad: 0/0/0 LastSave: -1/-1/-1
06-28 16:20:13.472   794  2009 D ConnectivityService: Got NetworkFactory Messenger for PhoneSwitcherNetworkRequstListener
06-28 16:20:13.481   794   805 I PreBootBroadcaster: Pre-boot of {com.android.providers.contacts/com.android.providers.contacts.ContactsUpgradeReceiver} for user 0
06-28 16:20:13.509   794   805 I ActivityManager: Start proc 3106:android.process.acore/u0a3 for broadcast com.android.providers.contacts/.ContactsUpgradeReceiver
06-28 16:20:13.517   794  2009 D ConnectivityService: Got NetworkFactory Messenger for TelephonyNetworkFactory[0]
06-28 16:20:13.615  2464  2464 I TelecomFramework: TtyManager: updateUiTtyMode -1 -> 0
06-28 16:20:13.999   794  2306 I Telecom : PhoneAccountRegistrar: New phone account registered: [[ ] PhoneAccount: ComponentInfo{com.android.phone/com.android.services.telephony.TelephonyConnectionService}, [****], UserHandle{0} Capabilities: CallProvider MultiUser PlaceEmerg SimSub  Audio Routes: BESW Schemes: tel voicemail  Extras: Bundle[mParcelledData.dataSize=124] GroupId: [****]]: TSI.rPA@AA8
06-28 16:20:14.004   794  2306 I Telecom : CallsManager: Sending phone-account ComponentInfo{com.android.phone/com.android.services.telephony.TelephonyConnectionService}, [****], UserHandle{0} registered intent as user: TSI.rPA@AA8
06-28 16:20:14.005   794  2306 I Telecom : CallsManager: Sending phone-account registered intent to default dialer: TSI.rPA@AA8
06-28 16:20:14.006  2464  2464 I TelecomFramework: AccountEntry: Registered phoneAccount: [[ ] PhoneAccount: ComponentInfo{com.android.phone/com.android.services.telephony.TelephonyConnectionService}, [****], UserHandle{0} Capabilities: CallProvider MultiUser PlaceEmerg SimSub  Audio Routes: BESW Schemes: tel voicemail  Extras: Bundle[{android.telecom.extra.SUPPORTS_VIDEO_CALLING_FALLBACK=false}] GroupId: [****]] with handle: ComponentInfo{com.android.phone/com.android.services.telephony.TelephonyConnectionService}, [****], UserHandle{0}
06-28 16:20:14.007  2464  2464 I TelecomFramework: PstnIncomingCallNotifier: Registering: Handler (com.android.internal.telephony.GsmCdmaPhone) {d929a2d}
06-28 16:20:14.048  2464  2464 I TelecomFramework: PstnPhoneCapabilitiesNotifier: handleVideoCapabilitesChanged. Video capability - false
06-28 16:20:14.070   794  2724 I Telecom : PhoneAccountRegistrar: Modify account: [ComponentInfo{com.android.phone/com.android.services.telephony.TelephonyConnectionService}, [****], UserHandle{0}]: TSI.rPA@ABI
06-28 16:20:14.110  2464  2464 I TelecomFramework: PstnIncomingCallNotifier: Unregistering: Handler (com.android.internal.telephony.GsmCdmaPhone) {d929a2d}
06-28 16:20:14.130   794  2272 I Telecom : PhoneAccountRegistrar: Modify account: [ComponentInfo{com.android.phone/com.android.services.telephony.TelephonyConnectionService}, [****], UserHandle{0}]: TSI.rPA@ABM
06-28 16:20:14.138  2464  2464 I TelecomFramework: AccountEntry: Registered phoneAccount: [[ ] PhoneAccount: ComponentInfo{com.android.phone/com.android.services.telephony.TelephonyConnectionService}, [****], UserHandle{0} Capabilities: CallProvider MultiUser PlaceEmerg SimSub  Audio Routes: BESW Schemes: tel voicemail  Extras: Bundle[{android.telecom.extra.SUPPORTS_VIDEO_CALLING_FALLBACK=false}] GroupId: [****]] with handle: ComponentInfo{com.android.phone/com.android.services.telephony.TelephonyConnectionService}, [****], UserHandle{0}
06-28 16:20:14.138  2464  2464 I TelecomFramework: PstnIncomingCallNotifier: Registering: Handler (com.android.internal.telephony.GsmCdmaPhone) {d929a2d}
06-28 16:20:14.146  2464  2464 I TelecomFramework: PstnPhoneCapabilitiesNotifier: handleVideoCapabilitesChanged. Video capability - false
06-28 16:20:14.156   794  2568 I Telecom : PhoneAccountRegistrar: Modify account: [ComponentInfo{com.android.phone/com.android.services.telephony.TelephonyConnectionService}, [****], UserHandle{0}]: TSI.rPA@ABY
06-28 16:20:15.017   794   806 I PreBootBroadcaster: Pre-boot of {com.android.providers.media/com.android.providers.media.MediaUpgradeReceiver} for user 0
06-28 16:20:15.071  2838  2838 I MediaUpgradeReceiver: ---> Start upgrade of media database external.db
06-28 16:20:15.123  2838  2838 I MediaUpgradeReceiver: <--- Finished upgrade of media database external.db in 52ms
06-28 16:20:15.128   794  2568 I PreBootBroadcaster: Pre-boot of {com.android.settings/com.android.settings.SettingsInitialize} for user 0
06-28 16:20:15.136   794  2306 I ActivityManager: Sending BOOT_COMPLETE user #0
06-28 16:20:15.182   794  3307 I BootReceiver: No existing last log timestamp file /data/system/log-files.xml; starting empty
06-28 16:20:15.200   794  3307 I BootReceiver: Copying /sys/fs/pstore/console-ramoops to DropBox (SYSTEM_LAST_KMSG)
06-28 16:20:15.214   794   794 I ActivityManager: Start proc 3308:com.android.dialer/u0a11 for broadcast com.android.dialer/.app.calllog.CallLogReceiver
06-28 16:20:15.227   794  3307 I BootReceiver: Copying audit failures to DropBox
06-28 16:20:15.230   794  3307 I BootReceiver: Copied 5060 worth of audits to DropBox
06-28 16:20:15.244   794  3307 I BootReceiver: boot_fs_shutdown,3489,0
06-28 16:20:15.252   794  3307 I BootReceiver: Checking for fsck errors
06-28 16:20:15.253   794  3307 I BootReceiver: fs_stat, partition:dm-0 stat:0x1
06-28 16:20:15.253   794  3307 I BootReceiver: fs_stat, partition:vendor stat:0x1
06-28 16:20:15.253   794  3307 I BootReceiver: fs_stat, partition:userdata stat:0x3
06-28 16:20:15.254   794  3307 I BootReceiver: fs_stat, partition:cache stat:0x3
06-28 16:20:15.254   794  3307 I BootReceiver: fs_stat, partition:persist stat:0x3
06-28 16:20:15.254   794  3307 I BootReceiver: Copying /dev/fscklogs/log to DropBox (SYSTEM_FSCK)
06-28 16:20:15.264   794  3307 I BootReceiver: Copying /data/tombstones/tombstone_03 to DropBox (SYSTEM_TOMBSTONE)
06-28 16:20:15.277   794  3307 I BootReceiver: Copying /data/tombstones/tombstone_01 to DropBox (SYSTEM_TOMBSTONE)
06-28 16:20:15.295   794  3307 I BootReceiver: Copying /data/tombstones/tombstone_02 to DropBox (SYSTEM_TOMBSTONE)
06-28 16:20:15.311   794  3307 I BootReceiver: Copying /data/tombstones/tombstone_04 to DropBox (SYSTEM_TOMBSTONE)
06-28 16:20:15.322   794  3307 I BootReceiver: Copying /data/tombstones/tombstone_00 to DropBox (SYSTEM_TOMBSTONE)
06-28 16:20:15.340   794  3307 I BootReceiver: Copying /data/tombstones/tombstone_05 to DropBox (SYSTEM_TOMBSTONE)
06-28 16:20:15.636   794   794 I Telecom : DefaultDialerCache: Refreshing default dialer for user 0: now com.android.dialer: DDC.oR@ACE
06-28 16:20:15.667   794  2724 I ActivityManager: Start proc 3332:com.android.calendar/u0a36 for broadcast com.android.calendar/.UpgradeReceiver
06-28 16:20:15.826   794  2306 I ActivityManager: Start proc 3352:com.android.camera2/u0a38 for broadcast com.android.camera2/com.android.camera.DisableCameraReceiver
06-28 16:20:16.000   794  2332 I ActivityManager: Start proc 3396:com.android.cellbroadcastreceiver/u0a5 for broadcast com.android.cellbroadcastreceiver/.CellBroadcastReceiver
06-28 16:20:16.155   794  2726 I ActivityManager: Start proc 3414:com.android.contacts/u0a8 for broadcast com.android.contacts/.interactions.OnBootOrUpgradeReceiver
06-28 16:20:16.499   794  2272 I ActivityManager: Start proc 3459:com.android.email/u0a46 for broadcast com.android.email/.service.EmailUpgradeBroadcastReceiver
06-28 16:20:16.749   794   805 W ActivityManager: Unable to start service Intent { act=com.android.email.EXCHANGE_INTENT pkg=com.android.exchange } U=0: not found
06-28 16:20:16.770  3459  3474 D ActivityThread: Loading provider com.android.email.provider;com.android.email.notifier: com.android.email.provider.EmailProvider
06-28 16:20:16.794  3459  3459 D ActivityThread: Loading provider com.android.email.provider;com.android.email.notifier: com.android.email.provider.EmailProvider
06-28 16:20:16.798   794  2272 W ActivityManager: Unable to start service Intent { act=com.android.email.EXCHANGE_INTENT pkg=com.android.exchange } U=0: not found
06-28 16:20:16.812   794   805 W ActivityManager: Unable to start service Intent { act=com.android.email.EXCHANGE_INTENT pkg=com.android.exchange } U=0: not found
06-28 16:20:17.093   794  2879 W ActivityManager: Unable to start service Intent { act=com.android.mail.action.BACKUP_DATA_CHANGED pkg=com.android.email } U=0: not found
06-28 16:20:17.097   794  2332 W ActivityManager: Unable to start service Intent { act=com.android.mail.action.BACKUP_DATA_CHANGED pkg=com.android.email } U=0: not found
