06-28 16:20:17.099   794  2880 W ActivityManager: Unable to start service Intent { act=com.android.mail.action.BACKUP_DATA_CHANGED pkg=com.android.email } U=0: not found
06-28 16:20:17.102   794  2306 W ActivityManager: Unable to start service Intent { act=com.android.mail.action.BACKUP_DATA_CHANGED pkg=com.android.email } U=0: not found
06-28 16:20:17.104   794   805 W ActivityManager: Unable to start service Intent { act=com.android.mail.action.BACKUP_DATA_CHANGED pkg=com.android.email } U=0: not found
06-28 16:20:17.110   794  2879 W ActivityManager: Unable to start service Intent { act=com.android.mail.action.BACKUP_DATA_CHANGED pkg=com.android.email } U=0: not found
06-28 16:20:17.118   794  2724 W ActivityManager: Unable to start service Intent { act=com.android.mail.action.BACKUP_DATA_CHANGED pkg=com.android.email } U=0: not found
06-28 16:20:17.145   794  2272 W ActivityManager: Unable to start service Intent { cmp=com.android.email/.service.AttachmentService } U=0: not found
06-28 16:20:17.149   794  2306 W ActivityManager: Unable to start service Intent { act=com.android.email.EXCHANGE_INTENT pkg=com.android.exchange } U=0: not found
06-28 16:20:17.181   794  2880 W ActivityManager: Unable to start service Intent { cmp=com.android.email/.service.AttachmentService } U=0: not found
06-28 16:20:17.205   794  2726 I ActivityManager: Start proc 3511:com.android.gallery3d/u0a48 for broadcast com.android.gallery3d/com.android.camera.DisableCameraReceiver
06-28 16:20:17.265   794  2568 W ActivityManager: Unable to start service Intent { act=com.android.email.EXCHANGE_INTENT pkg=com.android.exchange } U=0: not found
06-28 16:20:17.291   794  2724 W ActivityManager: Unable to start service Intent { act=com.android.email.EXCHANGE_INTENT pkg=com.android.exchange } U=0: not found
06-28 16:20:17.298   794  2726 W ActivityManager: Unable to start service Intent { act=com.android.email.EXCHANGE_INTENT pkg=com.android.exchange } U=0: not found
06-28 16:20:17.310   794  2724 W ActivityManager: Unable to start service Intent { cmp=com.android.email/.service.AttachmentService } U=0: not found
06-28 16:20:17.336   794  2568 W ActivityManager: Unable to start service Intent { act=com.android.email.EXCHANGE_INTENT pkg=com.android.exchange } U=0: not found
06-28 16:20:17.360  3459  3459 E ActivityThread: Service com.android.email.service.EmailBroadcastProcessorService has leaked ServiceConnection com.android.emailcommon.service.ServiceProxy$ProxyConnection@1a0a3a8 that was originally bound here
06-28 16:20:17.360  3459  3459 E ActivityThread: android.app.ServiceConnectionLeaked: Service com.android.email.service.EmailBroadcastProcessorService has leaked ServiceConnection com.android.emailcommon.service.ServiceProxy$ProxyConnection@1a0a3a8 that was originally bound here
06-28 16:20:17.360  3459  3459 E ActivityThread: 	at android.app.LoadedApk$ServiceDispatcher.<init>(LoadedApk.java:1532)
06-28 16:20:17.360  3459  3459 E ActivityThread: 	at android.app.LoadedApk.getServiceDispatcher(LoadedApk.java:1424)
06-28 16:20:17.360  3459  3459 E ActivityThread: 	at android.app.ContextImpl.bindServiceCommon(ContextImpl.java:1605)
06-28 16:20:17.360  3459  3459 E ActivityThread: 	at android.app.ContextImpl.bindService(ContextImpl.java:1557)
06-28 16:20:17.360  3459  3459 E ActivityThread: 	at android.content.ContextWrapper.bindService(ContextWrapper.java:684)
06-28 16:20:17.360  3459  3459 E ActivityThread: 	at com.android.emailcommon.service.ServiceProxy.setTask(ServiceProxy.java:181)
06-28 16:20:17.360  3459  3459 E ActivityThread: 	at com.android.emailcommon.service.ServiceProxy.test(ServiceProxy.java:224)
06-28 16:20:17.360  3459  3459 E ActivityThread: 	at com.android.email.service.EmailServiceUtils.isServiceAvailable(EmailServiceUtils.java:160)
06-28 16:20:17.360  3459  3459 E ActivityThread: 	at com.android.email.provider.AccountReconciler.reconcileAccountsInternal(AccountReconciler.java:171)
06-28 16:20:17.360  3459  3459 E ActivityThread: 	at com.android.email.provider.AccountReconciler.reconcileAccounts(AccountReconciler.java:115)
06-28 16:20:17.360  3459  3459 E ActivityThread: 	at com.android.email.service.EmailBroadcastProcessorService.reconcileAndStartServices(EmailBroadcastProcessorService.java:305)
06-28 16:20:17.360  3459  3459 E ActivityThread: 	at com.android.email.service.EmailBroadcastProcessorService.onBootCompleted(EmailBroadcastProcessorService.java:295)
06-28 16:20:17.360  3459  3459 E ActivityThread: 	at com.android.email.service.EmailBroadcastProcessorService.onHandleIntent(EmailBroadcastProcessorService.java:130)
06-28 16:20:17.360  3459  3459 E ActivityThread: 	at android.app.IntentService$ServiceHandler.handleMessage(IntentService.java:76)
06-28 16:20:17.360  3459  3459 E ActivityThread: 	at android.os.Handler.dispatchMessage(Handler.java:106)
06-28 16:20:17.360  3459  3459 E ActivityThread: 	at android.os.Looper.loop(Looper.java:164)
06-28 16:20:17.360  3459  3459 E ActivityThread: 	at android.os.HandlerThread.run(HandlerThread.java:65)
06-28 16:20:17.361   794  2724 W ActivityManager: Unbind failed: could not find connection for android.os.BinderProxy@8754b8f
06-28 16:20:17.428   794  2568 I ActivityManager: Start proc 3525:com.android.messaging/u0a61 for broadcast com.android.messaging/.receiver.BootAndPackageReplacedReceiver
06-28 16:20:17.822   794   806 I ActivityManager: Start proc 3543:com.android.onetimeinitializer/u0a18 for broadcast com.android.onetimeinitializer/.OneTimeInitializerReceiver
06-28 16:20:18.027  3543  3559 E ActivityThread: Failed to find provider info for com.android.launcher2.settings
06-28 16:20:18.056   794  2724 I ActivityManager: Start proc 3589:com.android.packageinstaller/u0a20 for broadcast com.android.packageinstaller/.TemporaryFileManager
06-28 16:20:18.188   794   877 W VoiceInteractionManagerService: no available voice interaction services found for user 0
06-28 16:20:18.189   794   794 I Telecom : DefaultDialerCache: Refreshing default dialer for user 0: now com.android.dialer: DDC.oR@ACM
06-28 16:20:18.234   794   794 I Telecom : DefaultDialerCache: Refreshing default dialer for user 0: now com.android.dialer: DDC.oR@ACQ
06-28 16:20:18.241   794   877 W VoiceInteractionManagerService: no available voice interaction services found for user 0
06-28 16:20:18.243   794   794 I Telecom : DefaultDialerCache: Refreshing default dialer for user 0: now com.android.dialer: DDC.oR@ACU
06-28 16:20:18.279   794   794 I Telecom : DefaultDialerCache: Refreshing default dialer for user 0: now com.android.dialer: DDC.oR@ACY
06-28 16:20:18.299   794   794 I Telecom : DefaultDialerCache: Refreshing default dialer for user 0: now com.android.dialer: DDC.oR@ACc
06-28 16:20:18.310   794  2726 I ActivityManager: Killing 2483:com.android.settings:CryptKeeper/1000 (adj 906): empty #17
06-28 16:20:18.320   794   877 W VoiceInteractionManagerService: no available voice interaction services found for user 0
06-28 16:20:18.344   794   794 I Telecom : DefaultDialerCache: Refreshing default dialer for user 0: now com.android.dialer: DDC.oR@ACg
06-28 16:20:18.353   794   794 I Telecom : DefaultDialerCache: Refreshing default dialer for user 0: now com.android.dialer: DDC.oR@ACk
06-28 16:20:18.377   794   794 I Telecom : DefaultDialerCache: Refreshing default dialer for user 0: now com.android.dialer: DDC.oR@ACo
06-28 16:20:18.379   794   877 W VoiceInteractionManagerService: no available voice interaction services found for user 0
06-28 16:20:18.418   794   794 I Telecom : DefaultDialerCache: Refreshing default dialer for user 0: now com.android.dialer: DDC.oR@ACs
06-28 16:20:18.419   794   877 W VoiceInteractionManagerService: no available voice interaction services found for user 0
06-28 16:20:18.498   794   877 W VoiceInteractionManagerService: no available voice interaction services found for user 0
06-28 16:20:18.505   794  2332 I ActivityManager: Killing 2744:android.ext.services/u0a12 (adj 906): empty #17
06-28 16:20:18.599   794   877 W VoiceInteractionManagerService: no available voice interaction services found for user 0
06-28 16:20:18.619   794   877 I chatty  : uid=1000(system) android.bg identical 1 line
06-28 16:20:18.637   794   877 W VoiceInteractionManagerService: no available voice interaction services found for user 0
06-28 16:20:18.864   794  2568 I ActivityManager: Finished processing BOOT_COMPLETED for u0
06-28 16:20:21.127   794  1297 W AppOps  : Finishing op nesting under-run: uid 1000 pkg android code 24 time=0 duration=0 nesting=0
06-28 16:20:30.832   794   878 I ActivityManager: Waited long enough for: ServiceRecord{655ccd5 u0 com.android.calendar/.alerts.InitAlarmsService}
06-28 16:20:39.200   794  2568 I ActivityManager: Killing 2866:com.android.provision/u0a19 (adj 906): empty #17
06-28 16:20:39.219   794  2272 I ActivityManager: Killing 2994:com.android.quicksearchbox/u0a58 (adj 906): empty #17
06-28 16:20:50.848   794   889 I PowerManagerService: Going to sleep due to screen timeout (uid 1000)...
06-28 16:20:51.444   794   889 I DisplayPowerController: Blocking screen off
06-28 16:20:51.445   794   889 I DisplayPowerController: Unblocked screen off after 2 ms
06-28 16:20:51.476   794   887 I DisplayManagerService: Display device changed state: "Built-in Screen", OFF
06-28 16:20:51.480   794  1297 W LocalDisplayAdapter: Unable to find color mode 0, ignoring request.
06-28 16:20:51.619   794   889 I DreamManagerService: Entering dreamland.
06-28 16:20:51.621   794   889 I PowerManagerService: Dozing...
06-28 16:20:51.624   794   885 I DreamController: Starting dream: name=ComponentInfo{com.android.systemui/com.android.systemui.doze.DozeService}, isTest=false, canDoze=true, userId=0
06-28 16:20:55.900   794  2568 D CryptdConnector: SND -> {3 cryptfs getpw}
06-28 16:20:55.902   383   393 D VoldCryptCmdListener: cryptfs getpw
06-28 16:20:55.902   794  1480 D CryptdConnector: RCV <- {200 3 -1}
06-28 16:20:55.904   794  2568 D CryptdConnector: SND -> {4 cryptfs clearpw}
06-28 16:20:55.905   383   393 D VoldCryptCmdListener: cryptfs clearpw
06-28 16:20:55.906   794  1480 D CryptdConnector: RCV <- {200 4 0}
06-28 16:20:59.194   794  1427 I PowerManagerService: Waking up from dozing (uid=1000 reason=android.policy:POWER)...
06-28 16:20:59.204   794   889 I DisplayPowerController: Blocking screen on until initial contents have been drawn.
06-28 16:20:59.218   794   887 I DisplayManagerService: Display device changed state: "Built-in Screen", ON
06-28 16:20:59.220   794  1297 W LocalDisplayAdapter: Unable to find color mode 0, ignoring request.
06-28 16:20:59.487   794   889 I DisplayPowerController: Unblocked screen on after 283 ms
06-28 16:20:59.489   794   889 W PowerManagerService: Screen on took 305 ms
06-28 16:20:59.490   794   889 I DreamManagerService: Gently waking up from dream.
06-28 16:20:59.491   794   885 I DreamManagerService: Performing gentle wake from dream.
06-28 16:20:59.508   794  2879 I DreamManagerService: Leaving dreamland.
06-28 16:20:59.509   794   885 I DreamManagerService: Performing gentle wake from dream.
06-28 16:20:59.509   794   885 I DreamController: Stopping dream: name=ComponentInfo{com.android.systemui/com.android.systemui.doze.DozeService}, isTest=false, canDoze=true, userId=0
06-28 16:21:06.082   794  2332 I ActivityManager: START u0 {act=android.intent.action.MAIN cat=[android.intent.category.LAUNCHER] flg=0x10200000 cmp=com.android.settings/.Settings bnds=[439,756][641,1034]} from uid 10015
06-28 16:21:06.376   794   881 E BatteryExternalStatsWorker: no controller energy info supplied for wifi
06-28 16:21:06.397   794   881 E KernelUidCpuFreqTimeReader: Failed to read /proc/uid_time_in_state: java.io.FileNotFoundException: /proc/uid_time_in_state (No such file or directory)
06-28 16:21:06.399   794   881 E KernelCpuSpeedReader: Failed to read cpu-freq: /sys/devices/system/cpu/cpu4/cpufreq/stats/time_in_state (No such file or directory)
06-28 16:21:07.943   794  2568 I ActivityManager: START u0 {flg=0x8000 cmp=com.android.settings/.Settings$SystemDashboardActivity (has extras)} from uid 1000
06-28 16:21:09.134   794  2332 I ActivityManager: START u0 {act=android.intent.action.MAIN cmp=com.android.settings/.SubSettings (has extras)} from uid 1000
06-28 16:21:10.945   794  2726 I NotificationService: cancelToast pkg=com.android.settings callback=android.app.ITransientNotification$Stub$Proxy@5387b7a
06-28 16:21:10.947   794  2726 W WindowManager: removeWindowToken: Attempted to remove non-existing token: android.os.Binder@733ca22
06-28 16:21:11.110   794  2724 I NotificationService: cancelToast pkg=com.android.settings callback=android.app.ITransientNotification$Stub$Proxy@542d546
06-28 16:21:11.113   794  2724 W WindowManager: removeWindowToken: Attempted to remove non-existing token: android.os.Binder@b3d510f
06-28 16:21:11.266   794  2272 I NotificationService: cancelToast pkg=com.android.settings callback=android.app.ITransientNotification$Stub$Proxy@b46ffd2
06-28 16:21:11.274   794  2272 W WindowManager: removeWindowToken: Attempted to remove non-existing token: android.os.Binder@d330d21
06-28 16:21:11.448   794  2306 I NotificationService: cancelToast pkg=com.android.settings callback=android.app.ITransientNotification$Stub$Proxy@4c07ab8
06-28 16:21:11.453   794  2306 W WindowManager: removeWindowToken: Attempted to remove non-existing token: android.os.Binder@7125a5d
06-28 16:21:13.446   794  2332 I ActivityManager: START u0 {act=android.intent.action.MAIN cmp=com.android.settings/.SubSettings (has extras)} from uid 1000
06-28 16:21:13.562   794  2880 E UserRestrictionsUtils: Unknown restriction: null
06-28 16:21:13.566   794  2726 E UserRestrictionsUtils: Unknown restriction: null
06-28 16:21:13.576   794  2726 E UserRestrictionsUtils: Unknown restriction: null
06-28 16:21:13.633   794  2568 D CryptdConnector: SND -> {5 cryptfs isConvertibleToFBE}
06-28 16:21:13.633   383   393 D VoldCryptCmdListener: cryptfs isConvertibleToFBE
06-28 16:21:13.634   794  1480 D CryptdConnector: RCV <- {200 5 1}
06-28 16:21:14.967   794   794 W WindowManager: removeWindowToken: Attempted to remove non-existing token: android.os.Binder@c06f91b
06-28 16:21:16.501   794   794 I Telecom : DefaultDialerCache: Refreshing default dialer for user 0: now com.android.dialer: DDC.oR@AC8
06-28 16:21:16.530   794   877 W VoiceInteractionManagerService: no available voice interaction services found for user 0
06-28 16:21:20.975   794   885 I UsbDeviceManager: Setting USB config to adb
06-28 16:21:21.285   794  2306 I ActivityManager: Killing 3332:com.android.calendar/u0a36 (adj 906): empty #17
06-28 16:21:23.049   794  3869 D UsbDebuggingManager: Received public key: QAAAAEEK2Tc/+tNaRfOnl2pjGAWrpYkeFHPi2/6lWQlERijl0y8ZsGzIyT++irriR1r+fR03qUY/QAQn+TChRm4DXNTTvLsI3vZAv8AfOacyTs+vQGyh3pwWIhinjCCMgaswQ2pj+x2PZlSUdTw/lZCh/W/E9Abh94J0sUVHxGry1YM/5Y4zqyztdIxK5TI0/b7lE4f/9WjugBZ8DY/bYX7yWEmb///V+xS8ZfYYwVYzqMjl6NGO8ORhdNa86QyA1DgKhSZWfiawZx3mBccl4b8pt1kwgsLI3eUh6fxA2tZbWNJiS15FQA/OMiXkK2/ef0JOOtLuHF3+ly4ch4HCYjXBhefTCMe4wWF1yippSmTKRsQQOhbHVvDfG7DKqY8vK328Eq0TBIjSpE5fo0C9Xo/STDYMawgrnNX12ejtYw9iqEO7U39HEgivCb6yQtby/xkqHV9iHkZux+hPjNZlSGwPe2KfmkMnhOAd02c7RIrt0U6ETcvPZSiKMbHDKReDl+4k6tSIegqP/bf9qhbxfrCUMeYyfctA9mmNEpezyxg9paPAK72IzE5snGrpBWkCZyIK8rNCGjm0Ym0Vilkle6Bzm13GSWySeylRsK9zTkzHJj1bw9yhqIwe0Et9MQux7debgo+LUdCcYhdtlEFgbbuj7GxvlcdRNe/7q7ZFuxGOOutHPtbOVwEAAQA= root@vxidr0ysue
06-28 16:21:23.055   794   885 I ActivityManager: START u0 {flg=0x10000000 cmp=com.android.systemui/.usb.UsbDebuggingActivity (has extras)} from uid 1000
06-28 16:21:45.658   794  3869 D UsbDebuggingManager: Received public key: QAAAAEEK2Tc/+tNaRfOnl2pjGAWrpYkeFHPi2/6lWQlERijl0y8ZsGzIyT++irriR1r+fR03qUY/QAQn+TChRm4DXNTTvLsI3vZAv8AfOacyTs+vQGyh3pwWIhinjCCMgaswQ2pj+x2PZlSUdTw/lZCh/W/E9Abh94J0sUVHxGry1YM/5Y4zqyztdIxK5TI0/b7lE4f/9WjugBZ8DY/bYX7yWEmb///V+xS8ZfYYwVYzqMjl6NGO8ORhdNa86QyA1DgKhSZWfiawZx3mBccl4b8pt1kwgsLI3eUh6fxA2tZbWNJiS15FQA/OMiXkK2/ef0JOOtLuHF3+ly4ch4HCYjXBhefTCMe4wWF1yippSmTKRsQQOhbHVvDfG7DKqY8vK328Eq0TBIjSpE5fo0C9Xo/STDYMawgrnNX12ejtYw9iqEO7U39HEgivCb6yQtby/xkqHV9iHkZux+hPjNZlSGwPe2KfmkMnhOAd02c7RIrt0U6ETcvPZSiKMbHDKReDl+4k6tSIegqP/bf9qhbxfrCUMeYyfctA9mmNEpezyxg9paPAK72IzE5snGrpBWkCZyIK8rNCGjm0Ym0Vilkle6Bzm13GSWySeylRsK9zTkzHJj1bw9yhqIwe0Et9MQux7debgo+LUdCcYhdtlEFgbbuj7GxvlcdRNe/7q7ZFuxGOOutHPtbOVwEAAQA= root@vxidr0ysue
06-28 16:21:45.665   794   885 I ActivityManager: START u0 {flg=0x10000000 cmp=com.android.systemui/.usb.UsbDebuggingActivity (has extras)} from uid 1000
06-28 16:21:52.616   794  2272 I ActivityManager: START u0 {act=android.intent.action.MAIN cmp=com.android.settings/.SubSettings (has extras)} from uid 1000
06-28 16:21:52.682   794   805 E UserRestrictionsUtils: Unknown restriction: null
06-28 16:21:58.236   794  2880 I ActivityManager: START u0 {act=android.intent.action.MAIN cmp=com.android.settings/.SubSettings (has extras)} from uid 1000
06-28 16:21:58.349   794  2726 E UserRestrictionsUtils: Unknown restriction: null
06-28 16:21:58.351   794  2724 E UserRestrictionsUtils: Unknown restriction: null
06-28 16:21:58.358   794   805 E UserRestrictionsUtils: Unknown restriction: null
06-28 16:21:58.392   794  2726 D CryptdConnector: SND -> {6 cryptfs isConvertibleToFBE}
06-28 16:21:58.393   383   393 D VoldCryptCmdListener: cryptfs isConvertibleToFBE
06-28 16:21:58.393   794  1480 D CryptdConnector: RCV <- {200 6 1}
06-28 16:22:01.798   794  2724 I ActivityManager: START u0 {act=android.intent.action.MAIN cmp=com.android.settings/.SubSettings (has extras)} from uid 1000
06-28 16:22:01.869   794  2879 E UserRestrictionsUtils: Unknown restriction: null
06-28 16:22:04.017   794  2272 I ActivityManager: START u0 {act=android.intent.action.MAIN cmp=com.android.settings/.SubSettings (has extras)} from uid 1000
06-28 16:22:10.414   794   794 D ConditionProviders.SCP: onReceive android.intent.action.TIMEZONE_CHANGED
06-28 16:22:10.415   794   794 D ConditionProviders.SCP: notifyCondition condition://android/schedule?days=6.7&start=23.30&end=10.0&exitAtAlarm=false STATE_FALSE reason=!meetsSchedule
06-28 16:22:10.418   794   794 D ConditionProviders.SCP: notifyCondition condition://android/schedule?days=1.2.3.4.5&start=22.0&end=7.0&exitAtAlarm=false STATE_FALSE reason=!meetsSchedule
06-28 16:22:10.432   794   878 I ActivityManager: Start proc 3991:com.android.calendar/u0a36 for broadcast com.android.calendar/.widget.CalendarAppWidgetService$CalendarFactory
06-28 16:22:10.434   794   794 D ConditionProviders.SCP: Scheduling evaluate for Sun Jun 28 22:00:00 GMT+08:00 1970 (15429600000), in +5h37m49s586ms, now=Sun Jun 28 16:22:10 GMT+08:00 1970 (15409330414)
01-13 16:22:24.242   794   794 D ConditionProviders.SCP: onReceive android.intent.action.TIME_SET
01-13 16:22:24.248   794   794 D ConditionProviders.SCP: notifyCondition condition://android/schedule?days=6.7&start=23.30&end=10.0&exitAtAlarm=false STATE_FALSE reason=!meetsSchedule
01-13 16:22:24.249   794   794 D ConditionProviders.SCP: notifyCondition condition://android/schedule?days=1.2.3.4.5&start=22.0&end=7.0&exitAtAlarm=false STATE_FALSE reason=!meetsSchedule
01-13 16:22:24.250   794   794 D ConditionProviders.SCP: Scheduling evaluate for Wed Jan 13 22:00:00 GMT+08:00 2021 (1610546400000), in +5h37m35s758ms, now=Wed Jan 13 16:22:24 GMT+08:00 2021 (1610526144242)
01-13 16:22:24.252   794   794 D ConditionProviders.SCP: onReceive ScheduleConditionProvider.EVALUATE
01-13 16:22:24.252   794   794 D ConditionProviders.SCP: notifyCondition condition://android/schedule?days=6.7&start=23.30&end=10.0&exitAtAlarm=false STATE_FALSE reason=!meetsSchedule
01-13 16:22:24.253   794   794 D ConditionProviders.SCP: notifyCondition condition://android/schedule?days=1.2.3.4.5&start=22.0&end=7.0&exitAtAlarm=false STATE_FALSE reason=!meetsSchedule
01-13 16:22:24.262   794   877 I UsageStatsService: Time changed in UsageStats by 1595116799 seconds
01-13 16:22:24.262   794   877 I UsageStatsService: User[0] Flushing usage stats to disk
01-13 16:22:24.267   794   794 D ConditionProviders.SCP: Scheduling evaluate for Wed Jan 13 22:00:00 GMT+08:00 2021 (1610546400000), in +5h37m35s748ms, now=Wed Jan 13 16:22:24 GMT+08:00 2021 (1610526144252)
01-13 16:22:24.318   794   877 I UsageStatsDatabase: Time changed by +18461d23h59m59s999ms. files deleted: 0 files moved: 4
01-13 16:22:24.327   794   877 I UsageStatsService: User[0] Rollover scheduled @ 2021-01-14 08:20:04(1610612404654)
01-13 16:22:28.057  2525  2525 W ContextImpl: Calling a method in the system process without a qualified user: android.app.ContextImpl.sendBroadcast:966 android.content.ContextWrapper.sendBroadcast:437 com.android.settings.datetime.TimeFormatPreferenceController.timeUpdated:104 com.android.settings.datetime.TimeFormatPreferenceController.handlePreferenceTreeClick:84 com.android.settings.dashboard.DashboardFragment.onPreferenceTreeClick:169 
01-13 16:22:28.071   794   794 D ConditionProviders.SCP: onReceive android.intent.action.TIME_SET
01-13 16:22:28.072   794   794 D ConditionProviders.SCP: notifyCondition condition://android/schedule?days=6.7&start=23.30&end=10.0&exitAtAlarm=false STATE_FALSE reason=!meetsSchedule
01-13 16:22:28.072   794   794 D ConditionProviders.SCP: notifyCondition condition://android/schedule?days=1.2.3.4.5&start=22.0&end=7.0&exitAtAlarm=false STATE_FALSE reason=!meetsSchedule
01-13 16:22:28.080   794   794 D ConditionProviders.SCP: Scheduling evaluate for Wed Jan 13 22:00:00 GMT+08:00 2021 (1610546400000), in +5h37m31s929ms, now=Wed Jan 13 16:22:28 GMT+08:00 2021 (1610526148071)
01-13 16:22:28.084   794  2726 W BroadcastQueue: Background execution not allowed: receiving Intent { act=android.intent.action.TIME_SET flg=0x10 (has extras) } to com.android.deskclock/.AlarmInitReceiver
01-13 16:22:28.087   794   878 W BroadcastQueue: Background execution not allowed: receiving Intent { act=android.intent.action.TIME_SET flg=0x10 (has extras) } to com.android.deskclock/com.android.alarmclock.DigitalAppWidgetProvider
01-13 21:55:00.007   794   794 D ConditionProviders.SCP: onReceive android.intent.action.TIME_SET
01-13 21:55:00.008   794   794 D ConditionProviders.SCP: notifyCondition condition://android/schedule?days=6.7&start=23.30&end=10.0&exitAtAlarm=false STATE_FALSE reason=!meetsSchedule
01-13 21:55:00.009   794   794 D ConditionProviders.SCP: notifyCondition condition://android/schedule?days=1.2.3.4.5&start=22.0&end=7.0&exitAtAlarm=false STATE_FALSE reason=!meetsSchedule
01-13 21:55:00.022   794   794 D ConditionProviders.SCP: Scheduling evaluate for Wed Jan 13 22:00:00 GMT+08:00 2021 (1610546400000), in +4m59s993ms, now=Wed Jan 13 21:55:00 GMT+08:00 2021 (1610546100007)
01-13 21:55:00.028   794   877 I UsageStatsService: Time changed in UsageStats by 19944 seconds
01-13 21:55:00.028   794   877 I UsageStatsService: User[0] Flushing usage stats to disk
01-13 21:55:00.091   794   877 I UsageStatsDatabase: Time changed by +5h32m24s485ms. files deleted: 0 files moved: 4
01-13 21:55:00.100   794   877 I UsageStatsService: User[0] Rollover scheduled @ 2021-01-14 13:52:29(1610632349139)
01-13 21:55:01.818   794   881 E BatteryExternalStatsWorker: no controller energy info supplied for wifi
01-13 21:55:01.835   794   881 E KernelUidCpuFreqTimeReader: Failed to read /proc/uid_time_in_state: java.io.FileNotFoundException: /proc/uid_time_in_state (No such file or directory)
01-13 21:55:01.836   794   881 E KernelCpuSpeedReader: Failed to read cpu-freq: /sys/devices/system/cpu/cpu4/cpufreq/stats/time_in_state (No such file or directory)
01-13 21:55:03.377   794   805 I ActivityManager: START u0 {flg=0x8000 cmp=com.android.settings/.Settings$SystemDashboardActivity (has extras)} from uid 1000
01-13 21:55:04.377   794  2332 I ActivityManager: START u0 {act=android.intent.action.MAIN cmp=com.android.settings/.SubSettings (has extras)} from uid 1000
01-13 21:55:04.506   794   805 E UserRestrictionsUtils: Unknown restriction: null
01-13 21:55:09.920   794  2332 I ActivityManager: START u0 {act=android.intent.action.MAIN cmp=com.android.settings/.SubSettings (has extras)} from uid 1000
01-13 21:55:17.909   794  2724 I ActivityManager: Config changes=4 {1.0 ?mcc?mnc [en_US,zh_CN_#Hans] ldltr sw411dp w411dp h659dp 420dpi nrml port finger -keyb/v/h -nav/h appBounds=Rect(0, 0 - 1080, 1794) s.6}
01-13 21:55:17.910   794   878 D CryptdConnector: SND -> {7 cryptfs setfield SystemLocale en-US}
01-13 21:55:17.928   794  1480 D CryptdConnector: RCV <- {200 7 0}
01-13 21:55:17.944   794  2724 I ActivityManager: Override config changes=4 {1.0 ?mcc?mnc [en_US,zh_CN_#Hans] ldltr sw411dp w411dp h659dp 420dpi nrml port finger -keyb/v/h -nav/h appBounds=Rect(0, 0 - 1080, 1794) s.6} for displayId=0
01-13 21:55:17.987   794   885 D UsbDeviceManager: Clear notification
01-13 21:55:17.992   794   885 D UsbDeviceManager: push notification:USB charging this device
01-13 21:55:18.048   794   794 W InputMethodManagerService: Illegal subtype state: old subtype = null, new subtype = android.view.inputmethod.InputMethodSubtype@c9194f98
01-13 21:55:18.049   794   794 I Telecom : : Locale change; recreating channels.
01-13 21:55:18.122   794   805 I ActivityManager: Start proc 4146:com.android.carrierdefaultapp/u0a35 for broadcast com.android.carrierdefaultapp/.CarrierDefaultBroadcastReceiver
01-13 21:55:18.436   794  1297 I WindowManager: Screen frozen for +487ms due to Window{f6e7893 u0 NavigationBar}
01-13 21:55:19.570   794  2332 I ActivityManager: Config changes=2004 {1.0 ?mcc?mnc [zh_CN_#Hans,en_US] ldltr sw411dp w411dp h659dp 420dpi nrml port finger -keyb/v/h -nav/h appBounds=Rect(0, 0 - 1080, 1794) s.7}
01-13 21:55:19.571   794   878 D CryptdConnector: SND -> {8 cryptfs setfield SystemLocale zh-Hans-CN}
01-13 21:55:19.591   794  1480 D CryptdConnector: RCV <- {200 8 0}
01-13 21:55:19.715   794  2332 I ActivityManager: Override config changes=2004 {1.0 ?mcc?mnc [zh_CN_#Hans,en_US] ldltr sw411dp w411dp h659dp 420dpi nrml port finger -keyb/v/h -nav/h appBounds=Rect(0, 0 - 1080, 1794) s.7} for displayId=0
01-13 21:55:19.844   794   878 I ActivityManager: Start proc 4179:com.android.quicksearchbox/u0a58 for broadcast com.android.quicksearchbox/.SearchWidgetProvider
01-13 21:55:19.964  2464  2464 I TelecomFramework: PstnIncomingCallNotifier: Unregistering: Handler (com.android.internal.telephony.GsmCdmaPhone) {d929a2d}
01-13 21:55:19.986   794   885 D UsbDeviceManager: Clear notification
01-13 21:55:19.988   794   885 D UsbDeviceManager: push notification: USB 
01-13 21:55:20.022   794   794 W InputMethodManagerService: Illegal subtype state: old subtype = null, new subtype = android.view.inputmethod.InputMethodSubtype@c9194f98
01-13 21:55:20.023   794   794 I Telecom : : Locale change; recreating channels.
01-13 21:55:20.031   794   806 I Telecom : PhoneAccountRegistrar: Modify account: [ComponentInfo{com.android.phone/com.android.services.telephony.TelephonyConnectionService}, [****], UserHandle{0}(lbl:  -> Emergency calls)(desc:  -> Emergency calling only)]: TSI.rPA@ADU
01-13 21:55:20.046  2464  2464 I TelecomFramework: AccountEntry: Registered phoneAccount: [[ ] PhoneAccount: ComponentInfo{com.android.phone/com.android.services.telephony.TelephonyConnectionService}, [****], UserHandle{0} Capabilities: CallProvider MultiUser PlaceEmerg SimSub  Audio Routes: BESW Schemes: tel voicemail  Extras: Bundle[{android.telecom.extra.SUPPORTS_VIDEO_CALLING_FALLBACK=false}] GroupId: [****]] with handle: ComponentInfo{com.android.phone/com.android.services.telephony.TelephonyConnectionService}, [****], UserHandle{0}
01-13 21:55:20.046  2464  2464 I TelecomFramework: PstnIncomingCallNotifier: Registering: Handler (com.android.internal.telephony.GsmCdmaPhone) {d929a2d}
01-13 21:55:20.052  2464  2464 I TelecomFramework: PstnPhoneCapabilitiesNotifier: handleVideoCapabilitesChanged. Video capability - false
01-13 21:55:20.075   794   805 I Telecom : PhoneAccountRegistrar: Modify account: [ComponentInfo{com.android.phone/com.android.services.telephony.TelephonyConnectionService}, [****], UserHandle{0}]: TSI.rPA@ADg
01-13 21:55:20.318   794  1297 I WindowManager: Screen frozen for +598ms due to Window{f6e7893 u0 NavigationBar}
01-13 21:55:20.545   794  2880 E UserRestrictionsUtils: Unknown restriction: null
01-13 21:55:20.876   794  2332 I ActivityManager: Killing 3352:com.android.camera2/u0a38 (adj 906): empty #17
01-13 21:55:21.256  2525  2525 W ViewRootImpl[Settings$SystemDashboardActivity]: Dropping event due to no window focus: KeyEvent { action=ACTION_DOWN, keyCode=KEYCODE_BACK, scanCode=0, metaState=0, flags=0x48, repeatCount=0, eventTime=209104, downTime=209104, deviceId=-1, source=0x101 }
01-13 21:55:21.256  2525  2525 W ViewRootImpl[Settings$SystemDashboardActivity]: Cancelling event due to no window focus: KeyEvent { action=ACTION_UP, keyCode=KEYCODE_BACK, scanCode=0, metaState=0, flags=0x68, repeatCount=0, eventTime=209269, downTime=209104, deviceId=-1, source=0x101 }
01-13 21:55:21.257  2525  2525 I chatty  : uid=1000(system) com.android.settings identical 7 lines
01-13 21:55:21.257  2525  2525 W ViewRootImpl[Settings$SystemDashboardActivity]: Cancelling event due to no window focus: KeyEvent { action=ACTION_UP, keyCode=KEYCODE_BACK, scanCode=0, metaState=0, flags=0x68, repeatCount=0, eventTime=209269, downTime=209104, deviceId=-1, source=0x101 }
01-13 21:55:21.260  2525  2525 W ViewRootImpl[Settings$SystemDashboardActivity]: Dropping event due to no window focus: KeyEvent { action=ACTION_DOWN, keyCode=KEYCODE_BACK, scanCode=0, metaState=0, flags=0x48, repeatCount=0, eventTime=209269, downTime=209269, deviceId=-1, source=0x101 }
01-13 21:55:21.329  2525  2525 W ViewRootImpl[Settings$SystemDashboardActivity]: Cancelling event due to no window focus: KeyEvent { action=ACTION_UP, keyCode=KEYCODE_BACK, scanCode=0, metaState=0, flags=0x68, repeatCount=0, eventTime=209344, downTime=209269, deviceId=-1, source=0x101 }
01-13 21:55:21.329  2525  2525 I chatty  : uid=1000(system) com.android.settings identical 7 lines
01-13 21:55:21.329  2525  2525 W ViewRootImpl[Settings$SystemDashboardActivity]: Cancelling event due to no window focus: KeyEvent { action=ACTION_UP, keyCode=KEYCODE_BACK, scanCode=0, metaState=0, flags=0x68, repeatCount=0, eventTime=209344, downTime=209269, deviceId=-1, source=0x101 }
01-13 21:55:21.526   794   881 E BatteryExternalStatsWorker: no controller energy info supplied for wifi
01-13 21:55:21.550   794   881 E KernelUidCpuFreqTimeReader: Failed to read /proc/uid_time_in_state: java.io.FileNotFoundException: /proc/uid_time_in_state (No such file or directory)
01-13 21:55:21.554   794   881 E KernelCpuSpeedReader: Failed to read cpu-freq: /sys/devices/system/cpu/cpu4/cpufreq/stats/time_in_state (No such file or directory)
01-13 21:55:21.607  2525  2525 W ViewRootImpl[Settings]: Dropping event due to no window focus: KeyEvent { action=ACTION_DOWN, keyCode=KEYCODE_BACK, scanCode=0, metaState=0, flags=0x48, repeatCount=0, eventTime=209536, downTime=209536, deviceId=-1, source=0x101 }
01-13 21:55:21.614  2525  2525 W ViewRootImpl[Settings]: Cancelling event due to no window focus: KeyEvent { action=ACTION_UP, keyCode=KEYCODE_BACK, scanCode=0, metaState=0, flags=0x68, repeatCount=0, eventTime=209611, downTime=209536, deviceId=-1, source=0x101 }
01-13 21:55:21.614  2525  2525 I chatty  : uid=1000(system) com.android.settings identical 7 lines
01-13 21:55:21.614  2525  2525 W ViewRootImpl[Settings]: Cancelling event due to no window focus: KeyEvent { action=ACTION_UP, keyCode=KEYCODE_BACK, scanCode=0, metaState=0, flags=0x68, repeatCount=0, eventTime=209611, downTime=209536, deviceId=-1, source=0x101 }
01-13 21:55:21.976   794  1426 I ActivityManager: START u0 {act=android.intent.action.MAIN cat=[android.intent.category.HOME] flg=0x10200000 cmp=com.android.launcher3/.Launcher (has extras)} from uid 1000
01-13 21:55:22.091   794  1297 I WindowManager: Failed to capture screenshot of Token{1e2933 ActivityRecord{80ab8a2 u0 com.android.settings/.SubSettings t5 f}} appWin=Window{8beaada u0 com.android.settings/com.android.settings.SubSettings} drawState=4
01-13 21:55:22.323   794   878 I ActivityManager: Killing 3414:com.android.contacts/u0a8 (adj 906): empty #17
01-13 21:55:22.740   794  1426 I ActivityManager: START u0 {act=android.intent.action.MAIN cat=[android.intent.category.HOME] flg=0x10200000 cmp=com.android.launcher3/.Launcher (has extras)} from uid 1000
01-13 21:55:24.715   794  2568 I ActivityManager: START u0 {act=android.intent.action.MAIN cat=[android.intent.category.LAUNCHER] flg=0x10200000 cmp=com.android.settings/.Settings bnds=[35,478][237,756]} from uid 10015
01-13 21:55:24.837   794   881 E BatteryExternalStatsWorker: no controller energy info supplied for wifi
01-13 21:55:24.855   794   881 E KernelUidCpuFreqTimeReader: Failed to read /proc/uid_time_in_state: java.io.FileNotFoundException: /proc/uid_time_in_state (No such file or directory)
01-13 21:55:24.856   794   881 E KernelCpuSpeedReader: Failed to read cpu-freq: /sys/devices/system/cpu/cpu4/cpufreq/stats/time_in_state (No such file or directory)
01-13 21:55:25.967   794  2306 I ActivityManager: START u0 {flg=0x8000 cmp=com.android.settings/.Settings$NetworkDashboardActivity (has extras)} from uid 1000
01-13 21:55:26.100   794   805 D NetworkStats: Resolving plan for NetworkTemplate: matchRule=MOBILE_ALL, subscriberId=AAAABB..., matchSubscriberIds=[AAAABB...]
01-13 21:55:26.102   794   805 D NetworkStats: Resolved to plan null
01-13 21:55:26.273   794   806 D NetworkStats: Resolving plan for NetworkTemplate: matchRule=MOBILE_ALL, subscriberId=AAAABB..., matchSubscriberIds=[AAAABB...]
01-13 21:55:26.275   794   806 D NetworkStats: Resolved to plan null
01-13 21:55:26.895   794  2568 I ActivityManager: START u0 {act=android.intent.action.MAIN cmp=com.android.settings/.SubSettings (has extras)} from uid 1000
01-13 21:55:54.145   794  2568 D WifiService: setWifiEnabled: true pid=2525, uid=1000, package=com.android.settings
01-13 21:55:54.153   420   420 I android.hardware.wifi@1.0-service: Wifi HAL started
01-13 21:55:55.077   584   584 I wificond: create scanner for interface with index: 22
01-13 21:55:55.077   584   584 I wificond: subscribe scan result for interface with index: 22
01-13 21:55:55.079   584   584 E wificond: No Offload Service available
01-13 21:55:55.080   584   584 I wificond: Offload HAL not supported 
01-13 21:55:55.366   794   881 E BatteryExternalStatsWorker: no controller energy info supplied for wifi
01-13 21:55:55.379   794   881 E BatteryExternalStatsWorker: no controller energy info supplied for wifi
01-13 21:55:55.424   794  2724 I ActivityManager: Killing 3308:com.android.dialer/u0a11 (adj 906): empty #17
01-13 21:55:55.471   794  2306 D NetworkStats: Resolving plan for NetworkTemplate: matchRule=MOBILE_ALL, subscriberId=AAAABB..., matchSubscriberIds=[AAAABB...]
01-13 21:55:55.478   794  2306 D NetworkStats: Resolved to plan null
01-13 21:55:55.595   794   806 D NetworkStats: Resolving plan for NetworkTemplate: matchRule=MOBILE_ALL, subscriberId=AAAABB..., matchSubscriberIds=[AAAABB...]
01-13 21:55:55.596   794   806 D NetworkStats: Resolved to plan null
01-13 21:55:56.586   794   881 E BatteryExternalStatsWorker: no controller energy info supplied for wifi
01-13 21:55:56.604   794   881 E KernelCpuSpeedReader: Failed to read cpu-freq: /sys/devices/system/cpu/cpu4/cpufreq/stats/time_in_state (No such file or directory)
01-13 21:56:01.719   794  2272 I ActivityManager: START u0 {flg=0x8000 cmp=com.android.settings/.Settings$DisplaySettingsActivity (has extras)} from uid 1000
01-13 21:56:01.797   794  2879 E UserRestrictionsUtils: Unknown restriction: null
01-13 21:56:01.799   794  2272 E UserRestrictionsUtils: Unknown restriction: null
01-13 21:56:01.824   794  2879 W DreamManagerService: Dream ComponentInfo{com.google.android.deskclock/com.android.deskclock.Screensaver} does not exist
01-13 21:56:01.824   794  2879 W DreamManagerService: Falling back to default dream ComponentInfo{com.google.android.deskclock/com.android.deskclock.Screensaver}
01-13 21:56:01.863   794  2879 W DreamManagerService: Dream ComponentInfo{com.google.android.deskclock/com.android.deskclock.Screensaver} does not exist
01-13 21:56:01.863   794  2879 W DreamManagerService: Falling back to default dream ComponentInfo{com.google.android.deskclock/com.android.deskclock.Screensaver}
01-13 21:56:04.223   794   881 E BatteryExternalStatsWorker: no controller energy info supplied for wifi
01-13 21:56:04.247   794   881 E KernelCpuSpeedReader: Failed to read cpu-freq: /sys/devices/system/cpu/cpu4/cpufreq/stats/time_in_state (No such file or directory)
01-13 21:56:05.465   794  2879 I ActivityManager: START u0 {flg=0x8000 cmp=com.android.settings/.Settings$NetworkDashboardActivity (has extras)} from uid 1000
01-13 21:56:05.555   794  2880 D NetworkStats: Resolving plan for NetworkTemplate: matchRule=MOBILE_ALL, subscriberId=AAAABB..., matchSubscriberIds=[AAAABB...]
01-13 21:56:05.556   794  2880 D NetworkStats: Resolved to plan null
01-13 21:56:05.674   794   806 D NetworkStats: Resolving plan for NetworkTemplate: matchRule=MOBILE_ALL, subscriberId=AAAABB..., matchSubscriberIds=[AAAABB...]
01-13 21:56:05.675   794   806 D NetworkStats: Resolved to plan null
01-13 21:56:06.546   794  2880 I ActivityManager: START u0 {act=android.intent.action.MAIN cmp=com.android.settings/.SubSettings (has extras)} from uid 1000
01-13 21:56:15.272   794  1966 D WifiService: New client listening to asynchronous messages
01-13 21:56:15.273   794  1966 D WifiService: SAVE nid=0 uid=1000 name=android.uid.system:1000
01-13 21:56:15.277   794  1966 D WifiService: Save network with config * ID: -1 SSID: "HWroysue" PROVIDER-NAME: null BSSID: null FQDN: null PRIO: 0 HIDDEN: false
01-13 21:56:15.277   794  1966 D WifiService:  NetworkSelectionStatus NETWORK_SELECTION_ENABLED
01-13 21:56:15.277   794  1966 D WifiService:  hasEverConnected: false
01-13 21:56:15.277   794  1966 D WifiService:  KeyMgmt: WPA_PSK Protocols:
01-13 21:56:15.277   794  1966 D WifiService:  AuthAlgorithms:
01-13 21:56:15.277   794  1966 D WifiService:  PairwiseCiphers:
01-13 21:56:15.277   794  1966 D WifiService:  GroupCiphers:
01-13 21:56:15.277   794  1966 D WifiService:  PSK: *
01-13 21:56:15.277   794  1966 D WifiService: Enterprise config:
01-13 21:56:15.277   794  1966 D WifiService: IP config:
01-13 21:56:15.277   794  1966 D WifiService: IP assignment: DHCP
01-13 21:56:15.277   794  1966 D WifiService: Proxy settings: NONE
01-13 21:56:15.277   794  1966 D WifiService:  cuid=-1 luid=-1 lcuid=0 userApproved=USER_UNSPECIFIED noInternetAccessExpected=false roamingFailureBlackListTimeMilli: 1000
01-13 21:56:15.277   794  1966 D WifiService: recentFailure: Association Rejection code: 0
01-13 21:56:15.278   794  1966 D WifiService: CONNECT  nid=-1 uid=1000 name=android.uid.system:1000
01-13 21:56:15.279   794  1966 D WifiService: Connect with config * ID: -1 SSID: "HWroysue" PROVIDER-NAME: null BSSID: null FQDN: null PRIO: 0 HIDDEN: false
01-13 21:56:15.279   794  1966 D WifiService:  NetworkSelectionStatus NETWORK_SELECTION_ENABLED
01-13 21:56:15.279   794  1966 D WifiService:  hasEverConnected: false
01-13 21:56:15.279   794  1966 D WifiService:  KeyMgmt: WPA_PSK Protocols:
01-13 21:56:15.279   794  1966 D WifiService:  AuthAlgorithms:
01-13 21:56:15.279   794  1966 D WifiService:  PairwiseCiphers:
01-13 21:56:15.279   794  1966 D WifiService:  GroupCiphers:
01-13 21:56:15.279   794  1966 D WifiService:  PSK: *
01-13 21:56:15.279   794  1966 D WifiService: Enterprise config:
01-13 21:56:15.279   794  1966 D WifiService: IP config:
01-13 21:56:15.279   794  1966 D WifiService: IP assignment: DHCP
01-13 21:56:15.279   794  1966 D WifiService: Proxy settings: NONE
01-13 21:56:15.279   794  1966 D WifiService:  cuid=-1 luid=-1 lcuid=0 userApproved=USER_UNSPECIFIED noInternetAccessExpected=false roamingFailureBlackListTimeMilli: 1000
01-13 21:56:15.279   794  1966 D WifiService: recentFailure: Association Rejection code: 0
01-13 21:56:15.432   584   584 E wificond: Received error messsage: Operation not supported on transport endpoint
01-13 21:56:15.432   584   584 E wificond: NL80211_CMD_ABORT_SCAN failed
01-13 21:56:15.432   584   584 W wificond: Abort scan failed
01-13 21:56:15.865   794  1426 I ActivityManager: START u0 {act=android.intent.action.MAIN cat=[android.intent.category.HOME] flg=0x10200000 cmp=com.android.launcher3/.Launcher (has extras)} from uid 1000
01-13 21:56:19.312   794  1967 D ConnectivityService: registerNetworkAgent NetworkAgentInfo{ ni{[type: WIFI[], state: CONNECTING/CONNECTING, reason: (unspecified), extra: "HWroysue", failover: false, available: true, roaming: false]}  network{100}  nethandle{429513165534}  lp{{LinkAddresses: []  Routes: [] DnsAddresses: [] Domains: null MTU: 0}}  nc{[ Transports: WIFI Capabilities: NOT_METERED&INTERNET&NOT_RESTRICTED&TRUSTED&NOT_VPN LinkUpBandwidth>=1048576Kbps LinkDnBandwidth>=1048576Kbps]}  Score{20}  everValidated{false}  lastValidated{false}  created{false} lingering{false} explicitlySelected{false} acceptUnvalidated{false} everCaptivePortalDetected{false} lastCaptivePortalDetected{false} clat{null} }
01-13 21:56:19.312   794  2009 D ConnectivityService: NetworkAgentInfo [WIFI () - 100] EVENT_NETWORK_INFO_CHANGED, going from null to CONNECTING
01-13 21:56:19.428   794  2009 D ConnectivityService: NetworkAgentInfo [WIFI () - 100] EVENT_NETWORK_INFO_CHANGED, going from CONNECTING to CONNECTED
01-13 21:56:19.430   794  2009 D ConnectivityService: Adding iface wlan0 to network 100
01-13 21:56:19.444   794  2009 D ConnectivityService: Setting DNS servers for network 100 to [/192.168.3.1]
01-13 21:56:19.448   794   881 E BatteryExternalStatsWorker: no controller energy info supplied for wifi
01-13 21:56:19.463   794  2009 D ConnectivityService: Switching to new default network: NetworkAgentInfo{ ni{[type: WIFI[], state: CONNECTED/CONNECTED, reason: (unspecified), extra: "HWroysue", failover: false, available: true, roaming: false]}  network{100}  nethandle{429513165534}  lp{{InterfaceName: wlan0 LinkAddresses: [fe80::2a8:69ff:fe77:2447/64,192.168.3.24/24,]  Routes: [fe80::/64 -> :: wlan0,192.168.3.0/24 -> 0.0.0.0 wlan0,0.0.0.0/0 -> 192.168.3.1 wlan0,] DnsAddresses: [192.168.3.1,] Domains: null MTU: 0 TcpBufferSizes: 524288,6291456,8291456,524288,6291456,8291456}}  nc{[ Transports: WIFI Capabilities: NOT_METERED&INTERNET&NOT_RESTRICTED&TRUSTED&NOT_VPN&FOREGROUND LinkUpBandwidth>=1048576Kbps LinkDnBandwidth>=1048576Kbps SignalStrength: -34]}  Score{20}  everValidated{false}  lastValidated{false}  created{true} lingering{false} explicitlySelected{true} acceptUnvalidated{false} everCaptivePortalDetected{false} lastCaptivePortalDetected{false} clat{null} }
01-13 21:56:19.482   794  2009 D ConnectivityService: Sending CONNECTED broadcast for type 1 NetworkAgentInfo [WIFI () - 100] isDefaultNetwork=true
01-13 21:56:27.476   794  2009 D NetworkNotificationManager: showNotification tag=ConnectivityNotification:100 event=NO_INTERNET transport=WLAN extraInfo="HWroysue" highPrioriy=true
01-13 21:56:30.060   794  2306 V MediaRouterService: restoreBluetoothA2dp(false)
01-13 21:56:32.496   794  2009 D ConnectivityService: NetworkAgentInfo [WIFI () - 100] validation failed
01-13 21:56:46.534   794  2009 I chatty  : uid=1000(system) ConnectivitySer identical 1 line
01-13 21:56:58.577   794  2009 D ConnectivityService: NetworkAgentInfo [WIFI () - 100] validation failed
01-13 21:57:11.765   794   893 I ActivityManager: Start proc 4500:com.android.defcontainer/u0a6 for service com.android.defcontainer/.DefaultContainerService
01-13 21:57:11.983   794   893 W PackageParser: No actions in intent filter at /data/app/vmdl1929659789.tmp/base.apk Binary XML file line #623
01-13 21:57:11.985   794   893 W PackageManager: Package cn.soulapp.android attempting to redeclare system permission android.permission.HARDWARE_TEST; ignoring new declaration
01-13 21:57:12.601   794  2009 D ConnectivityService: NetworkAgentInfo [WIFI () - 100] validation failed
01-13 21:57:33.634   794  2009 D ConnectivityService: NetworkAgentInfo [WIFI () - 100] validation failed
01-13 21:57:34.884   794   893 V BackupManagerService: restoreAtInstall pkg=cn.soulapp.android token=1 restoreSet=0
01-13 21:57:34.884   794   893 V BackupManagerService: Finishing install immediately
01-13 21:57:34.890   794  2880 I ActivityManager: Killing 2852:com.android.printspooler/u0a57 (adj 906): empty #17
01-13 21:57:35.008   794  2724 W BroadcastQueue: Background execution not allowed: receiving Intent { act=android.intent.action.PACKAGE_ADDED dat=package:cn.soulapp.android flg=0x4000010 (has extras) } to com.android.musicfx/.Compatibility$Receiver
01-13 21:57:35.009   794   878 W BroadcastQueue: Background execution not allowed: receiving Intent { act=android.intent.action.PACKAGE_ADDED dat=package:cn.soulapp.android flg=0x4000010 (has extras) } to com.svox.pico/.VoiceDataInstallerReceiver
01-13 21:57:35.020   794   794 I Telecom : DefaultDialerCache: Refreshing default dialer for user 0: now com.android.dialer: DDC.oR@AD0
01-13 21:57:35.693   794   877 W VoiceInteractionManagerService: no available voice recognition services found for user 0
01-13 21:57:45.565   794  2568 I ActivityManager: START u0 {act=android.settings.APPLICATION_DETAILS_SETTINGS dat=package:cn.soulapp.android flg=0x10008000 cmp=com.android.settings/.applications.InstalledAppDetails bnds=[227,611][805,758]} from uid 1000
01-13 21:57:45.615   794  2724 W LocalDisplayAdapter: Unable to find color mode 0, ignoring request.
01-13 21:57:45.624   794  2724 I ActivityManager: Config changes=480 {1.0 ?mcc?mnc [zh_CN_#Hans,en_US] ldltr sw411dp w683dp h387dp 420dpi nrml land finger -keyb/v/h -nav/h appBounds=Rect(126, 0 - 1920, 1080) s.8}
01-13 21:57:45.643   794  2724 I ActivityManager: Override config changes=480 {1.0 ?mcc?mnc [zh_CN_#Hans,en_US] ldltr sw411dp w683dp h387dp 420dpi nrml land finger -keyb/v/h -nav/h appBounds=Rect(126, 0 - 1920, 1080) s.8} for displayId=0
01-13 21:57:46.617   794  1297 I WindowManager: Screen frozen for +1s14ms due to Window{7410dc1 u0 StatusBar}
01-13 21:57:46.675  2525  2525 W ContextImpl: Calling a method in the system process without a qualified user: android.app.ContextImpl.bindService:1556 android.content.ContextWrapper.bindService:684 android.content.pm.permission.RuntimePermissionPresenter$RemoteService.processMessage:171 android.content.pm.permission.RuntimePermissionPresenter.getAppPermissions:118 com.android.settingslib.applications.PermissionsSummaryHelper.getPermissionSummary:34 
01-13 21:57:46.767   794   881 E BatteryExternalStatsWorker: no controller energy info supplied for wifi
01-13 21:57:46.803   794   881 E KernelCpuSpeedReader: Failed to read cpu-freq: /sys/devices/system/cpu/cpu4/cpufreq/stats/time_in_state (No such file or directory)
01-13 21:57:47.094   794  2306 I ActivityManager: START u0 {act=android.intent.action.MAIN cmp=com.android.settings/.SubSettings (has extras)} from uid 1000
01-13 21:57:47.437   794   806 E UserRestrictionsUtils: Unknown restriction: null
01-13 21:57:50.462   794   879 W LocalDisplayAdapter: Unable to find color mode 0, ignoring request.
01-13 21:57:50.475   794   879 I ActivityManager: Config changes=480 {1.0 ?mcc?mnc [zh_CN_#Hans,en_US] ldltr sw411dp w411dp h659dp 420dpi nrml port finger -keyb/v/h -nav/h appBounds=Rect(0, 0 - 1080, 1794) s.9}
01-13 21:57:50.499   794   879 I ActivityManager: Override config changes=480 {1.0 ?mcc?mnc [zh_CN_#Hans,en_US] ldltr sw411dp w411dp h659dp 420dpi nrml port finger -keyb/v/h -nav/h appBounds=Rect(0, 0 - 1080, 1794) s.9} for displayId=0
01-13 21:57:50.830   794  2880 E UserRestrictionsUtils: Unknown restriction: null
01-13 21:57:50.960   794  1297 I WindowManager: Screen frozen for +513ms due to Window{83dcdc0 u0 com.android.settings/com.android.settings.SubSettings}
01-13 21:57:57.032   794   881 E BatteryExternalStatsWorker: no controller energy info supplied for wifi
01-13 21:57:57.059   794   881 E KernelCpuSpeedReader: Failed to read cpu-freq: /sys/devices/system/cpu/cpu4/cpufreq/stats/time_in_state (No such file or directory)
01-13 21:57:58.212   794   805 I ActivityManager: START u0 {act=android.intent.action.MANAGE_APP_PERMISSIONS cmp=com.android.packageinstaller/.permission.ui.ManagePermissionsActivity (has extras)} from uid 1000
01-13 21:58:00.113   794  2726 D VoldConnector: SND -> {38 volume remount_uid 10063 read}
01-13 21:58:00.115   383   392 D vold    : Remounting 10063 as mode read
01-13 21:58:00.132   794  1479 D VoldConnector: RCV <- {200 38 Command succeeded}
01-13 21:58:00.135   794  2568 D VoldConnector: SND -> {39 volume remount_uid 10063 write}
01-13 21:58:00.136   383   392 D vold    : Remounting 10063 as mode write
01-13 21:58:00.147   794  1479 D VoldConnector: RCV <- {200 39 Command succeeded}
01-13 21:58:02.316   794   881 E BatteryExternalStatsWorker: no controller energy info supplied for wifi
01-13 21:58:02.359   794   881 E KernelCpuSpeedReader: Failed to read cpu-freq: /sys/devices/system/cpu/cpu4/cpufreq/stats/time_in_state (No such file or directory)
01-13 21:58:02.483   794  1426 I ActivityManager: START u0 {act=android.intent.action.MAIN cat=[android.intent.category.HOME] flg=0x10200000 cmp=com.android.launcher3/.Launcher (has extras)} from uid 1000
01-13 21:58:02.670   794  2009 D ConnectivityService: NetworkAgentInfo [WIFI () - 100] validation failed
01-13 21:58:08.508   794  2880 I ActivityManager: START u0 {act=android.intent.action.MAIN cat=[android.intent.category.LAUNCHER] flg=0x10200000 cmp=cn.soulapp.android/.ui.splash.SplashActivity bnds=[641,756][843,1034]} from uid 10015
01-13 21:58:08.593   794  2332 I ActivityManager: Start proc 4688:cn.soulapp.android/u0a63 for activity cn.soulapp.android/.ui.splash.SplashActivity
01-13 21:58:12.670  4688  4688 E AndroidRuntime: FATAL EXCEPTION: main
