06-28 16:19:46.857   383   479 I EncryptInplace: Encrypting from sector 1464176640
06-28 16:19:46.857   383   479 I EncryptInplace: Encrypted to sector 1464177152
06-28 16:19:46.857   383   479 I EncryptInplace: Encrypting from sector 1464189952
06-28 16:19:46.857   383   479 I EncryptInplace: Encrypted to sector 1464192000
06-28 16:19:46.858   383   479 I EncryptInplace: Encrypting from sector 1464205824
06-28 16:19:46.858   383   479 I EncryptInplace: Encrypted to sector 1464206336
06-28 16:19:46.858   383   479 I EncryptInplace: Encrypting from sector 1464208384
06-28 16:19:46.858   383   479 I EncryptInplace: Encrypted to sector 1464209408
06-28 16:19:46.858   383   479 I EncryptInplace: Encrypting from sector 1464209920
06-28 16:19:46.858   383   479 I EncryptInplace: Encrypted to sector 1464210432
06-28 16:19:46.858   383   479 I EncryptInplace: Encrypting from sector 1464221696
06-28 16:19:46.858   383   479 I EncryptInplace: Encrypted to sector 1464222720
06-28 16:19:46.858   383   479 I EncryptInplace: Encrypting from sector 1464223232
06-28 16:19:46.859   383   479 I EncryptInplace: Encrypted to sector 1464225280
06-28 16:19:46.859   383   479 I EncryptInplace: Encrypting from sector 1464238080
06-28 16:19:46.859   383   479 I EncryptInplace: Encrypted to sector 1464239616
06-28 16:19:46.859   383   479 I EncryptInplace: Encrypting from sector 1464240128
06-28 16:19:46.859   383   479 I EncryptInplace: Encrypted to sector 1464241152
06-28 16:19:46.859   383   479 I EncryptInplace: Encrypting from sector 1464245248
06-28 16:19:46.860   383   479 I EncryptInplace: Encrypted to sector 1464246272
06-28 16:19:46.860   383   479 I EncryptInplace: Encrypting from sector 1464247296
06-28 16:19:46.860   383   479 I EncryptInplace: Encrypted to sector 1464248832
06-28 16:19:46.860   383   479 I EncryptInplace: Encrypting from sector 1464249344
06-28 16:19:46.860   383   479 I EncryptInplace: Encrypted to sector 1464249856
06-28 16:19:46.860   383   479 I EncryptInplace: Encrypting from sector 1464250368
06-28 16:19:46.860   383   479 I EncryptInplace: Encrypted to sector 1464250880
06-28 16:19:46.860   383   479 I EncryptInplace: Encrypting from sector 1464251392
06-28 16:19:46.860   383   479 I EncryptInplace: Encrypted to sector 1464252928
06-28 16:19:46.860   383   479 I EncryptInplace: Encrypting from sector 1464253440
06-28 16:19:46.861   383   479 I EncryptInplace: Encrypted to sector 1464253952
06-28 16:19:46.861   383   479 I EncryptInplace: Encrypting from sector 1464254976
06-28 16:19:46.861   383   479 I EncryptInplace: Encrypted to sector 1464255488
06-28 16:19:46.861   383   479 I EncryptInplace: Encrypting from sector 1464256000
06-28 16:19:46.861   383   479 I EncryptInplace: Encrypted to sector 1464256512
06-28 16:19:46.861   383   479 I EncryptInplace: Encrypting from sector 1464257024
06-28 16:19:46.861   383   479 I EncryptInplace: Encrypted to sector 1464258560
06-28 16:19:46.861   383   479 I EncryptInplace: Encrypting from sector 1464259584
06-28 16:19:46.862   383   479 I EncryptInplace: Encrypted to sector 1464261120
06-28 16:19:46.862   383   479 I EncryptInplace: Encrypting from sector 1464261632
06-28 16:19:46.862   383   479 I EncryptInplace: Encrypted to sector 1464262144
06-28 16:19:46.862   383   479 I EncryptInplace: Encrypting from sector 1464262656
06-28 16:19:46.862   383   479 I EncryptInplace: Encrypted to sector 1464263168
06-28 16:19:46.862   383   479 I EncryptInplace: Encrypting from sector 1464263680
06-28 16:19:46.862   383   479 I EncryptInplace: Encrypted to sector 1464264192
06-28 16:19:46.862   383   479 I EncryptInplace: Encrypting from sector 1464265728
06-28 16:19:46.862   383   479 I EncryptInplace: Encrypted to sector 1464266240
06-28 16:19:46.862   383   479 I EncryptInplace: Encrypting from sector 1464267264
06-28 16:19:46.863   383   479 I EncryptInplace: Encrypted to sector 1464267776
06-28 16:19:46.863   383   479 I EncryptInplace: Encrypting from sector 1464269824
06-28 16:19:46.863   383   479 I EncryptInplace: Encrypted to sector 1464270336
06-28 16:19:46.863   383   479 I EncryptInplace: Encrypting from sector 1464271360
06-28 16:19:46.863   383   479 I EncryptInplace: Encrypted to sector 1464272896
06-28 16:19:46.863   383   479 I EncryptInplace: Encrypting from sector 1464274432
06-28 16:19:46.863   383   479 I EncryptInplace: Encrypted to sector 1464274944
06-28 16:19:46.863   383   479 I EncryptInplace: Encrypting from sector 1464277504
06-28 16:19:46.864   383   479 I EncryptInplace: Encrypted to sector 1464279040
06-28 16:19:46.864   383   479 I EncryptInplace: Encrypting from sector 1464279552
06-28 16:19:46.864   383   479 I EncryptInplace: Encrypted to sector 1464280064
06-28 16:19:46.864   383   479 I EncryptInplace: Encrypting from sector 1464280576
06-28 16:19:46.864   383   479 I EncryptInplace: Encrypted to sector 1464281088
06-28 16:19:46.864   383   479 I EncryptInplace: Encrypting from sector 1464281600
06-28 16:19:46.864   383   479 I EncryptInplace: Encrypted to sector 1464282112
06-28 16:19:46.864   383   479 I EncryptInplace: Encrypting from sector 1464282624
06-28 16:19:46.867   383   479 I EncryptInplace: Encrypted to sector 1464283648
06-28 16:19:46.867   383   479 I EncryptInplace: Encrypting from sector 1464284672
06-28 16:19:46.867   383   479 I EncryptInplace: Encrypted to sector 1464285696
06-28 16:19:46.867   383   479 I EncryptInplace: Encrypting from sector 1464286208
06-28 16:19:46.867   383   479 I EncryptInplace: Encrypted to sector 1464287232
06-28 16:19:46.867   383   479 I EncryptInplace: Encrypting from sector 1464288256
06-28 16:19:46.867   383   479 I EncryptInplace: Encrypted to sector 1464289280
06-28 16:19:46.867   383   479 I EncryptInplace: Encrypting from sector 1464289792
06-28 16:19:46.868   383   479 I EncryptInplace: Encrypted to sector 1464290816
06-28 16:19:46.868   383   479 I EncryptInplace: Encrypting from sector 1464292352
06-28 16:19:46.868   383   479 I EncryptInplace: Encrypted to sector 1464294400
06-28 16:19:46.868   383   479 I EncryptInplace: Encrypting from sector 1464294912
06-28 16:19:46.868   383   479 I EncryptInplace: Encrypted to sector 1464297472
06-28 16:19:46.868   383   479 I EncryptInplace: Encrypting from sector 1464298496
06-28 16:19:46.868   383   479 I EncryptInplace: Encrypted to sector 1464299520
06-28 16:19:46.868   383   479 I EncryptInplace: Encrypting from sector 1464301568
06-28 16:19:46.871   383   479 I EncryptInplace: Encrypted to sector 1464303104
06-28 16:19:46.872   383   479 I EncryptInplace: Encrypting from sector 1464660992
06-28 16:19:46.872   383   479 I EncryptInplace: Encrypted to sector 1464661504
06-28 16:19:46.872   383   479 I EncryptInplace: Encrypting from sector 1464731136
06-28 16:19:46.872   383   479 I EncryptInplace: Encrypted to sector 1464731648
06-28 16:19:46.872   383   479 I EncryptInplace: Encrypting from sector 1464780800
06-28 16:19:46.872   383   479 I EncryptInplace: Encrypted to sector 1464781312
06-28 16:19:46.872   383   479 I EncryptInplace: Encrypting from sector 1464782336
06-28 16:19:46.875   383   479 I EncryptInplace: Encrypted to sector 1464783360
06-28 16:19:46.875   383   479 I EncryptInplace: Encrypting from sector 1464784896
06-28 16:19:46.875   383   479 I EncryptInplace: Encrypted to sector 1464785920
06-28 16:19:46.875   383   479 I EncryptInplace: Encrypting from sector 1464786944
06-28 16:19:46.875   383   479 I EncryptInplace: Encrypted to sector 1464787968
06-28 16:19:46.875   383   479 I EncryptInplace: Encrypting from sector 1464788480
06-28 16:19:46.875   383   479 I EncryptInplace: Encrypted to sector 1464788992
06-28 16:19:46.875   383   479 I EncryptInplace: Encrypting from sector 1464791040
06-28 16:19:46.875   383   479 I EncryptInplace: Encrypted to sector 1464793088
06-28 16:19:46.875   383   479 I EncryptInplace: Encrypting from sector 1464795136
06-28 16:19:46.875   383   479 I EncryptInplace: Encrypted to sector 1464796672
06-28 16:19:46.875   383   479 I EncryptInplace: Encrypting from sector 1464797184
06-28 16:19:46.875   383   479 I EncryptInplace: Encrypted to sector 1464797696
06-28 16:19:46.875   383   479 I EncryptInplace: Encrypting from sector 1464799232
06-28 16:19:46.875   383   479 I EncryptInplace: Encrypted to sector 1464799744
06-28 16:19:46.875   383   479 I EncryptInplace: Encrypting from sector 1464802304
06-28 16:19:46.875   383   479 I EncryptInplace: Encrypted to sector 1464803328
06-28 16:19:46.875   383   479 I EncryptInplace: Encrypting from sector 1464804352
06-28 16:19:46.875   383   479 I EncryptInplace: Encrypted to sector 1464805376
06-28 16:19:46.875   383   479 I EncryptInplace: Encrypting from sector 1464806400
06-28 16:19:46.875   383   479 I EncryptInplace: Encrypted to sector 1464806912
06-28 16:19:46.875   383   479 I EncryptInplace: Encrypting from sector 1464807424
06-28 16:19:46.875   383   479 I EncryptInplace: Encrypted to sector 1464807936
06-28 16:19:46.875   383   479 I EncryptInplace: Encrypting from sector 1464808960
06-28 16:19:46.875   383   479 I EncryptInplace: Encrypted to sector 1464810496
06-28 16:19:46.875   383   479 I EncryptInplace: Encrypting from sector 1464812544
06-28 16:19:46.875   383   479 I EncryptInplace: Encrypted to sector 1464813568
06-28 16:19:46.875   383   479 I EncryptInplace: Encrypting from sector 1464815104
06-28 16:19:46.875   383   479 I EncryptInplace: Encrypted to sector 1464818688
06-28 16:19:46.875   383   479 I EncryptInplace: Encrypting from sector 1464819200
06-28 16:19:46.875   383   479 I EncryptInplace: Encrypted to sector 1464820736
06-28 16:19:46.876   383   479 I EncryptInplace: Encrypting from sector 1464821248
06-28 16:19:46.876   383   479 I EncryptInplace: Encrypted to sector 1464823296
06-28 16:19:46.876   383   479 I EncryptInplace: Encrypting from sector 1464823808
06-28 16:19:46.882   383   479 I EncryptInplace: Encrypted to sector 1464824320
06-28 16:19:46.882   383   479 I EncryptInplace: Encrypting from sector 1464825344
06-28 16:19:46.882   383   479 I EncryptInplace: Encrypted to sector 1464828416
06-28 16:19:46.882   383   479 I EncryptInplace: Encrypting from sector 1464828928
06-28 16:19:46.882   383   479 I EncryptInplace: Encrypted to sector 1464829440
06-28 16:19:46.882   383   479 I EncryptInplace: Encrypting from sector 1464830464
06-28 16:19:46.882   383   479 I EncryptInplace: Encrypted to sector 1464830976
06-28 16:19:46.883   383   479 I EncryptInplace: Encrypting from sector 1464832000
06-28 16:19:46.883   383   479 I EncryptInplace: Encrypted to sector 1464833024
06-28 16:19:46.883   383   479 I EncryptInplace: Encrypting from sector 1464833536
06-28 16:19:46.883   383   479 I EncryptInplace: Encrypted to sector 1464834048
06-28 16:19:46.883   383   479 I EncryptInplace: Encrypting from sector 1464834560
06-28 16:19:46.883   383   479 I EncryptInplace: Encrypted to sector 1464835072
06-28 16:19:46.883   383   479 I EncryptInplace: Encrypting from sector 1464835584
06-28 16:19:46.883   383   479 I EncryptInplace: Encrypted to sector 1464836096
06-28 16:19:46.883   383   479 I EncryptInplace: Encrypting from sector 1464836608
06-28 16:19:46.883   383   479 I EncryptInplace: Encrypted to sector 1464838144
06-28 16:19:46.883   383   479 I EncryptInplace: Encrypting from sector 1464838656
06-28 16:19:46.883   383   479 I EncryptInplace: Encrypted to sector 1464840192
06-28 16:19:46.883   383   479 I EncryptInplace: Encrypting from sector 1464840704
06-28 16:19:46.883   383   479 I EncryptInplace: Encrypted to sector 1464841728
06-28 16:19:46.883   383   479 I EncryptInplace: Encrypting from sector 1464842240
06-28 16:19:46.883   383   479 I EncryptInplace: Encrypted to sector 1464843776
06-28 16:19:46.883   383   479 I EncryptInplace: Encrypting from sector 1464844288
06-28 16:19:46.883   383   479 I EncryptInplace: Encrypted to sector 1464844800
06-28 16:19:46.883   383   479 I EncryptInplace: Encrypting from sector 1464848384
06-28 16:19:46.883   383   479 I EncryptInplace: Encrypted to sector 1464848896
06-28 16:19:46.883   383   479 I EncryptInplace: Encrypting from sector 1464855552
06-28 16:19:46.883   383   479 I EncryptInplace: Encrypted to sector 1464856064
06-28 16:19:46.883   383   479 I EncryptInplace: Encrypting from sector 1464861696
06-28 16:19:46.885   383   479 I EncryptInplace: Encrypted to sector 1464862720
06-28 16:19:46.885   383   479 I EncryptInplace: Encrypting from sector 1464893440
06-28 16:19:46.885   383   479 I EncryptInplace: Encrypted to sector 1464893952
06-28 16:19:46.885   383   479 I EncryptInplace: Encrypting from sector 1464896000
06-28 16:19:46.885   383   479 I EncryptInplace: Encrypted to sector 1464897024
06-28 16:19:46.885   383   479 I EncryptInplace: Encrypting from sector 1464898048
06-28 16:19:46.885   383   479 I EncryptInplace: Encrypted to sector 1464898560
06-28 16:19:46.885   383   479 I EncryptInplace: Encrypting from sector 1464899072
06-28 16:19:46.885   383   479 I EncryptInplace: Encrypted to sector 1464901632
06-28 16:19:46.885   383   479 I EncryptInplace: Encrypting from sector 1464902144
06-28 16:19:46.888   383   479 I EncryptInplace: Encrypted to sector 1464908288
06-28 16:19:46.889   383   479 I EncryptInplace: Encrypting from sector 1464908800
06-28 16:19:46.889   383   479 I EncryptInplace: Encrypted to sector 1464909312
06-28 16:19:46.889   383   479 I EncryptInplace: Encrypting from sector 1464910336
06-28 16:19:46.889   383   479 I EncryptInplace: Encrypted to sector 1464910848
06-28 16:19:46.889   383   479 I EncryptInplace: Encrypting from sector 1464911360
06-28 16:19:46.889   383   479 I EncryptInplace: Encrypted to sector 1464911872
06-28 16:19:46.889   383   479 I EncryptInplace: Encrypting from sector 1464913920
06-28 16:19:46.889   383   479 I EncryptInplace: Encrypted to sector 1464914944
06-28 16:19:46.889   383   479 I EncryptInplace: Encrypting from sector 1464915968
06-28 16:19:46.889   383   479 I EncryptInplace: Encrypted to sector 1464918528
06-28 16:19:46.889   383   479 I EncryptInplace: Encrypting from sector 1464927232
06-28 16:19:46.889   383   479 I EncryptInplace: Encrypted to sector 1464927744
06-28 16:19:46.889   383   479 I EncryptInplace: Encrypting from sector 1464982528
06-28 16:19:46.889   383   479 I EncryptInplace: Encrypted to sector 1464983040
06-28 16:19:46.889   383   479 I EncryptInplace: Encrypting from sector 1464999424
06-28 16:19:46.889   383   479 I EncryptInplace: Encrypted to sector 1464999936
06-28 16:19:46.889   383   479 I EncryptInplace: Encrypting from sector 1465001984
06-28 16:19:46.895   383   479 I EncryptInplace: Encrypted to sector 1465002496
06-28 16:19:46.895   383   479 I EncryptInplace: Encrypting from sector 1465185280
06-28 16:19:46.897   383   479 I EncryptInplace: Encrypted to sector 1465185792
06-28 16:19:46.897   383   479 I EncryptInplace: Encrypting from sector 1465240064
06-28 16:19:46.897   383   479 I EncryptInplace: Encrypted to sector 1465240576
06-28 16:19:46.897   383   479 I EncryptInplace: Encrypting from sector 1465248256
06-28 16:19:46.898   383   479 I EncryptInplace: Encrypted to sector 1465248768
06-28 16:19:46.898   383   479 I EncryptInplace: Encrypting from sector 1465253888
06-28 16:19:46.900   383   479 I EncryptInplace: Encrypted to sector 1465254400
06-28 16:19:46.900   383   479 I EncryptInplace: Encrypting from sector 1465336832
06-28 16:19:46.901   383   479 I EncryptInplace: Encrypted to sector 1465337344
06-28 16:19:46.901   383   479 I EncryptInplace: Encrypting from sector 1465352192
06-28 16:19:46.901   383   479 I EncryptInplace: Encrypted to sector 1465352704
06-28 16:19:46.901   383   479 I EncryptInplace: Encrypting from sector 1465353216
06-28 16:19:46.902   383   479 I EncryptInplace: Encrypted to sector 1465354240
06-28 16:19:48.754   383   479 I Cryptfs : cryptfs_check_passwd
06-28 16:19:48.755   383   479 D Cryptfs : crypt_ftr->fs_size = 22994908
06-28 16:19:48.755   383   479 I Cryptfs : Using scrypt with keymaster for cryptfs KDF
06-28 16:19:49.349   383   479 I Cryptfs : Signing safely-padded object
06-28 16:19:49.358   383   479 V vold    : Successfully registerReference for android.hardware.keymaster@3.0::IKeymasterDevice/default
06-28 16:19:50.061   383   479 I Cryptfs : Enabling support for allow_discards in dmcrypt.
06-28 16:19:50.063   383   391 D vold    : Disk at 253:1 changed
06-28 16:19:50.637   383   479 I Cryptfs : Password matches
06-28 16:19:50.638   383   479 D Cryptfs : test_mount_encrypted_fs(): Master key saved
06-28 16:19:50.648   383   479 V vold    : Successfully registerReference for android.hardware.keymaster@3.0::IKeymasterDevice/default
06-28 16:19:50.650   383   479 D Cryptfs : Just asked init to shut down class main
06-28 16:19:52.654   383   479 D Cryptfs : unmounting /data succeeded
06-28 16:19:52.664   383   479 I vold    : [libfs_mgr]superblock s_max_mnt_count:65535,/dev/block/dm-1
06-28 16:19:52.672   383   479 I vold    : [libfs_mgr]check_fs(): mount(/dev/block/dm-1,/data,ext4)=-1: Invalid argument
06-28 16:19:52.672   383   479 I vold    : [libfs_mgr]Running /system/bin/e2fsck on /dev/block/dm-1
06-28 16:19:55.570   383   479 I vold    : [libfs_mgr]e2fsck returned status 0x100
06-28 16:19:55.577   383   479 I vold    : [libfs_mgr]__mount(source=/dev/block/dm-1,target=/data,type=ext4)=0: Success
06-28 16:19:55.581   383   479 D Cryptfs : Just triggered post_fs_data
06-28 16:19:55.630   383   393 D vold    : e4crypt_init_user0
06-28 16:19:55.630   383   393 D vold    : e4crypt_prepare_user_storage for volume null, user 0, serial 0, flags 1
06-28 16:19:55.630   383   393 D vold    : Preparing: /data/system/users/0
06-28 16:19:55.631   383   393 D vold    : Preparing: /data/misc/profiles/cur/0
06-28 16:19:55.631   383   393 D vold    : Preparing: /data/system_de/0
06-28 16:19:55.631   383   393 D vold    : Preparing: /data/misc_de/0
06-28 16:19:55.631   383   393 D vold    : Preparing: /data/user_de/0
06-28 16:19:55.631   383   393 D vold    : e4crypt_unlock_user_key 0 serial=0 token_present=0
06-28 16:19:55.631   383   393 E vold    : Failed to chmod /data/system_ce/0: No such file or directory
06-28 16:19:55.631   383   393 E vold    : Failed to chmod /data/misc_ce/0: No such file or directory
06-28 16:19:55.631   383   393 E vold    : Failed to chmod /data/media/0: No such file or directory
06-28 16:19:55.677   383   479 D Cryptfs : post_fs_data done
06-28 16:19:55.680   383   479 D Cryptfs : Just triggered restart_framework
06-28 16:19:55.723   563   563 I irsc_util: Starting irsc tool
06-28 16:19:55.725   563   563 I irsc_util: Num of entries:27
06-28 16:19:55.725   563   563 I irsc_util: Ending irsc tool
06-28 16:19:56.024   575   575 I installd: installd firing up
06-28 16:19:56.025   575   575 D installd: Assuming that device has multi-user storage layout; upgrade no longer supported
06-28 16:19:56.025   575   575 D installd: Upgrading to /data/misc/user directories
--------- beginning of crash
06-28 16:19:56.096   605   605 F libc    : CANNOT LINK EXECUTABLE "/vendor/bin/slim_daemon": library "libloc_api_v02.so" not found
06-28 16:19:56.097   605   605 F libc    : Fatal signal 6 (SIGABRT), code -6 in tid 605 (slim_daemon), pid 605 (slim_daemon)
06-28 16:19:56.195   663   663 F DEBUG   : *** *** *** *** *** *** *** *** *** *** *** *** *** *** *** ***
06-28 16:19:56.196   663   663 F DEBUG   : Build fingerprint: 'Android/aosp_bullhead/bullhead:8.1.0/OPM1.171019.011/root12261705:user/test-keys'
06-28 16:19:56.196   663   663 F DEBUG   : Revision: 'rev_1.0'
06-28 16:19:56.196   663   663 F DEBUG   : ABI: 'arm64'
06-28 16:19:56.196   663   663 F DEBUG   : pid: 605, tid: 605, name: slim_daemon  >>> /vendor/bin/slim_daemon <<<
06-28 16:19:56.196   663   663 F DEBUG   : signal 6 (SIGABRT), code -6 (SI_TKILL), fault addr --------
06-28 16:19:56.198   663   663 F DEBUG   : Abort message: 'CANNOT LINK EXECUTABLE "/vendor/bin/slim_daemon": library "libloc_api_v02.so" not found'
06-28 16:19:56.198   663   663 F DEBUG   :     x0   0000000000000000  x1   000000000000025d  x2   0000000000000006  x3   0000000000000008
06-28 16:19:56.198   663   663 F DEBUG   :     x4   0000000000000080  x5   0000000000000080  x6   0000000000000080  x7   0000000000000040
06-28 16:19:56.198   663   663 F DEBUG   :     x8   0000000000000083  x9   0000000010000000  x10  0000007fd040ad10  x11  0000000000000001
06-28 16:19:56.198   663   663 F DEBUG   :     x12  0000000000000038  x13  0000000000000000  x14  0000000000000000  x15  0005c4a0f5954144
06-28 16:19:56.198   663   663 F DEBUG   :     x16  0000000000000000  x17  07d476d63eefaa0f  x18  af241f0dbbb80325  x19  000000000000025d
06-28 16:19:56.198   663   663 F DEBUG   :     x20  000000000000025d  x21  0000000000000083  x22  0000007fd040c078  x23  00000055694289c8
06-28 16:19:56.198   663   663 F DEBUG   :     x24  00000072fc3583d8  x25  00000072fc4623d0  x26  00000072fc4627b0  x27  00000072fc462000
06-28 16:19:56.198   663   663 F DEBUG   :     x28  0000007fd040c070  x29  0000007fd040ad50  x30  00000072fc405ef4
06-28 16:19:56.198   663   663 F DEBUG   :     sp   0000007fd040ad10  pc   00000072fc405f1c  pstate 0000000060000000
06-28 16:19:56.211   663   663 F DEBUG   : 
06-28 16:19:56.211   663   663 F DEBUG   : backtrace:
06-28 16:19:56.213   663   663 F DEBUG   :     #00 pc 000000000009df1c  /system/bin/linker64 (__dl_abort+120)
06-28 16:19:56.213   663   663 F DEBUG   :     #01 pc 000000000001cb4c  /system/bin/linker64 (__dl___linker_init+3628)
06-28 16:19:56.213   663   663 F DEBUG   :     #02 pc 0000000000022ff4  /system/bin/linker64 (_start+4)
06-28 16:19:56.267   584   584 I wificond: wificond is starting up...
06-28 16:19:56.363   672   672 F libc    : CANNOT LINK EXECUTABLE "/vendor/bin/slim_daemon": library "libloc_api_v02.so" not found
06-28 16:19:56.363   672   672 F libc    : Fatal signal 6 (SIGABRT), code -6 in tid 672 (slim_daemon), pid 672 (slim_daemon)
06-28 16:19:56.549   676   676 F DEBUG   : *** *** *** *** *** *** *** *** *** *** *** *** *** *** *** ***
06-28 16:19:56.549   676   676 F DEBUG   : Build fingerprint: 'Android/aosp_bullhead/bullhead:8.1.0/OPM1.171019.011/root12261705:user/test-keys'
06-28 16:19:56.549   676   676 F DEBUG   : Revision: 'rev_1.0'
06-28 16:19:56.549   676   676 F DEBUG   : ABI: 'arm64'
06-28 16:19:56.550   676   676 F DEBUG   : pid: 672, tid: 672, name: slim_daemon  >>> /vendor/bin/slim_daemon <<<
06-28 16:19:56.550   676   676 F DEBUG   : signal 6 (SIGABRT), code -6 (SI_TKILL), fault addr --------
06-28 16:19:56.562   676   676 F DEBUG   : Abort message: 'CANNOT LINK EXECUTABLE "/vendor/bin/slim_daemon": library "libloc_api_v02.so" not found'
06-28 16:19:56.562   676   676 F DEBUG   :     x0   0000000000000000  x1   00000000000002a0  x2   0000000000000006  x3   0000000000000008
06-28 16:19:56.562   676   676 F DEBUG   :     x4   0000000000000080  x5   0000000000000080  x6   0000000000000080  x7   0000000000000040
06-28 16:19:56.562   676   676 F DEBUG   :     x8   0000000000000083  x9   0000000010000000  x10  0000007fd81b61b0  x11  0000000000000001
06-28 16:19:56.562   676   676 F DEBUG   :     x12  0000000000000038  x13  0000000000000000  x14  0000000000000000  x15  0015a4e07f01ee59
06-28 16:19:56.562   676   676 F DEBUG   :     x16  0000000000000000  x17  05599c6405857f9c  x18  089c355a12d62263  x19  00000000000002a0
06-28 16:19:56.562   676   676 F DEBUG   :     x20  00000000000002a0  x21  0000000000000083  x22  0000007fd81b7518  x23  000000556deaa9c8
06-28 16:19:56.562   676   676 F DEBUG   :     x24  00000070192543d8  x25  000000701935e3d0  x26  000000701935e7b0  x27  000000701935e000
06-28 16:19:56.562   676   676 F DEBUG   :     x28  0000007fd81b7510  x29  0000007fd81b61f0  x30  0000007019301ef4
06-28 16:19:56.562   676   676 F DEBUG   :     sp   0000007fd81b61b0  pc   0000007019301f1c  pstate 0000000060000000
06-28 16:19:56.564   676   676 F DEBUG   : 
06-28 16:19:56.564   676   676 F DEBUG   : backtrace:
06-28 16:19:56.564   676   676 F DEBUG   :     #00 pc 000000000009df1c  /system/bin/linker64 (__dl_abort+120)
06-28 16:19:56.564   676   676 F DEBUG   :     #01 pc 000000000001cb4c  /system/bin/linker64 (__dl___linker_init+3628)
06-28 16:19:56.564   676   676 F DEBUG   :     #02 pc 0000000000022ff4  /system/bin/linker64 (_start+4)
06-28 16:19:56.656   693   693 F libc    : CANNOT LINK EXECUTABLE "/vendor/bin/slim_daemon": library "libloc_api_v02.so" not found
06-28 16:19:56.656   693   693 F libc    : Fatal signal 6 (SIGABRT), code -6 in tid 693 (slim_daemon), pid 693 (slim_daemon)
06-28 16:19:56.750   697   697 F DEBUG   : *** *** *** *** *** *** *** *** *** *** *** *** *** *** *** ***
06-28 16:19:56.750   697   697 F DEBUG   : Build fingerprint: 'Android/aosp_bullhead/bullhead:8.1.0/OPM1.171019.011/root12261705:user/test-keys'
06-28 16:19:56.750   697   697 F DEBUG   : Revision: 'rev_1.0'
06-28 16:19:56.750   697   697 F DEBUG   : ABI: 'arm64'
06-28 16:19:56.750   697   697 F DEBUG   : pid: 693, tid: 693, name: slim_daemon  >>> /vendor/bin/slim_daemon <<<
06-28 16:19:56.750   697   697 F DEBUG   : signal 6 (SIGABRT), code -6 (SI_TKILL), fault addr --------
06-28 16:19:56.752   697   697 F DEBUG   : Abort message: 'CANNOT LINK EXECUTABLE "/vendor/bin/slim_daemon": library "libloc_api_v02.so" not found'
06-28 16:19:56.752   697   697 F DEBUG   :     x0   0000000000000000  x1   00000000000002b5  x2   0000000000000006  x3   0000000000000008
06-28 16:19:56.752   697   697 F DEBUG   :     x4   0000000000000080  x5   0000000000000080  x6   0000000000000080  x7   0000000000000040
06-28 16:19:56.752   697   697 F DEBUG   :     x8   0000000000000083  x9   0000000010000000  x10  0000007fef0f7500  x11  0000000000000001
06-28 16:19:56.752   697   697 F DEBUG   :     x12  0000000000000038  x13  0000000000000000  x14  0000000000000000  x15  00271f8026855f48
06-28 16:19:56.752   697   697 F DEBUG   :     x16  0000000000000000  x17  04a5a4b6485ebb86  x18  fc8063587645c2d3  x19  00000000000002b5
06-28 16:19:56.752   697   697 F DEBUG   :     x20  00000000000002b5  x21  0000000000000083  x22  0000007fef0f8868  x23  000000559145c9c8
06-28 16:19:56.752   697   697 F DEBUG   :     x24  0000007899ac03d8  x25  0000007899bca3d0  x26  0000007899bca7b0  x27  0000007899bca000
06-28 16:19:56.752   697   697 F DEBUG   :     x28  0000007fef0f8860  x29  0000007fef0f7540  x30  0000007899b6def4
06-28 16:19:56.752   697   697 F DEBUG   :     sp   0000007fef0f7500  pc   0000007899b6df1c  pstate 0000000060000000
06-28 16:19:56.756   697   697 F DEBUG   : 
06-28 16:19:56.756   697   697 F DEBUG   : backtrace:
06-28 16:19:56.757   697   697 F DEBUG   :     #00 pc 000000000009df1c  /system/bin/linker64 (__dl_abort+120)
06-28 16:19:56.757   697   697 F DEBUG   :     #01 pc 000000000001cb4c  /system/bin/linker64 (__dl___linker_init+3628)
06-28 16:19:56.757   697   697 F DEBUG   :     #02 pc 0000000000022ff4  /system/bin/linker64 (_start+4)
06-28 16:19:56.799   699   699 F libc    : CANNOT LINK EXECUTABLE "/vendor/bin/slim_daemon": library "libloc_api_v02.so" not found
06-28 16:19:56.799   699   699 F libc    : Fatal signal 6 (SIGABRT), code -6 in tid 699 (slim_daemon), pid 699 (slim_daemon)
06-28 16:19:56.834   583   702 I /system/bin/storaged: storaged: Start
06-28 16:19:56.892   704   704 F DEBUG   : *** *** *** *** *** *** *** *** *** *** *** *** *** *** *** ***
06-28 16:19:56.892   704   704 F DEBUG   : Build fingerprint: 'Android/aosp_bullhead/bullhead:8.1.0/OPM1.171019.011/root12261705:user/test-keys'
06-28 16:19:56.892   704   704 F DEBUG   : Revision: 'rev_1.0'
06-28 16:19:56.892   704   704 F DEBUG   : ABI: 'arm64'
06-28 16:19:56.892   704   704 F DEBUG   : pid: 699, tid: 699, name: slim_daemon  >>> /vendor/bin/slim_daemon <<<
06-28 16:19:56.892   704   704 F DEBUG   : signal 6 (SIGABRT), code -6 (SI_TKILL), fault addr --------
06-28 16:19:56.893   704   704 F DEBUG   : Abort message: 'CANNOT LINK EXECUTABLE "/vendor/bin/slim_daemon": library "libloc_api_v02.so" not found'
06-28 16:19:56.893   704   704 F DEBUG   :     x0   0000000000000000  x1   00000000000002bb  x2   0000000000000006  x3   0000000000000008
06-28 16:19:56.893   704   704 F DEBUG   :     x4   0000000000000080  x5   0000000000000080  x6   0000000000000080  x7   0000000000000040
06-28 16:19:56.893   704   704 F DEBUG   :     x8   0000000000000083  x9   0000000010000000  x10  0000007fcf656330  x11  0000000000000001
06-28 16:19:56.894   704   704 F DEBUG   :     x12  0000000000000038  x13  0000000000000000  x14  0000000000000000  x15  002fa8074d261c54
06-28 16:19:56.894   704   704 F DEBUG   :     x16  0000000000000000  x17  0aee9c4ae7f63518  x18  62bf8f8e3e6a05ef  x19  00000000000002bb
06-28 16:19:56.894   704   704 F DEBUG   :     x20  00000000000002bb  x21  0000000000000083  x22  0000007fcf657698  x23  000000557ed059c8
06-28 16:19:56.894   704   704 F DEBUG   :     x24  00000076b7bfa3d8  x25  00000076b7d043d0  x26  00000076b7d047b0  x27  00000076b7d04000
06-28 16:19:56.894   704   704 F DEBUG   :     x28  0000007fcf657690  x29  0000007fcf656370  x30  00000076b7ca7ef4
06-28 16:19:56.894   704   704 F DEBUG   :     sp   0000007fcf656330  pc   00000076b7ca7f1c  pstate 0000000060000000
06-28 16:19:56.925   704   704 F DEBUG   : 
06-28 16:19:56.925   704   704 F DEBUG   : backtrace:
06-28 16:19:56.925   704   704 F DEBUG   :     #00 pc 000000000009df1c  /system/bin/linker64 (__dl_abort+120)
06-28 16:19:56.925   704   704 F DEBUG   :     #01 pc 000000000001cb4c  /system/bin/linker64 (__dl___linker_init+3628)
06-28 16:19:56.928   704   704 F DEBUG   :     #02 pc 0000000000022ff4  /system/bin/linker64 (_start+4)
06-28 16:19:56.955   710   710 F libc    : CANNOT LINK EXECUTABLE "/vendor/bin/slim_daemon": library "libloc_api_v02.so" not found
06-28 16:19:56.955   710   710 F libc    : Fatal signal 6 (SIGABRT), code -6 in tid 710 (slim_daemon), pid 710 (slim_daemon)
06-28 16:19:56.991   713   713 F DEBUG   : *** *** *** *** *** *** *** *** *** *** *** *** *** *** *** ***
06-28 16:19:56.991   713   713 F DEBUG   : Build fingerprint: 'Android/aosp_bullhead/bullhead:8.1.0/OPM1.171019.011/root12261705:user/test-keys'
06-28 16:19:56.992   713   713 F DEBUG   : Revision: 'rev_1.0'
06-28 16:19:56.992   713   713 F DEBUG   : ABI: 'arm64'
06-28 16:19:56.992   713   713 F DEBUG   : pid: 710, tid: 710, name: slim_daemon  >>> /vendor/bin/slim_daemon <<<
06-28 16:19:56.992   713   713 F DEBUG   : signal 6 (SIGABRT), code -6 (SI_TKILL), fault addr --------
06-28 16:19:56.993   713   713 F DEBUG   : Abort message: 'CANNOT LINK EXECUTABLE "/vendor/bin/slim_daemon": library "libloc_api_v02.so" not found'
06-28 16:19:56.993   713   713 F DEBUG   :     x0   0000000000000000  x1   00000000000002c6  x2   0000000000000006  x3   0000000000000008
06-28 16:19:56.993   713   713 F DEBUG   :     x4   0000000000000080  x5   0000000000000080  x6   0000000000000080  x7   0000000000000040
06-28 16:19:56.993   713   713 F DEBUG   :     x8   0000000000000083  x9   0000000010000000  x10  0000007fc40cee10  x11  0000000000000001
06-28 16:19:56.993   713   713 F DEBUG   :     x12  0000000000000038  x13  0000000000000000  x14  0000000000000000  x15  0038f5c7f577b4f0
06-28 16:19:56.993   713   713 F DEBUG   :     x16  0000000000000000  x17  0373d9620cd4c8e7  x18  4f6887cf271e0cc9  x19  00000000000002c6
06-28 16:19:56.993   713   713 F DEBUG   :     x20  00000000000002c6  x21  0000000000000083  x22  0000007fc40d0178  x23  000000558b97d9c8
06-28 16:19:56.993   713   713 F DEBUG   :     x24  000000760a6193d8  x25  000000760a7233d0  x26  000000760a7237b0  x27  000000760a723000
06-28 16:19:56.993   713   713 F DEBUG   :     x28  0000007fc40d0170  x29  0000007fc40cee50  x30  000000760a6c6ef4
06-28 16:19:56.995   713   713 F DEBUG   :     sp   0000007fc40cee10  pc   000000760a6c6f1c  pstate 0000000060000000
06-28 16:19:56.998   713   713 F DEBUG   : 
06-28 16:19:56.998   713   713 F DEBUG   : backtrace:
06-28 16:19:56.999   713   713 F DEBUG   :     #00 pc 000000000009df1c  /system/bin/linker64 (__dl_abort+120)
06-28 16:19:56.999   713   713 F DEBUG   :     #01 pc 000000000001cb4c  /system/bin/linker64 (__dl___linker_init+3628)
06-28 16:19:56.999   713   713 F DEBUG   :     #02 pc 0000000000022ff4  /system/bin/linker64 (_start+4)
06-28 16:19:57.082   716   716 F libc    : CANNOT LINK EXECUTABLE "/vendor/bin/slim_daemon": library "libloc_api_v02.so" not found
06-28 16:19:57.083   716   716 F libc    : Fatal signal 6 (SIGABRT), code -6 in tid 716 (slim_daemon), pid 716 (slim_daemon)
06-28 16:19:57.160   725   725 F DEBUG   : *** *** *** *** *** *** *** *** *** *** *** *** *** *** *** ***
06-28 16:19:57.160   725   725 F DEBUG   : Build fingerprint: 'Android/aosp_bullhead/bullhead:8.1.0/OPM1.171019.011/root12261705:user/test-keys'
06-28 16:19:57.160   725   725 F DEBUG   : Revision: 'rev_1.0'
06-28 16:19:57.160   725   725 F DEBUG   : ABI: 'arm64'
06-28 16:19:57.160   725   725 F DEBUG   : pid: 716, tid: 716, name: slim_daemon  >>> /vendor/bin/slim_daemon <<<
06-28 16:19:57.160   725   725 F DEBUG   : signal 6 (SIGABRT), code -6 (SI_TKILL), fault addr --------
06-28 16:19:57.176   725   725 F DEBUG   : Abort message: 'CANNOT LINK EXECUTABLE "/vendor/bin/slim_daemon": library "libloc_api_v02.so" not found'
06-28 16:19:57.176   725   725 F DEBUG   :     x0   0000000000000000  x1   00000000000002cc  x2   0000000000000006  x3   0000000000000008
06-28 16:19:57.176   725   725 F DEBUG   :     x4   0000000000000080  x5   0000000000000080  x6   0000000000000080  x7   0000000000000040
06-28 16:19:57.176   725   725 F DEBUG   :     x8   0000000000000083  x9   0000000010000000  x10  0000007fd9f1aae0  x11  0000000000000001
06-28 16:19:57.176   725   725 F DEBUG   :     x12  0000000000000038  x13  0000000000000000  x14  0000000000000000  x15  0004f0a155abeca4
06-28 16:19:57.176   725   725 F DEBUG   :     x16  0000000000000000  x17  00cab2316990103e  x18  938ef2e44f5dddbb  x19  00000000000002cc
06-28 16:19:57.176   725   725 F DEBUG   :     x20  00000000000002cc  x21  0000000000000083  x22  0000007fd9f1be48  x23  000000556400c9c8
06-28 16:19:57.176   725   725 F DEBUG   :     x24  000000700243c3d8  x25  00000070025463d0  x26  00000070025467b0  x27  0000007002546000
06-28 16:19:57.176   725   725 F DEBUG   :     x28  0000007fd9f1be40  x29  0000007fd9f1ab20  x30  00000070024e9ef4
06-28 16:19:57.176   725   725 F DEBUG   :     sp   0000007fd9f1aae0  pc   00000070024e9f1c  pstate 0000000060000000
06-28 16:19:57.178   725   725 F DEBUG   : 
06-28 16:19:57.178   725   725 F DEBUG   : backtrace:
06-28 16:19:57.178   725   725 F DEBUG   :     #00 pc 000000000009df1c  /system/bin/linker64 (__dl_abort+120)
06-28 16:19:57.178   725   725 F DEBUG   :     #01 pc 000000000001cb4c  /system/bin/linker64 (__dl___linker_init+3628)
06-28 16:19:57.178   725   725 F DEBUG   :     #02 pc 0000000000022ff4  /system/bin/linker64 (_start+4)
06-28 16:19:59.637   794   794 I SystemServer: InitBeforeStartServices
06-28 16:19:59.637   794   794 W SystemServer: Timezone not set; setting to GMT.
06-28 16:19:59.648   794   794 I SystemServer: Entered the Android system server!
06-28 16:19:59.882   794   794 I SystemServer: StartServices
06-28 16:19:59.882   794   794 I SystemServer: Reading configuration...
06-28 16:19:59.882   794   794 I SystemServer: ReadingSystemConfig
06-28 16:19:59.883   794   794 I SystemServer: StartInstaller
06-28 16:19:59.883   794   794 I SystemServiceManager: Starting com.android.server.pm.Installer
06-28 16:19:59.885   794   794 I SystemServer: DeviceIdentifiersPolicyService
06-28 16:19:59.885   794   794 I SystemServiceManager: Starting com.android.server.os.DeviceIdentifiersPolicyService
06-28 16:19:59.887   794   794 I SystemServer: StartActivityManager
06-28 16:19:59.887   794   794 I SystemServiceManager: Starting com.android.server.am.ActivityManagerService$Lifecycle
06-28 16:19:59.912   794   794 I ActivityManager: Memory class: 192
06-28 16:19:59.948   794   794 D BatteryStatsImpl: Reading daily items from /data/system/batterystats-daily.xml
06-28 16:19:59.953   794   881 E BatteryExternalStatsWorker: no controller energy info supplied for telephony
06-28 16:19:59.956   794   881 E KernelUidCpuFreqTimeReader: Failed to read /proc/uid_time_in_state: java.io.FileNotFoundException: /proc/uid_time_in_state (No such file or directory)
06-28 16:19:59.957   794   881 E KernelCpuSpeedReader: Failed to read cpu-freq: /sys/devices/system/cpu/cpu4/cpufreq/stats/time_in_state (No such file or directory)
06-28 16:19:59.960   794   881 W KernelMemoryBandwidthStats: No kernel memory bandwidth stats available
06-28 16:20:00.052   794   794 I AppOps  : No existing app ops /data/system/appops.xml; starting empty
06-28 16:20:00.059   794   794 I IntentFirewall: Read new rules (A:0 B:0 S:0)
06-28 16:20:00.076   794   794 D AppOps  : AppOpsService published
06-28 16:20:00.077   794   794 I SystemServer: StartPowerManager
06-28 16:20:00.077   794   794 I SystemServiceManager: Starting com.android.server.power.PowerManagerService
06-28 16:20:00.083   794   794 I SystemServer: InitPowerManagement
06-28 16:20:00.086   794   794 I SystemServer: StartRecoverySystemService
06-28 16:20:00.086   794   794 I SystemServiceManager: Starting com.android.server.RecoverySystemService
06-28 16:20:00.096   794   794 W RescueParty: Noticed 1 events for UID 0 in last 32 sec
06-28 16:20:00.096   794   794 I SystemServer: StartLightsService
06-28 16:20:00.096   794   794 I SystemServiceManager: Starting com.android.server.lights.LightsService
06-28 16:20:00.096   794   794 I SystemServer: StartDisplayManager
06-28 16:20:00.096   794   794 I SystemServiceManager: Starting com.android.server.display.DisplayManagerService
06-28 16:20:00.102   794   887 E LocalDisplayAdapter: Default and active color mode is no longer available! Reverting to first available mode.
06-28 16:20:00.104   794   794 I SystemServer: WaitForDisplay
06-28 16:20:00.104   794   887 I DisplayManagerService: Display device added: DisplayDeviceInfo{"Built-in Screen": uniqueId="local:0", 1080 x 1920, modeId 1, defaultModeId 1, supportedModes [{id=1, width=1080, height=1920, fps=60.0}], colorMode -22, supportedColorModes [-22], HdrCapabilities android.view.Display$HdrCapabilities@1d6308, density 420, 422.03 x 424.069 dpi, appVsyncOff 2000000, presDeadline 11666667, touch INTERNAL, rotation 0, type BUILT_IN, state UNKNOWN, FLAG_DEFAULT_DISPLAY, FLAG_ROTATES_WITH_CONTENT, FLAG_SECURE, FLAG_SUPPORTS_PROTECTED_BUFFERS}
06-28 16:20:00.104   794   794 I SystemServiceManager: Starting phase 100
06-28 16:20:00.137   794   887 I DisplayManagerService: Display device changed state: "Built-in Screen", ON
06-28 16:20:00.137   794   794 I SystemServer: StartPackageManagerService
06-28 16:20:00.145   794   794 W FileUtils: Failed to chmod(/data/system/packages.list): android.system.ErrnoException: chmod failed: ENOENT (No such file or directory)
06-28 16:20:00.174   794   794 D SELinuxMMAC: Using policy file /system/etc/selinux/plat_mac_permissions.xml
06-28 16:20:00.179   794   794 D SELinuxMMAC: Using policy file /vendor/etc/selinux/nonplat_mac_permissions.xml
06-28 16:20:00.180   794   794 I PackageManager: No settings file; creating initial state
06-28 16:20:00.198   794   794 I PackageManager: /vendor/overlay/SysuiDarkTheme changed; collecting certs
06-28 16:20:00.231   794   794 W PackageManager: Failed to parse /system/framework/arm: Missing base APK in /system/framework/arm
06-28 16:20:00.231   794   794 W PackageManager: Failed to parse /system/framework/arm64: Missing base APK in /system/framework/arm64
06-28 16:20:00.232   794   794 W PackageManager: Failed to parse /system/framework/oat: Missing base APK in /system/framework/oat
06-28 16:20:00.300   794   794 I PackageManager: /system/framework/framework-res.apk changed; collecting certs
06-28 16:20:00.442   794   794 E PackageManager: Adding duplicate shared id: 1000 name=android
06-28 16:20:00.479   794   794 I PackageManager: /system/priv-app/CalendarProvider changed; collecting certs
06-28 16:20:00.493   794   794 E PackageManager: Adding duplicate user id: 10001 name=com.android.providers.calendar
06-28 16:20:00.501   794   794 I PackageManager: /system/priv-app/BackupRestoreConfirmation changed; collecting certs
06-28 16:20:00.523   794   794 I PackageManager: /system/priv-app/CallLogBackup changed; collecting certs
06-28 16:20:00.539   794   794 E PackageManager: Adding duplicate user id: 10003 name=com.android.calllogbackup
06-28 16:20:00.549   794   794 I PackageManager: /system/priv-app/BlockedNumberProvider changed; collecting certs
06-28 16:20:00.557   794   902 W PackageParser: No actions in intent filter at /system/priv-app/Contacts/Contacts.apk Binary XML file line #443
06-28 16:20:00.563   794   794 E PackageManager: Adding duplicate user id: 10003 name=com.android.providers.blockednumber
06-28 16:20:00.575   794   794 I PackageManager: /system/priv-app/CarrierConfig changed; collecting certs
06-28 16:20:00.599   794   794 I PackageManager: /system/priv-app/ContactsProvider changed; collecting certs
06-28 16:20:00.619   794   794 E PackageManager: Adding duplicate user id: 10003 name=com.android.providers.contacts
06-28 16:20:00.629   794   794 I PackageManager: /system/priv-app/CellBroadcastReceiver changed; collecting certs
06-28 16:20:00.673   794   794 I PackageManager: /system/priv-app/DefaultContainerService changed; collecting certs
06-28 16:20:00.693   794   794 I PackageManager: /system/priv-app/CtsShimPrivPrebuilt changed; collecting certs
06-28 16:20:00.714   794   794 I PackageManager: /system/priv-app/Contacts changed; collecting certs
06-28 16:20:00.752   794   794 I PackageManager: /system/priv-app/DocumentsUI changed; collecting certs
06-28 16:20:00.770   794   794 I PackageManager: /system/priv-app/DownloadProvider changed; collecting certs
06-28 16:20:00.779   794   794 E PackageManager: Adding duplicate user id: 10010 name=com.android.providers.downloads
06-28 16:20:00.791   794   794 I PackageManager: /system/priv-app/Dialer changed; collecting certs
06-28 16:20:00.847   794   794 I PackageManager: /system/priv-app/ExtServices changed; collecting certs
06-28 16:20:00.861   794   794 I PackageManager: /system/priv-app/ExternalStorageProvider changed; collecting certs
06-28 16:20:00.878   794   794 I PackageManager: /system/priv-app/EmergencyInfo changed; collecting certs
06-28 16:20:00.905   794   794 E PackageManager: Adding duplicate user id: 10014 name=com.android.emergency
06-28 16:20:00.912   794   794 I PackageManager: /system/priv-app/FusedLocation changed; collecting certs
06-28 16:20:00.921   794   794 E PackageManager: Adding duplicate shared id: 1000 name=com.android.location.fused
06-28 16:20:00.928   794   794 I PackageManager: /system/priv-app/InputDevices changed; collecting certs
06-28 16:20:00.938   794   902 W PackageParser: Ignoring duplicate uses-permissions/uses-permissions-sdk-m: android.permission.INSTALL_GRANT_RUNTIME_PERMISSIONS in package: com.android.shell at: Binary XML file line #106
06-28 16:20:00.939   794   794 E PackageManager: Adding duplicate shared id: 1000 name=com.android.inputdevices
06-28 16:20:00.950   794   794 I PackageManager: /system/priv-app/Launcher3 changed; collecting certs
06-28 16:20:00.969   794   794 I PackageManager: /system/priv-app/ManagedProvisioning changed; collecting certs
06-28 16:20:00.989   794   794 I PackageManager: /system/priv-app/MediaProvider changed; collecting certs
06-28 16:20:01.001   794   794 E PackageManager: Adding duplicate user id: 10010 name=com.android.providers.media
06-28 16:20:01.013   794   794 I PackageManager: /system/priv-app/MmsService changed; collecting certs
06-28 16:20:01.027   794   794 E PackageManager: Adding duplicate shared id: 1001 name=com.android.mms.service
06-28 16:20:01.037   794   794 I PackageManager: /system/priv-app/MtpDocumentsProvider changed; collecting certs
06-28 16:20:01.052   794   794 E PackageManager: Adding duplicate user id: 10010 name=com.android.mtp
06-28 16:20:01.056   794   902 W PackageParser: Ignoring duplicate uses-permissions/uses-permissions-sdk-m: android.permission.CONFIGURE_WIFI_DISPLAY in package: com.android.systemui at: Binary XML file line #131
06-28 16:20:01.061   794   794 I PackageManager: /system/priv-app/MusicFX changed; collecting certs
06-28 16:20:01.077   794   794 I PackageManager: /system/priv-app/OneTimeInitializer changed; collecting certs
06-28 16:20:01.092   794   794 I PackageManager: /system/priv-app/Provision changed; collecting certs
06-28 16:20:01.109   794   794 I PackageManager: /system/priv-app/PackageInstaller changed; collecting certs
06-28 16:20:01.141   794   794 I PackageManager: /system/priv-app/ProxyHandler changed; collecting certs
06-28 16:20:01.157   794   794 I PackageManager: /system/priv-app/SettingsProvider changed; collecting certs
06-28 16:20:01.166   794   794 E PackageManager: Adding duplicate shared id: 1000 name=com.android.providers.settings
06-28 16:20:01.172   794   794 I PackageManager: /system/priv-app/SharedStorageBackup changed; collecting certs
06-28 16:20:01.186   794   794 I PackageManager: /system/priv-app/Shell changed; collecting certs
06-28 16:20:01.195   794   794 E PackageManager: Adding duplicate shared id: 2000 name=com.android.shell
06-28 16:20:01.204   794   794 I PackageManager: /system/priv-app/StatementService changed; collecting certs
06-28 16:20:01.217   794   794 I PackageManager: /system/priv-app/StorageManager changed; collecting certs
06-28 16:20:01.244   794   794 I PackageManager: /system/priv-app/Tag changed; collecting certs
06-28 16:20:01.258   794   794 I PackageManager: /system/priv-app/SystemUI changed; collecting certs
06-28 16:20:01.311   794   794 E PackageManager: Adding duplicate user id: 10026 name=com.android.systemui
06-28 16:20:01.324   794   794 I PackageManager: /system/priv-app/Settings changed; collecting certs
06-28 16:20:01.466   794   794 E PackageManager: Adding duplicate shared id: 1000 name=com.android.settings
06-28 16:20:01.477   794   794 I PackageManager: /system/priv-app/TeleService changed; collecting certs
06-28 16:20:01.513   794   794 E PackageManager: Adding duplicate shared id: 1001 name=com.android.phone
06-28 16:20:01.527   794   794 I PackageManager: /system/priv-app/VpnDialogs changed; collecting certs
06-28 16:20:01.544   794   794 I PackageManager: /system/priv-app/TelephonyProvider changed; collecting certs
06-28 16:20:01.553   794   794 E PackageManager: Adding duplicate shared id: 1001 name=com.android.providers.telephony
06-28 16:20:01.561   794   794 I PackageManager: /system/priv-app/WallpaperCropper changed; collecting certs
06-28 16:20:01.576   794   794 I PackageManager: /system/priv-app/Telecom changed; collecting certs
06-28 16:20:01.598   794   794 E PackageManager: Adding duplicate shared id: 1000 name=com.android.server.telecom
06-28 16:20:01.629   794   794 I PackageManager: /system/app/BasicDreams changed; collecting certs
06-28 16:20:01.650   794   924 W PackageParser: Ignoring duplicate uses-permissions/uses-permissions-sdk-m: android.permission.READ_CONTACTS in package: com.android.bluetooth at: Binary XML file line #61
06-28 16:20:01.656   794   924 W PackageParser: No actions in intent filter at /system/app/Bluetooth/Bluetooth.apk Binary XML file line #225
06-28 16:20:01.663   794   794 I PackageManager: /system/app/BookmarkProvider changed; collecting certs
06-28 16:20:01.684   794   925 W PackageParser: No actions in intent filter at /system/app/CarrierDefaultApp/CarrierDefaultApp.apk Binary XML file line #50
06-28 16:20:01.684   794   794 I PackageManager: /system/app/BluetoothMidiService changed; collecting certs
06-28 16:20:01.702   794   794 I PackageManager: /system/app/Browser2 changed; collecting certs
06-28 16:20:01.738   794   794 I PackageManager: /system/app/BuiltInPrintService changed; collecting certs
06-28 16:20:01.760   794   923 W PackageParser: Ignoring duplicate uses-permissions/uses-permissions-sdk-m: android.permission.WRITE_CONTACTS in package: com.android.email at: Binary XML file line #40
06-28 16:20:01.763   794   794 I PackageManager: /system/app/Bluetooth changed; collecting certs
06-28 16:20:01.776   794   794 E PackageManager: Adding duplicate shared id: 1002 name=com.android.bluetooth
06-28 16:20:01.786   794   794 I PackageManager: /system/app/BullheadLayout changed; collecting certs
06-28 16:20:01.802   794   794 I PackageManager: /system/app/CarrierDefaultApp changed; collecting certs
06-28 16:20:01.818   794   794 I PackageManager: /system/app/Calendar changed; collecting certs
06-28 16:20:01.842   794   794 I PackageManager: /system/app/CaptivePortalLogin changed; collecting certs
06-28 16:20:01.865   794   794 I PackageManager: /system/app/Camera2 changed; collecting certs
06-28 16:20:01.909   794   794 I PackageManager: /system/app/CtsShimPrebuilt changed; collecting certs
06-28 16:20:01.924   794   794 I PackageManager: /system/app/CertInstaller changed; collecting certs
06-28 16:20:01.935   794   926 W PackageParser: Ignoring duplicate uses-permissions/uses-permissions-sdk-m: android.permission.CHANGE_WIFI_STATE in package: com.android.nfc at: Binary XML file line #47
06-28 16:20:01.935   794   926 W PackageParser: Ignoring duplicate uses-permissions/uses-permissions-sdk-m: android.permission.ACCESS_WIFI_STATE in package: com.android.nfc at: Binary XML file line #48
06-28 16:20:01.940   794   794 I PackageManager: /system/app/CompanionDeviceManager changed; collecting certs
06-28 16:20:01.962   794   794 I PackageManager: /system/app/EasterEgg changed; collecting certs
06-28 16:20:01.978   794   794 I PackageManager: /system/app/DeskClock changed; collecting certs
06-28 16:20:02.006   794   794 I PackageManager: /system/app/DownloadProviderUi changed; collecting certs
06-28 16:20:02.015   794   794 E PackageManager: Adding duplicate user id: 10010 name=com.android.providers.downloads.ui
